Microchip MPLAB XC8 Compiler V1.33 ()

Linker command line:

--edf=C:\Program Files (x86)\Microchip\xc8\v1.33\dat\en_msgs.txt -cs \
  -h+dist/xc8_pic18f4685/debug\Smart_Rf_PIC.debug.sym \
  --cmf=dist/xc8_pic18f4685/debug\Smart_Rf_PIC.debug.cmf -z -Q18F4685 \
  -oC:\Users\DWHITF~1.TDY\AppData\Local\Temp\s4t8.6 \
  -Mdist/xc8_pic18f4685/debug/Smart_Rf_PIC.debug.map -E1 -ver=XC8 \
  -ASTACK=05E2h-09ffh -pstack=STACK -ACODE=00h-017CFFh -ACONST=00h-017CFFh \
  -ASMALLCONST=0D00h-0DFFhx368 -AMEDIUMCONST=0D00h-0FFFFh,010D00h-017CFFh \
  -ACOMRAM=01h-05Fh -AABS1=00h-0CEEh -ABIGRAM=01h-0CEEh \
  -ARAM=060h-0FFh,0100h-01FFhx11,0C00h-0CEEh -ABANK0=060h-0FFh \
  -ABANK1=0100h-01FFh -ABANK2=0200h-02FFh -ABANK3=0300h-03FFh \
  -ABANK4=0400h-04FFh -ABANK5=0500h-05FFh -ABANK6=0600h-06FFh \
  -ABANK7=0700h-07FFh -ABANK8=0800h-08FFh -ABANK9=0900h-09FFh \
  -ABANK10=0A00h-0AFFh -ABANK11=0B00h-0BFFh -ABANK12=0C00h-0CEEh \
  -ASFR=0D00h-0DFFhx2,0F00h-0F5Fh,0F60h-0F9Bh,0F9Dh-0FD3h,0FD5h-0FDAh,0FE0h-0FE2h,0FE8h-0FEAh,0FF0h-0FFBh \
  -preset_vec=00h,intcode=08h,intcodelo=018h,powerup,init,end_init \
  -pramtop=0D00h -psmallconst=SMALLCONST -pmediumconst=MEDIUMCONST \
  -pconst=CONST -AFARRAM=00h-00h -ACONFIG=0300000h-030000Dh -pconfig=CONFIG \
  -AIDLOC=0200000h-0200007h -pidloc=IDLOC -AEEDATA=0F00000h-0F003FFh \
  -peeprom_data=EEDATA \
  -prdata=COMRAM,nvrram=COMRAM,nvbit=COMRAM,rbss=COMRAM,rbit=COMRAM \
  -pfarbss=FARRAM,fardata=FARRAM,nvFARRAM=FARRAM \
  -pintsave_regs=BIGRAM,bigbss=BIGRAM,bigdata=BIGRAM -pbss=RAM \
  -pidata=CODE,irdata=CODE,ibigdata=CODE,ifardata=CODE \
  C:\Users\DWHITF~1.TDY\AppData\Local\Temp\s4t8.obj \
  dist/xc8_pic18f4685/debug\Smart_Rf_PIC.debug.obj 

Object code version is 3.11

Machine type is 18F4685

Call graph: (short form)




                Name                               Link     Load   Length Selector   Space Scale
C:\Users\DWHITF~1.TDY\AppData\Local\Temp\s4t8.obj
                end_init                            390      390        4        C       0
                reset_vec                             0        0        6        0       0
                idloc                            200000   200000        8   200000       0
                config                           300000   300000        E   300000       0
dist/xc8_pic18f4685/debug\Smart_Rf_PIC.debug.obj
                intcodelo                            18       18      378        C       0
                intcode                               8        8       10        4       0
                mediumconst                        ED48     ED48     12B8     76A4       0
                intcode_body                      1751C    1751C       66     8000       0
                text95                            17C42    17C42       14     8000       0
                text94                            17942    17942       3C     8000       0
                text93                            168FC    168FC       98     8000       0
                text92                            17830    17830       4C     8000       0
                text91                            17AD6    17AD6       2E     8000       0
                text90                            1685A    1685A       A2     8000       0
                text89                            17C04    17C04       16     8000       0
                text88                            17C86    17C86        E     8000       0
                text87                            1744A    1744A       6A     8000       0
                text86                            17AA8    17AA8       2E     8000       0
                text85                            17B82    17B82       26     8000       0
                text84                            1787C    1787C       48     8000       0
                text83                            173E0    173E0       6A     8000       0
                text82                            16BE0    16BE0       90     8000       0
                text80                            16EA2    16EA2       86     8000       0
                text79                            14CD4    14CD4      1FC     8000       0
                text78                            17BCC    17BCC       1E     8000       0
                text77                            175E2    175E2       60     8000       0
                text76                            1702A    1702A       80     8000       0
                text75                            1666C    1666C       A6     8000       0
                text74                            174B4    174B4       68     8000       0
                text73                            176A0    176A0       58     8000       0
                text72                            16458    16458       B8     8000       0
                text71                            14A8C    14A8C      248     8000       0
                text70                            17220    17220       76     8000       0
                text69                            17904    17904       3E     8000       0
                text68                            16114    16114       DA     8000       0
                text67                            17BEA    17BEA       1A     8000       0
                text66                            171A4    171A4       7C     8000       0
                text65                            179B4    179B4       34     8000       0
                text64                            178C4    178C4       40     8000       0
                text63                            13B1E    13B1E      52A     8000       0
                text62                            17A4A    17A4A       30     8000       0
                text61                            17376    17376       6A     8000       0
                text60                            17C56    17C56       12     8000       0
                text59                            16D8C    16D8C       8C     8000       0
                text58                            16036    16036       DE     8000       0
                text57                            17BA8    17BA8       24     8000       0
                text56                            17748    17748       50     8000       0
                text55                            17B30    17B30       2A     8000       0
                text54                            15E6E    15E6E       E6     8000       0
                text53                            165C0    165C0       AC     8000       0
                text52                            16510    16510       B0     8000       0
                text51                            15F54    15F54       E2     8000       0
                text50                            16394    16394       C4     8000       0
                text49                            147C8    147C8      2C4     8000       0
                text48                            16B4E    16B4E       92     8000       0
                text47                            16ABC    16ABC       92     8000       0
                text46                            16A2A    16A2A       92     8000       0
                text45                            15C98    15C98       EE     8000       0
                text44                            177E4    177E4       4C     8000       0
                text43                            17798    17798       4C     8000       0
                text42                            16E18    16E18       8A     8000       0
                text41                            17296    17296       74     8000       0
                text40                            17A1A    17A1A       30     8000       0
                text39                            161EE    161EE       D4     8000       0
                text38                            17C78    17C78        E     8000       0
                text37                            15088    15088      1B8     8000       0
                text36                            16FAA    16FAA       80     8000       0
                text35                            167B6    167B6       A4     8000       0
                text34                            1797E    1797E       36     8000       0
                text33                            17B04    17B04       2C     8000       0
                text32                            128D8    128D8      CFC     8000       0
                text31                            1445C    1445C      36C     8000       0
                text30                            15B8E    15B8E      10A     8000       0
                text29                            156C2    156C2      158     8000       0
                text28                            1554C    1554C      176     8000       0
                text27                            153D0    153D0      17C     8000       0
                text26                            179E8    179E8       32     8000       0
                text25                            15D86    15D86       E8     8000       0
                text24                            162C2    162C2       D2     8000       0
                text23                            15A74    15A74      11A     8000       0
                text22                            16994    16994       96     8000       0
                text21                            14ED0    14ED0      1B8     8000       0
                text20                            170AA    170AA       7E     8000       0
                text19                            17128    17128       7C     8000       0
                text18                            17582    17582       60     8000       0
                text17                            17A7A    17A7A       2E     8000       0
                text16                            16CFE    16CFE       8E     8000       0
                text15                            10000    10000     28D8     8000       0
                text14                            17CA8    17CA8        6     8000       0
                text13                            17C94    17C94        C     8000       0
                text12                            16712    16712       A4     8000       0
                text11                            17642    17642       5E     8000       0
                text10                            17C2E    17C2E       14     8000       0
                text9                             135D4    135D4      54A     8000       0
                text8                             15240    15240      190     8000       0
                text7                             1730A    1730A       6C     8000       0
                text6                             17B5A    17B5A       28     8000       0
                text5                             15950    15950      124     8000       0
                text4                             176F8    176F8       50     8000       0
                text3                             16F28    16F28       82     8000       0
                text2                             17C68    17C68       10     8000       0
                text1                             1581A    1581A      136     8000       0
                text0                             14048    14048      414     8000       0
                cstackCOMRAM                          1        1       26        1       1
                cstackBANK0                          60       60       78       60       1
                cstackBANK1                         100      100       8C      100       1
                cstackBANK2                         200      200       43      200       1
                cstackBANK5                         500      500       E2      500       1
                bssBANK4                            400      400       64      400       1
                dataBANK3                           3C8      3C8       14      300       1
                bssBANK3                            300      300       C8      300       1
                bssBANK2                            243      243       10      200       1
                dataBANK1                           1EA      1EA        8      100       1
                bssBANK1                            18C      18C       5E      100       1
                bssBANK0                             D8       D8       22       60       1
                bssCOMRAM                            27       27       20        1       1
                cinit                             16C70    16C70       8E     8000       0
                idataBANK3                        17C1A    17C1A       14     8000       0
                idataBANK1                        17CA0    17CA0        8     8000       0

TOTAL           Name                               Link     Load   Length     Space
        CLASS   STACK          

        CLASS   CODE           
                end_init                            390      390        4         0
                intcodelo                            18       18      378         0
                intcode                               8        8       10         0
                reset_vec                             0        0        6         0
                intcode_body                      1751C    1751C       66         0
                text95                            17C42    17C42       14         0
                text94                            17942    17942       3C         0
                text93                            168FC    168FC       98         0
                text92                            17830    17830       4C         0
                text91                            17AD6    17AD6       2E         0
                text90                            1685A    1685A       A2         0
                text89                            17C04    17C04       16         0
                text88                            17C86    17C86        E         0
                text87                            1744A    1744A       6A         0
                text86                            17AA8    17AA8       2E         0
                text85                            17B82    17B82       26         0
                text84                            1787C    1787C       48         0
                text83                            173E0    173E0       6A         0
                text82                            16BE0    16BE0       90         0
                text80                            16EA2    16EA2       86         0
                text79                            14CD4    14CD4      1FC         0
                text78                            17BCC    17BCC       1E         0
                text77                            175E2    175E2       60         0
                text76                            1702A    1702A       80         0
                text75                            1666C    1666C       A6         0
                text74                            174B4    174B4       68         0
                text73                            176A0    176A0       58         0
                text72                            16458    16458       B8         0
                text71                            14A8C    14A8C      248         0
                text70                            17220    17220       76         0
                text69                            17904    17904       3E         0
                text68                            16114    16114       DA         0
                text67                            17BEA    17BEA       1A         0
                text66                            171A4    171A4       7C         0
                text65                            179B4    179B4       34         0
                text64                            178C4    178C4       40         0
                text63                            13B1E    13B1E      52A         0
                text62                            17A4A    17A4A       30         0
                text61                            17376    17376       6A         0
                text60                            17C56    17C56       12         0
                text59                            16D8C    16D8C       8C         0
                text58                            16036    16036       DE         0
                text57                            17BA8    17BA8       24         0
                text56                            17748    17748       50         0
                text55                            17B30    17B30       2A         0
                text54                            15E6E    15E6E       E6         0
                text53                            165C0    165C0       AC         0
                text52                            16510    16510       B0         0
                text51                            15F54    15F54       E2         0
                text50                            16394    16394       C4         0
                text49                            147C8    147C8      2C4         0
                text48                            16B4E    16B4E       92         0
                text47                            16ABC    16ABC       92         0
                text46                            16A2A    16A2A       92         0
                text45                            15C98    15C98       EE         0
                text44                            177E4    177E4       4C         0
                text43                            17798    17798       4C         0
                text42                            16E18    16E18       8A         0
                text41                            17296    17296       74         0
                text40                            17A1A    17A1A       30         0
                text39                            161EE    161EE       D4         0
                text38                            17C78    17C78        E         0
                text37                            15088    15088      1B8         0
                text36                            16FAA    16FAA       80         0
                text35                            167B6    167B6       A4         0
                text34                            1797E    1797E       36         0
                text33                            17B04    17B04       2C         0
                text32                            128D8    128D8      CFC         0
                text31                            1445C    1445C      36C         0
                text30                            15B8E    15B8E      10A         0
                text29                            156C2    156C2      158         0
                text28                            1554C    1554C      176         0
                text27                            153D0    153D0      17C         0
                text26                            179E8    179E8       32         0
                text25                            15D86    15D86       E8         0
                text24                            162C2    162C2       D2         0
                text23                            15A74    15A74      11A         0
                text22                            16994    16994       96         0
                text21                            14ED0    14ED0      1B8         0
                text20                            170AA    170AA       7E         0
                text19                            17128    17128       7C         0
                text18                            17582    17582       60         0
                text17                            17A7A    17A7A       2E         0
                text16                            16CFE    16CFE       8E         0
                text15                            10000    10000     28D8         0
                text14                            17CA8    17CA8        6         0
                text13                            17C94    17C94        C         0
                text12                            16712    16712       A4         0
                text11                            17642    17642       5E         0
                text10                            17C2E    17C2E       14         0
                text9                             135D4    135D4      54A         0
                text8                             15240    15240      190         0
                text7                             1730A    1730A       6C         0
                text6                             17B5A    17B5A       28         0
                text5                             15950    15950      124         0
                text4                             176F8    176F8       50         0
                text3                             16F28    16F28       82         0
                text2                             17C68    17C68       10         0
                text1                             1581A    1581A      136         0
                text0                             14048    14048      414         0
                cinit                             16C70    16C70       8E         0
                idataBANK3                        17C1A    17C1A       14         0
                idataBANK1                        17CA0    17CA0        8         0

        CLASS   CONST          

        CLASS   SMALLCONST     

        CLASS   MEDIUMCONST    
                mediumconst                        ED48     ED48     12B8         0

        CLASS   COMRAM         
                cstackCOMRAM                          1        1       26         1
                bssCOMRAM                            27       27       20         1

        CLASS   ABS1           

        CLASS   BIGRAM         

        CLASS   RAM            

        CLASS   BANK0          
                cstackBANK0                          60       60       78         1
                bssBANK0                             D8       D8       22         1

        CLASS   BANK1          
                cstackBANK1                         100      100       8C         1
                dataBANK1                           1EA      1EA        8         1
                bssBANK1                            18C      18C       5E         1

        CLASS   BANK2          
                cstackBANK2                         200      200       43         1
                bssBANK2                            243      243       10         1

        CLASS   BANK3          
                dataBANK3                           3C8      3C8       14         1
                bssBANK3                            300      300       C8         1

        CLASS   BANK4          
                bssBANK4                            400      400       64         1

        CLASS   BANK5          
                cstackBANK5                         500      500       E2         1

        CLASS   BANK6          

        CLASS   BANK7          

        CLASS   BANK8          

        CLASS   BANK9          

        CLASS   BANK10         

        CLASS   BANK11         

        CLASS   BANK12         

        CLASS   SFR            

        CLASS   FARRAM         

        CLASS   CONFIG         
                config                           300000   300000        E         0

        CLASS   IDLOC          
                idloc                            200000   200000        8         0

        CLASS   EEDATA         



SEGMENTS        Name                           Load    Length   Top    Selector   Space  Class

                reset_vec                      000000  000006  000006         0       0  CODE    
                cstackCOMRAM                   000001  000046  000047         1       1  COMRAM  
                intcode                        000008  000010  000018         4       0  CODE    
                intcodelo                      000018  00037C  000394         C       0  CODE    
                cstackBANK0                    000060  00009A  0000FA        60       1  BANK0   
                cstackBANK1                    000100  0000F2  0001F2       100       1  BANK1   
                cstackBANK2                    000200  000053  000253       200       1  BANK2   
                bssBANK3                       000300  0000DC  0003DC       300       1  BANK3   
                bssBANK4                       000400  000064  000464       400       1  BANK4   
                cstackBANK5                    000500  0000E2  0005E2       500       1  BANK5   
                mediumconst                    00ED48  0012B8  010000      76A4       0  MEDIUMCO
                text15                         010000  007CAE  017CAE      8000       0  CODE    
                idloc                          200000  000008  200008    200000       0  IDLOC   
                config                         300000  00000E  30000E    300000       0  CONFIG  


UNUSED ADDRESS RANGES

        Name                Unused          Largest block    Delta
        BANK0            0000FA-0000FF                6
        BANK1            0001F2-0001FF                E
        BANK10           000A00-000AFF              100
        BANK11           000B00-000BFF              100
        BANK12           000C00-000CEE               EF
        BANK2            000253-0002FF               AD
        BANK3            0003DC-0003FF               24
        BANK4            000464-0004FF               9C
        BANK5            0005E2-0005FF               1E
        BANK6            000600-0006FF              100
        BANK7            000700-0007FF              100
        BANK8            000800-0008FF              100
        BANK9            000900-0009FF              100
        BIGRAM           000047-00005F               19
                         0000FA-0000FF                6
                         0001F2-0001FF                E
                         000253-0002FF               AD
                         0003DC-0003FF               24
                         000464-0004FF               9C
                         0005E2-000CEE              70D
        CODE             000006-000007                2
                         000394-00ED47             E9B4
                         017CAE-017CFF               52
        COMRAM           000047-00005F               19
        CONST            000006-000007                2
                         000394-00ED47             E9B4
                         017CAE-017CFF               52
        EEDATA           F00000-F003FF              400
        MEDIUMCONST      000D00-00ED47             E048
                         017CAE-017CFF               52
        RAM              0000FA-0000FF                6
                         0001F2-0001FF                E
                         000253-0002FF               AD
                         0003DC-0003FF               24
                         000464-0004FF               9C
                         0005E2-000CEE              100
        SFR              000D00-000F9B              100
                         000F9D-000FD3               37
                         000FD5-000FDA                6
                         000FE0-000FE2                3
                         000FE8-000FEA                3
                         000FF0-000FFB                C
        SMALLCONST       000D00-00ED47              100
                         017CAE-017CFF               52
        STACK            0005E2-0009FF              41E

                                  Symbol Table

?_GetEnteredNumber                     cstackBANK1  00011A
?_I2C_Read_At_Address                  cstackBANK1  000111
?_InternalADC_Read                     cstackBANK1  00011D
?___aldiv                              cstackBANK1  000114
?___awdiv                              cstackBANK1  00010E
?___awmod                              cstackBANK1  00010E
?___ftdiv                              cstackBANK1  00011A
?___ftmul                              cstackBANK1  000129
?___ftpack                             cstackBANK1  00010E
?___fttol                              cstackBANK1  000138
?___lbtoft                             cstackBANK1  000116
?___lldiv                              cstackBANK1  00010E
?___llmod                              cstackBANK1  00011B
?___lmul                               cstackBANK1  00010E
?___lwmod                              cstackBANK1  00010E
?___lwtoft                             cstackBANK1  000116
?___wmul                               cstackBANK1  00010E
?_sprintf                              cstackBANK1  000124
BufferCopy@count                       cstackBANK1  00011A
BufferCopy@from                        cstackBANK1  000116
BufferCopy@i                           cstackBANK1  00011C
BufferCopy@shift                       cstackBANK1  00011B
BufferCopy@to                          cstackBANK1  000118
CheckSum_byte@Odd_Even                 cstackBANK1  000110
CheckSum_byte@Parity                   cstackBANK1  000113
CheckSum_byte@This                     cstackBANK1  00010E
CheckSum_byte@ThisTemp                 cstackBANK1  000111
CheckSum_byte@i                        cstackBANK1  000114
Command@ADC_Value                      cstackBANK5  0005C8
Command@BAUDtemp                       cstackBANK5  0005CE
Command@Input                          cstackBANK1  000188
Command@PARITYtemp                     cstackBANK5  0005D4
Command@RTC_Battery_Value              cstackBANK5  0005CA
Command@RTC_Battery_Value_HIGH_decimal cstackBANK5  0005CC
Command@RTC_Battery_Value_LOW_decimal  cstackBANK5  0005D2
Command@buf                            cstackBANK5  000500
Command@channel                        cstackBANK5  0005DA
Command@contrast                       cstackBANK5  0005D8
Command@duty                           cstackBANK5  0005DC
Command@tempLONG                       cstackBANK5  0005DE
EnableInternalADC@channels             cstackBANK1  00010F
EnableInternalADC@config               cstackBANK1  00010E
GetEnteredNumber@This                  cstackBANK1  00011A
GetEnteredNumber@i                     cstackBANK1  000123
GetEnteredNumber@negative              cstackBANK1  000124
GetEnteredNumber@temp                  cstackBANK1  000125
I2C_Read_At_Address@I2Caddress         cstackBANK1  000113
I2C_Read_At_Address@Register           cstackBANK1  000111
I2C_Read_Sequential@I2Caddress         cstackBANK1  000117
I2C_Read_Sequential@Register           cstackBANK1  000113
I2C_Read_Sequential@length             cstackBANK1  000116
I2C_Read_Sequential@rdptr              cstackBANK1  000114
I2C_Write_At_Address@I2Caddress        cstackBANK1  000115
I2C_Write_At_Address@Register          cstackBANK1  000111
I2C_Write_At_Address@data              cstackBANK1  000112
ISNUMBER@ascii                         cstackBANK1  00010E
InitUART@Baud                          cstackBANK1  00011B
InitUART@baudconfig                    cstackBANK1  000126
InitUART@config                        cstackBANK1  000127
InitUART@parity                        cstackBANK1  00011F
InitUART@spbrg                         cstackBANK1  000124
InitUART@temp                          cstackBANK1  000128
Init_I2C_Master@baud                   cstackBANK1  000110
InternalADC_Read@channel               cstackBANK1  000121
LCDPrintChar@character                 cstackBANK1  00011C
LCDPrintString@Text                    cstackBANK1  00011C
LCDPrintString@c                       cstackBANK1  00011E
LCD_Scroll@This                        cstackBANK1  00011D
LCDdisplayFeedback@Text                cstackBANK1  000120
Multiple_I2C_Read@length               cstackBANK1  000111
Multiple_I2C_Read@rdptr                cstackBANK1  00010F
One_Config1@pin                        cstackBANK1  000118
One_Config2@pin                        cstackBANK1  000118
OpenI2C@slew                           cstackBANK1  00010E
OpenI2C@sync_mode                      cstackBANK1  00010F
OpenUSART@config                       cstackBANK1  000113
OpenUSART@spbrg                        cstackBANK1  00010E
Parse_Time@TempTime                    cstackBANK1  000112
Parse_Time@This                        cstackBANK1  00010E
Parse_Time@temp                        cstackBANK1  000111
READ_RTC_TIME@Error                    cstackBANK1  00011F
READ_RTC_TIME@temp                     cstackBANK1  000118
RTC_Clock_Enable@Error                 cstackBANK1  00011A
RTC_Clock_Enable@tempSeconds           cstackBANK1  000118
RTC_TIME_NONMilitary@Error             cstackBANK1  000119
RTC_TIME_NONMilitary@temphours         cstackBANK1  00011B
ReadUSART@data                         cstackBANK1  00010E
RemoveSpaces@That                      cstackBANK1  00011F
RemoveSpaces@This                      cstackBANK1  00011D
RemoveSpaces@address                   cstackBANK1  000183
RemoveSpaces@i                         cstackBANK1  000185
SET_RTC_TIME@Error                     cstackBANK1  00012A
SET_RTC_TIME@SetTime                   cstackBANK1  000116
SET_RTC_TIME@temp                      cstackBANK1  000123
SendLCDbyte@LSB_nibble                 cstackBANK1  00011B
SendLCDbyte@MSB_nibble                 cstackBANK1  00011A
SendLCDbyte@data                       cstackBANK1  000119
SendLCDbyte@isCommand                  cstackBANK1  000118
Send_Config1@data                      cstackBANK1  000119
Send_Config1@i                         cstackBANK1  00011E
Send_Config1@pin                       cstackBANK1  00011F
Send_Config2@data                      cstackBANK1  000119
Send_Config2@i                         cstackBANK1  00011E
Send_Config2@pin                       cstackBANK1  00011D
SetBaud@Baud                           cstackBANK1  00014E
SetBaud@Baudtemp                       cstackBANK2  000233
SetBaud@Parity                         cstackBANK1  000152
SetBaud@Paritytemp                     cstackBANK2  000237
SetBaud@buf                            cstackBANK2  000200
SetBaud@i                              cstackBANK2  000232
SetBaud@temp                           cstackBANK2  00023B
SetContrast@Duty                       cstackBANK1  000152
SetContrast@LSB                        cstackBANK1  00014F
SetContrast@MSB                        cstackBANK1  00014E
SetContrast@temp                       cstackBANK1  000150
SetContrast@tempPR2                    cstackBANK1  00014B
SetDuty@Duty                           cstackBANK1  00014B
SetDuty@LSB                            cstackBANK1  000150
SetDuty@MSB                            cstackBANK1  00014F
SetDuty@temp                           cstackBANK1  000151
SetDuty@tempPR2                        cstackBANK1  00014C
SetFreq@freq                           cstackBANK1  000122
SetFreq@temp                           cstackBANK1  000128
SetLCDcursor@Col                       cstackBANK1  00011C
SetLCDcursor@Row                       cstackBANK1  00011D
SetLCDcursor@address                   cstackBANK1  00011E
SprintDate@DisplayTime                 cstackBANK1  000150
SprintDate@Military                    cstackBANK1  000159
SprintDate@ReturnBuf                   cstackBANK1  00014E
StartsWith@That                        cstackBANK1  000110
StartsWith@This                        cstackBANK1  00010E
StringAddEqual@Input                   cstackBANK1  00011D
StringAddEqual@firstnumber             cstackBANK1  000185
StringAddEqual@i                       cstackBANK1  000186
StringAddEqual@j                       cstackBANK1  000187
StringAddEqual@temp                    cstackBANK1  000121
StringContains@That                    cstackBANK1  000110
StringContains@This                    cstackBANK1  00010E
StringMatch@That                       cstackBANK1  000110
StringMatch@This                       cstackBANK1  00010E
UARTchar@NinethBit_override            cstackBANK1  000115
UARTchar@NinethBit_override_data       cstackBANK1  000116
UARTchar@data                          cstackBANK1  000118
UARTstring@data                        cstackBANK1  000119
UARTstringWAIT@data                    cstackBANK1  000119
WriteI2C@data_out                      cstackBANK1  000110
WriteUSART@data                        cstackCOMRAM 000001
Zero_Config1@pin                       cstackBANK1  000118
Zero_Config2@pin                       cstackBANK1  000118
_ADCON0                                (abs)        000FC2
_ADCON1                                (abs)        000FC1
_ADCON2                                (abs)        000FC0
_ADRESH                                (abs)        000FC4
_ADRESL                                (abs)        000FC3
_Aux2OFF                               mediumconst  00EE21
_Aux2ON                                mediumconst  00EE31
_AuxOFF                                mediumconst  00EE41
_AuxON                                 mediumconst  00EE51
_BAUD                                  dataBANK1    0001EA
_BAUDCON                               (abs)        000FB8
_BedOFF                                mediumconst  00EE61
_BedON                                 mediumconst  00EE71
_BufferCopy                            text72       016458
_CCP1CON                               (abs)        000FBD
_CCPR1L                                (abs)        000FBE
_CheckSum_byte                         text77       0175E2
_ClearLCD                              text67       017BEA
_Command                               text15       010000
_ConfigureOscillator                   text14       017CA8
_ContrastPWM_init                      text13       017C94
_ECCP1CON                              (abs)        000FBA
_ECCPR1L                               (abs)        000FBB
_EnableInternalADC                     text12       016712
_GetEnteredNumber                      text79       014CD4
_I2C_Read_At_Address                   text5        015950
_I2C_Read_Sequential                   text58       016036
_I2C_Write_At_Address                  text52       016510
_INTCONbits                            (abs)        000FF2
_IPR1bits                              (abs)        000F9F
_ISNUMBER                              text78       017BCC
_IdleI2C                               text60       017C56
_InitApp                               text11       017642
_InitUART                              text37       015088
_Init_I2C_Master                       text56       017748
_InternalADC_Read                      text74       0174B4
_LATA                                  (abs)        000F89
_LATC                                  (abs)        000F8B
_LATD                                  (abs)        000F8C
_LATE                                  (abs)        000F8D
_LCDPrintChar                          text10       017C2E
_LCDPrintString                        text66       0171A4
_LCDScreenUpdate                       text9        0135D4
_LCD_Scroll                            text71       014A8C
_LCDclearCount                         dataBANK1    0001EE
_LCDdisplayFeedback                    text64       0178C4
_LCDwait                               bssBANK1     000195
_Multiple_I2C_Read                     text61       017376
_NowTime                               bssBANK1     00018C
_OSCCON                                (abs)        000FD3
_One_Config1                           text48       016B4E
_One_Config2                           text44       0177E4
_OpenI2C                               text57       017BA8
_OpenUSART                             text41       017296
_PARITY                                bssBANK1     000196
_PIE1                                  (abs)        000F9D
_PIE1bits                              (abs)        000F9D
_PIR1bits                              (abs)        000F9E
_PIR2bits                              (abs)        000FA1
_PR2                                   (abs)        000FCB
_PWM_init                              text6        017B5A
_Parse_Time                            text63       013B1E
_PulseEnablePin                        text69       017904
_RCONbits                              (abs)        000FD0
_RCREG                                 (abs)        000FAE
_RCSTA                                 (abs)        000FAB
_RCSTAbits                             (abs)        000FAB
_READ_RTC_TIME                         text54       015E6E
_RTC_Clock_Enable                      text4        0176F8
_RTC_INIT                              text2        017C68
_RTC_TIME_NONMilitary                  text3        016F28
_ReadUSART                             text40       017A1A
_RemoveSpaces                          text53       0165C0
_ResetI2C                              text55       017B30
_Rxdata                                bssBANK3     000364
_SET_RTC_TIME                          text49       0147C8
_SPBRG                                 (abs)        000FAF
_SPBRGH                                (abs)        000FB0
_SSPADD                                (abs)        000FC8
_SSPBUF                                (abs)        000FC9
_SSPCON1                               (abs)        000FC6
_SSPCON1bits                           (abs)        000FC6
_SSPCON2                               (abs)        000FC5
_SSPCON2bits                           (abs)        000FC5
_SSPSTAT                               (abs)        000FC7
_SSPSTATbits                           (abs)        000FC7
_ScrollDisplayPosition                 bssBANK1     000197
_ScrollFIFOCount                       bssBANK1     000198
_Scroll_1                              bssBANK1     00019A
_Scroll_10                             bssBANK2     000243
_Scroll_2                              bssBANK1     0001AA
_Scroll_3                              bssBANK1     0001BA
_Scroll_4                              bssBANK1     0001CA
_Scroll_5                              bssBANK1     0001DA
_Scroll_6                              bssCOMRAM    000027
_Scroll_7                              bssCOMRAM    000037
_Scroll_8                              bssBANK0     0000DA
_Scroll_9                              bssBANK0     0000EA
_SendLCDbyte                           text68       016114
_Send_Config1                          text45       015C98
_Send_Config2                          text42       016E18
_SetBaud                               text31       01445C
_SetContrast                           text25       015D86
_SetDuty                               text24       0162C2
_SetFreq                               text7        01730A
_SetLCDcursor                          text65       0179B4
_SprintDate                            text23       015A74
_StartsWith                            text22       016994
_StringAddEqual                        text21       014ED0
_StringContains                        text20       0170AA
_StringMatch                           text19       017128
_SubLightOFF                           mediumconst  00EE81
_SubLightON                            mediumconst  00EE91
_T2CON                                 (abs)        000FCA
_TRISAbits                             (abs)        000F92
_TRISCbits                             (abs)        000F94
_TRISDbits                             (abs)        000F95
_TRISEbits                             (abs)        000F96
_TXREG                                 (abs)        000FAD
_TXSTA                                 (abs)        000FAC
_TXSTAbits                             (abs)        000FAC
_TXToiletAlexBathroom                  mediumconst  00EDC1
_TXToiletMyBathroom                    mediumconst  00EDCD
_TX_OLD                                bssBANK0     0000D8
_TXdataBedroomCLOSED                   mediumconst  00EDD9
_TXdataBedroomOPENED                   mediumconst  00EDE5
_TXdataD                               mediumconst  00EEC1
_TXdataE                               mediumconst  00EECD
_TXdataF                               mediumconst  00EED9
_TXdataFrontCLOSED                     mediumconst  00EDF1
_TXdataFrontOPENED                     mediumconst  00EDFD
_TXdataLabCLOSED                       mediumconst  00EE09
_TXdataLabOPENED                       mediumconst  00EE15
_Txdata                                bssBANK4     000400
_UARTchar                              text76       01702A
_UARTstring                            text75       01666C
_UARTstringWAIT                        text36       016FAA
_USART_Status                          bssBANK1     000199
_Version                               dataBANK3    0003C8
_WriteI2C                              text59       016D8C
_WriteUSART                            text95       017C42
_Zero_Config1                          text47       016ABC
_Zero_Config2                          text43       017798
__CFG_BBSIZ$1024                       (abs)        000000
__CFG_BOREN$BOHW                       (abs)        000000
__CFG_BORV$3                           (abs)        000000
__CFG_CP0$OFF                          (abs)        000000
__CFG_CP1$OFF                          (abs)        000000
__CFG_CP2$OFF                          (abs)        000000
__CFG_CP3$OFF                          (abs)        000000
__CFG_CP4$OFF                          (abs)        000000
__CFG_CP5$OFF                          (abs)        000000
__CFG_CPB$OFF                          (abs)        000000
__CFG_CPD$OFF                          (abs)        000000
__CFG_EBTR0$OFF                        (abs)        000000
__CFG_EBTR1$OFF                        (abs)        000000
__CFG_EBTR2$OFF                        (abs)        000000
__CFG_EBTR3$OFF                        (abs)        000000
__CFG_EBTR4$OFF                        (abs)        000000
__CFG_EBTR5$OFF                        (abs)        000000
__CFG_EBTRB$OFF                        (abs)        000000
__CFG_FCMEN$OFF                        (abs)        000000
__CFG_IESO$OFF                         (abs)        000000
__CFG_LPT1OSC$OFF                      (abs)        000000
__CFG_LVP$OFF                          (abs)        000000
__CFG_MCLRE$ON                         (abs)        000000
__CFG_OSC$HSPLL                        (abs)        000000
__CFG_PBADEN$ON                        (abs)        000000
__CFG_PWRT$ON                          (abs)        000000
__CFG_STVREN$ON                        (abs)        000000
__CFG_WDT$OFF                          (abs)        000000
__CFG_WDTPS$32768                      (abs)        000000
__CFG_WRT0$OFF                         (abs)        000000
__CFG_WRT1$OFF                         (abs)        000000
__CFG_WRT2$OFF                         (abs)        000000
__CFG_WRT3$OFF                         (abs)        000000
__CFG_WRT4$OFF                         (abs)        000000
__CFG_WRT5$OFF                         (abs)        000000
__CFG_WRTB$OFF                         (abs)        000000
__CFG_WRTC$OFF                         (abs)        000000
__CFG_WRTD$OFF                         (abs)        000000
__CFG_XINST$OFF                        (abs)        000000
__HRAM                                 (abs)        000000
__Habs1                                abs1         000000
__Hbank0                               bank0        000000
__Hbank1                               bank1        000000
__Hbank10                              bank10       000000
__Hbank11                              bank11       000000
__Hbank12                              bank12       000000
__Hbank2                               bank2        000000
__Hbank3                               bank3        000000
__Hbank4                               bank4        000000
__Hbank5                               bank5        000000
__Hbank6                               bank6        000000
__Hbank7                               bank7        000000
__Hbank8                               bank8        000000
__Hbank9                               bank9        000000
__Hbigbss                              bigbss       000000
__Hbigdata                             bigdata      000000
__Hbigram                              bigram       000000
__Hbss                                 bss          000000
__HbssBANK0                            bssBANK0     000000
__HbssBANK1                            bssBANK1     000000
__HbssBANK2                            bssBANK2     000000
__HbssBANK3                            bssBANK3     000000
__HbssBANK4                            bssBANK4     000000
__HbssCOMRAM                           bssCOMRAM    000000
__Hcinit                               cinit        000000
__Hclrtext                             clrtext      000000
__Hcomram                              comram       000000
__Hconfig                              config       30000E
__Hconst                               const        000000
__HcstackBANK0                         cstackBANK0  000000
__HcstackBANK1                         cstackBANK1  000000
__HcstackBANK2                         cstackBANK2  000000
__HcstackBANK5                         cstackBANK5  000000
__HcstackCOMRAM                        cstackCOMRAM 000000
__Hdata                                data         000000
__HdataBANK1                           dataBANK1    000000
__HdataBANK3                           dataBANK3    000000
__Heeprom_data                         eeprom_data  000000
__Hend_init                            end_init     000394
__Hfarbss                              farbss       000000
__Hfardata                             fardata      000000
__Hibigdata                            ibigdata     000000
__Hidata                               idata        000000
__HidataBANK1                          idataBANK1   000000
__HidataBANK3                          idataBANK3   000000
__Hidloc                               idloc        200008
__Hifardata                            ifardata     000000
__Hinit                                init         000390
__Hintcode                             intcode      000018
__Hintcode_body                        intcode_body 000000
__Hintcodelo                           intcodelo    000390
__Hintentry                            intentry     000000
__Hintret                              intret       000000
__Hintsave_regs                        intsave_regs 000000
__Hirdata                              irdata       000000
__Hmediumconst                         mediumconst  010000
__HnvFARRAM                            nvFARRAM     000000
__Hnvbit                               nvbit        000000
__Hnvrram                              nvrram       000000
__Hparam                               param1       000000
__Hparam1                              param1       000000
__Hpowerup                             powerup      000390
__Hram                                 ram          000000
__Hramtop                              ramtop       000D00
__Hrbit                                rbit         000000
__Hrbss                                rbss         000000
__Hrdata                               rdata        000000
__Hreset_vec                           reset_vec    000006
__Hsfr                                 sfr          000000
__Hsmallconst                          smallconst   000000
__Hspace_0                             (abs)        30000E
__Hspace_1                             (abs)        0005E2
__Hspace_2                             (abs)        000000
__Hstack                               stack        000000
__Hstruct                              struct       000000
__Htemp                                temp         000000
__Htext                                text         000000
__Htext0                               text0        000000
__Htext1                               text1        000000
__Htext10                              text10       000000
__Htext11                              text11       000000
__Htext12                              text12       000000
__Htext13                              text13       000000
__Htext14                              text14       000000
__Htext15                              text15       000000
__Htext16                              text16       000000
__Htext17                              text17       000000
__Htext18                              text18       000000
__Htext19                              text19       000000
__Htext2                               text2        000000
__Htext20                              text20       000000
__Htext21                              text21       000000
__Htext22                              text22       000000
__Htext23                              text23       000000
__Htext24                              text24       000000
__Htext25                              text25       000000
__Htext26                              text26       000000
__Htext27                              text27       000000
__Htext28                              text28       000000
__Htext29                              text29       000000
__Htext3                               text3        000000
__Htext30                              text30       000000
__Htext31                              text31       000000
__Htext32                              text32       000000
__Htext33                              text33       000000
__Htext34                              text34       000000
__Htext35                              text35       000000
__Htext36                              text36       000000
__Htext37                              text37       000000
__Htext38                              text38       000000
__Htext39                              text39       000000
__Htext4                               text4        000000
__Htext40                              text40       000000
__Htext41                              text41       000000
__Htext42                              text42       000000
__Htext43                              text43       000000
__Htext44                              text44       000000
__Htext45                              text45       000000
__Htext46                              text46       000000
__Htext47                              text47       000000
__Htext48                              text48       000000
__Htext49                              text49       000000
__Htext5                               text5        000000
__Htext50                              text50       000000
__Htext51                              text51       000000
__Htext52                              text52       000000
__Htext53                              text53       000000
__Htext54                              text54       000000
__Htext55                              text55       000000
__Htext56                              text56       000000
__Htext57                              text57       000000
__Htext58                              text58       000000
__Htext59                              text59       000000
__Htext6                               text6        000000
__Htext60                              text60       000000
__Htext61                              text61       000000
__Htext62                              text62       000000
__Htext63                              text63       000000
__Htext64                              text64       000000
__Htext65                              text65       000000
__Htext66                              text66       000000
__Htext67                              text67       000000
__Htext68                              text68       000000
__Htext69                              text69       000000
__Htext7                               text7        000000
__Htext70                              text70       000000
__Htext71                              text71       000000
__Htext72                              text72       000000
__Htext73                              text73       000000
__Htext74                              text74       000000
__Htext75                              text75       000000
__Htext76                              text76       000000
__Htext77                              text77       000000
__Htext78                              text78       000000
__Htext79                              text79       000000
__Htext8                               text8        000000
__Htext80                              text80       000000
__Htext82                              text82       000000
__Htext83                              text83       000000
__Htext84                              text84       000000
__Htext85                              text85       000000
__Htext86                              text86       000000
__Htext87                              text87       000000
__Htext88                              text88       000000
__Htext89                              text89       000000
__Htext9                               text9        000000
__Htext90                              text90       000000
__Htext91                              text91       000000
__Htext92                              text92       000000
__Htext93                              text93       000000
__Htext94                              text94       000000
__Htext95                              text95       000000
__LRAM                                 (abs)        000001
__Labs1                                abs1         000000
__Lbank0                               bank0        000000
__Lbank1                               bank1        000000
__Lbank10                              bank10       000000
__Lbank11                              bank11       000000
__Lbank12                              bank12       000000
__Lbank2                               bank2        000000
__Lbank3                               bank3        000000
__Lbank4                               bank4        000000
__Lbank5                               bank5        000000
__Lbank6                               bank6        000000
__Lbank7                               bank7        000000
__Lbank8                               bank8        000000
__Lbank9                               bank9        000000
__Lbigbss                              bigbss       000000
__Lbigdata                             bigdata      000000
__Lbigram                              bigram       000000
__Lbss                                 bss          000000
__LbssBANK0                            bssBANK0     000000
__LbssBANK1                            bssBANK1     000000
__LbssBANK2                            bssBANK2     000000
__LbssBANK3                            bssBANK3     000000
__LbssBANK4                            bssBANK4     000000
__LbssCOMRAM                           bssCOMRAM    000000
__Lcinit                               cinit        000000
__Lclrtext                             clrtext      000000
__Lcomram                              comram       000000
__Lconfig                              config       300000
__Lconst                               const        000000
__LcstackBANK0                         cstackBANK0  000000
__LcstackBANK1                         cstackBANK1  000000
__LcstackBANK2                         cstackBANK2  000000
__LcstackBANK5                         cstackBANK5  000000
__LcstackCOMRAM                        cstackCOMRAM 000000
__Ldata                                data         000000
__LdataBANK1                           dataBANK1    000000
__LdataBANK3                           dataBANK3    000000
__Leeprom_data                         eeprom_data  000000
__Lend_init                            end_init     000390
__Lfarbss                              farbss       000000
__Lfardata                             fardata      000000
__Libigdata                            ibigdata     000000
__Lidata                               idata        000000
__LidataBANK1                          idataBANK1   000000
__LidataBANK3                          idataBANK3   000000
__Lidloc                               idloc        200000
__Lifardata                            ifardata     000000
__Linit                                init         000390
__Lintcode                             intcode      000008
__Lintcode_body                        intcode_body 000000
__Lintcodelo                           intcodelo    000018
__Lintentry                            intentry     000000
__Lintret                              intret       000000
__Lintsave_regs                        intsave_regs 000000
__Lirdata                              irdata       000000
__Lmediumconst                         mediumconst  00ED48
__LnvFARRAM                            nvFARRAM     000000
__Lnvbit                               nvbit        000000
__Lnvrram                              nvrram       000000
__Lparam                               param1       000000
__Lparam1                              param1       000000
__Lpowerup                             powerup      000390
__Lram                                 ram          000000
__Lramtop                              ramtop       000D00
__Lrbit                                rbit         000000
__Lrbss                                rbss         000000
__Lrdata                               rdata        000000
__Lreset_vec                           reset_vec    000000
__Lsfr                                 sfr          000000
__Lsmallconst                          smallconst   000000
__Lspace_0                             (abs)        000000
__Lspace_1                             (abs)        000000
__Lspace_2                             (abs)        000000
__Lstack                               stack        000000
__Lstruct                              struct       000000
__Ltemp                                temp         000000
__Ltext                                text         000000
__Ltext0                               text0        000000
__Ltext1                               text1        000000
__Ltext10                              text10       000000
__Ltext11                              text11       000000
__Ltext12                              text12       000000
__Ltext13                              text13       000000
__Ltext14                              text14       000000
__Ltext15                              text15       000000
__Ltext16                              text16       000000
__Ltext17                              text17       000000
__Ltext18                              text18       000000
__Ltext19                              text19       000000
__Ltext2                               text2        000000
__Ltext20                              text20       000000
__Ltext21                              text21       000000
__Ltext22                              text22       000000
__Ltext23                              text23       000000
__Ltext24                              text24       000000
__Ltext25                              text25       000000
__Ltext26                              text26       000000
__Ltext27                              text27       000000
__Ltext28                              text28       000000
__Ltext29                              text29       000000
__Ltext3                               text3        000000
__Ltext30                              text30       000000
__Ltext31                              text31       000000
__Ltext32                              text32       000000
__Ltext33                              text33       000000
__Ltext34                              text34       000000
__Ltext35                              text35       000000
__Ltext36                              text36       000000
__Ltext37                              text37       000000
__Ltext38                              text38       000000
__Ltext39                              text39       000000
__Ltext4                               text4        000000
__Ltext40                              text40       000000
__Ltext41                              text41       000000
__Ltext42                              text42       000000
__Ltext43                              text43       000000
__Ltext44                              text44       000000
__Ltext45                              text45       000000
__Ltext46                              text46       000000
__Ltext47                              text47       000000
__Ltext48                              text48       000000
__Ltext49                              text49       000000
__Ltext5                               text5        000000
__Ltext50                              text50       000000
__Ltext51                              text51       000000
__Ltext52                              text52       000000
__Ltext53                              text53       000000
__Ltext54                              text54       000000
__Ltext55                              text55       000000
__Ltext56                              text56       000000
__Ltext57                              text57       000000
__Ltext58                              text58       000000
__Ltext59                              text59       000000
__Ltext6                               text6        000000
__Ltext60                              text60       000000
__Ltext61                              text61       000000
__Ltext62                              text62       000000
__Ltext63                              text63       000000
__Ltext64                              text64       000000
__Ltext65                              text65       000000
__Ltext66                              text66       000000
__Ltext67                              text67       000000
__Ltext68                              text68       000000
__Ltext69                              text69       000000
__Ltext7                               text7        000000
__Ltext70                              text70       000000
__Ltext71                              text71       000000
__Ltext72                              text72       000000
__Ltext73                              text73       000000
__Ltext74                              text74       000000
__Ltext75                              text75       000000
__Ltext76                              text76       000000
__Ltext77                              text77       000000
__Ltext78                              text78       000000
__Ltext79                              text79       000000
__Ltext8                               text8        000000
__Ltext80                              text80       000000
__Ltext82                              text82       000000
__Ltext83                              text83       000000
__Ltext84                              text84       000000
__Ltext85                              text85       000000
__Ltext86                              text86       000000
__Ltext87                              text87       000000
__Ltext88                              text88       000000
__Ltext89                              text89       000000
__Ltext9                               text9        000000
__Ltext90                              text90       000000
__Ltext91                              text91       000000
__Ltext92                              text92       000000
__Ltext93                              text93       000000
__Ltext94                              text94       000000
__Ltext95                              text95       000000
__S0                                   (abs)        30000E
__S1                                   (abs)        0005E2
__S2                                   (abs)        000000
___aldiv                               text8        015240
___aldiv@counter                       cstackBANK1  00011C
___aldiv@dividend                      cstackBANK1  000114
___aldiv@divisor                       cstackBANK1  000118
___aldiv@quotient                      cstackBANK1  00011E
___aldiv@sign                          cstackBANK1  00011D
___awdiv                               text51       015F54
___awdiv@counter                       cstackBANK1  000112
___awdiv@dividend                      cstackBANK1  00010E
___awdiv@divisor                       cstackBANK1  000110
___awdiv@quotient                      cstackBANK1  000114
___awdiv@sign                          cstackBANK1  000113
___awmod                               text50       016394
___awmod@counter                       cstackBANK1  000112
___awmod@dividend                      cstackBANK1  00010E
___awmod@divisor                       cstackBANK1  000110
___awmod@sign                          cstackBANK1  000113
___ftdiv                               text29       0156C2
___ftdiv@cntr                          cstackBANK1  000123
___ftdiv@exp                           cstackBANK1  000127
___ftdiv@f1                            cstackBANK1  00011A
___ftdiv@f2                            cstackBANK1  00011D
___ftdiv@f3                            cstackBANK1  000124
___ftdiv@sign                          cstackBANK1  000128
___ftmul                               text28       01554C
___ftmul@cntr                          cstackBANK1  000136
___ftmul@exp                           cstackBANK1  000132
___ftmul@f1                            cstackBANK1  000129
___ftmul@f2                            cstackBANK1  00012C
___ftmul@f3_as_product                 cstackBANK1  000133
___ftmul@sign                          cstackBANK1  000137
___ftpack                              text30       015B8E
___ftpack@arg                          cstackBANK1  00010E
___ftpack@exp                          cstackBANK1  000111
___ftpack@sign                         cstackBANK1  000112
___fttol                               text27       0153D0
___fttol@exp1                          cstackBANK1  000146
___fttol@f1                            cstackBANK1  000138
___fttol@lval                          cstackBANK1  000142
___fttol@sign1                         cstackBANK1  000141
___inthi_sp                            stack        000000
___intlo_sp                            stack        000000
___lbtoft                              text26       0179E8
___lbtoft@c                            cstackBANK1  000119
___lldiv                               text39       0161EE
___lldiv@counter                       cstackBANK1  00011A
___lldiv@dividend                      cstackBANK1  00010E
___lldiv@divisor                       cstackBANK1  000112
___lldiv@quotient                      cstackBANK1  000116
___llmod                               text35       0167B6
___llmod@counter                       cstackBANK1  000123
___llmod@dividend                      cstackBANK1  00011B
___llmod@divisor                       cstackBANK1  00011F
___lmul                                text80       016EA2
___lmul@multiplicand                   cstackBANK1  000112
___lmul@multiplier                     cstackBANK1  00010E
___lmul@product                        cstackBANK1  000116
___lwmod                               text18       017582
___lwmod@counter                       cstackBANK1  000112
___lwmod@dividend                      cstackBANK1  00010E
___lwmod@divisor                       cstackBANK1  000110
___lwtoft                              text17       017A7A
___lwtoft@c                            cstackBANK1  000116
___sp                                  stack        000000
___wmul                                text34       01797E
___wmul@multiplicand                   cstackBANK1  000110
___wmul@multiplier                     cstackBANK1  00010E
___wmul@product                        cstackBANK1  000112
__accesstop                            (abs)        000060
__activetblptr                         (abs)        000003
__end_of_Aux2OFF                       mediumconst  00EE31
__end_of_Aux2ON                        mediumconst  00EE41
__end_of_AuxOFF                        mediumconst  00EE51
__end_of_AuxON                         mediumconst  00EE61
__end_of_BedOFF                        mediumconst  00EE71
__end_of_BedON                         mediumconst  00EE81
__end_of_BufferCopy                    text72       016510
__end_of_CheckSum_byte                 text77       017642
__end_of_ClearLCD                      text67       017C04
__end_of_Command                       text15       0128D8
__end_of_ConfigureOscillator           text14       017CAE
__end_of_ContrastPWM_init              text13       017CA0
__end_of_EnableInternalADC             text12       0167B6
__end_of_GetEnteredNumber              text79       014ED0
__end_of_I2C_Read_At_Address           text5        015A74
__end_of_I2C_Read_Sequential           text58       016114
__end_of_I2C_Write_At_Address          text52       0165C0
__end_of_ISNUMBER                      text78       017BEA
__end_of_IdleI2C                       text60       017C68
__end_of_InitApp                       text11       0176A0
__end_of_InitUART                      text37       015240
__end_of_Init_I2C_Master               text56       017798
__end_of_InternalADC_Read              text74       01751C
__end_of_LCDPrintChar                  text10       017C42
__end_of_LCDPrintString                text66       017220
__end_of_LCDScreenUpdate               text9        013B1E
__end_of_LCD_Scroll                    text71       014CD4
__end_of_LCDdisplayFeedback            text64       017904
__end_of_Multiple_I2C_Read             text61       0173E0
__end_of_One_Config1                   text48       016BE0
__end_of_One_Config2                   text44       017830
__end_of_OpenI2C                       text57       017BCC
__end_of_OpenUSART                     text41       01730A
__end_of_PWM_init                      text6        017B82
__end_of_Parse_Time                    text63       014048
__end_of_PulseEnablePin                text69       017942
__end_of_READ_RTC_TIME                 text54       015F54
__end_of_RTC_Clock_Enable              text4        017748
__end_of_RTC_INIT                      text2        017C78
__end_of_RTC_TIME_NONMilitary          text3        016FAA
__end_of_ReadUSART                     text40       017A4A
__end_of_RemoveSpaces                  text53       01666C
__end_of_ResetI2C                      text55       017B5A
__end_of_SET_RTC_TIME                  text49       014A8C
__end_of_SendLCDbyte                   text68       0161EE
__end_of_Send_Config1                  text45       015D86
__end_of_Send_Config2                  text42       016EA2
__end_of_SetBaud                       text31       0147C8
__end_of_SetContrast                   text25       015E6E
__end_of_SetDuty                       text24       016394
__end_of_SetFreq                       text7        017376
__end_of_SetLCDcursor                  text65       0179E8
__end_of_SprintDate                    text23       015B8E
__end_of_StartsWith                    text22       016A2A
__end_of_StringAddEqual                text21       015088
__end_of_StringContains                text20       017128
__end_of_StringMatch                   text19       0171A4
__end_of_SubLightOFF                   mediumconst  00EE91
__end_of_SubLightON                    mediumconst  00EEA1
__end_of_TXToiletAlexBathroom          mediumconst  00EDCD
__end_of_TXToiletMyBathroom            mediumconst  00EDD9
__end_of_TXdataBedroomCLOSED           mediumconst  00EDE5
__end_of_TXdataBedroomOPENED           mediumconst  00EDF1
__end_of_TXdataD                       mediumconst  00EECD
__end_of_TXdataE                       mediumconst  00EED9
__end_of_TXdataF                       mediumconst  00EEE5
__end_of_TXdataFrontCLOSED             mediumconst  00EDFD
__end_of_TXdataFrontOPENED             mediumconst  00EE09
__end_of_TXdataLabCLOSED               mediumconst  00EE15
__end_of_TXdataLabOPENED               mediumconst  00EE21
__end_of_UARTchar                      text76       0170AA
__end_of_UARTstring                    text75       016712
__end_of_UARTstringWAIT                text36       01702A
__end_of_WriteI2C                      text59       016E18
__end_of_WriteUSART                    text95       017C56
__end_of_Zero_Config1                  text47       016B4E
__end_of_Zero_Config2                  text43       0177E4
__end_of___aldiv                       text8        0153D0
__end_of___awdiv                       text51       016036
__end_of___awmod                       text50       016458
__end_of___ftdiv                       text29       01581A
__end_of___ftmul                       text28       0156C2
__end_of___ftpack                      text30       015C98
__end_of___fttol                       text27       01554C
__end_of___lbtoft                      text26       017A1A
__end_of___lldiv                       text39       0162C2
__end_of___llmod                       text35       01685A
__end_of___lmul                        text80       016F28
__end_of___lwmod                       text18       0175E2
__end_of___lwtoft                      text17       017AA8
__end_of___wmul                        text34       0179B4
__end_of__initialization               cinit        016CF8
__end_of__stringdata                   mediumconst  00FFFF
__end_of_baudUSART                     text38       017C86
__end_of_cleanBuffer                   text73       0176F8
__end_of_delayUS                       text70       017296
__end_of_dpowers                       mediumconst  00EDA1
__end_of_f_Config1                     text46       016ABC
__end_of_fanOFF                        mediumconst  00EEB1
__end_of_fanON                         mediumconst  00EEC1
__end_of_hexpowers                     mediumconst  00EDC1
__end_of_high_isr                      intcode_body 017582
__end_of_init_LCD                      text1        015950
__end_of_isdigit                       text33       017B30
__end_of_low_isr                       intcodelo    000390
__end_of_lowercase                     text16       016D8C
__end_of_main                          text0        01445C
__end_of_octpowers                     mediumconst  00ED79
__end_of_readI2C                       text62       017A7A
__end_of_sprintf                       text32       0135D4
__end_ofi1_BufferCopy                  text93       016994
__end_ofi1_CheckSum_byte               text84       0178C4
__end_ofi1_ClearLCD                    text89       017C1A
__end_ofi1_LCDPrintChar                text88       017C94
__end_ofi1_LCDPrintString              text87       0174B4
__end_ofi1_PulseEnablePin              text91       017B04
__end_ofi1_ReadUSART                   text86       017AD6
__end_ofi1_SendLCDbyte                 text90       0168FC
__end_ofi1_SetLCDcursor                text85       017BA8
__end_ofi1_UARTchar                    text83       01744A
__end_ofi1_UARTstring                  text82       016C70
__end_ofi1_cleanBuffer                 text94       01797E
__end_ofi1_delayUS                     text92       01787C
__initialization                       cinit        016C70
__mediumconst                          mediumconst  00ED48
__pbssBANK0                            bssBANK0     0000D8
__pbssBANK1                            bssBANK1     00018C
__pbssBANK2                            bssBANK2     000243
__pbssBANK3                            bssBANK3     000300
__pbssBANK4                            bssBANK4     000400
__pbssCOMRAM                           bssCOMRAM    000027
__pcinit                               cinit        016C70
__pcstackBANK0                         cstackBANK0  000060
[...]
 Parameters:    Size  Location     Type
  data            1    wreg     unsigned char 
  isCommand       1   10[COMRAM] unsigned char 
 Auto vars:     Size  Location     Type
  data            1   11[COMRAM] unsigned char 
  SendLCDbyte     1   13[COMRAM] unsigned char 
  SendLCDbyte     1   12[COMRAM] unsigned char 
 Return value:  Size  Location     Type
		None               void
 Registers used:
		wreg, status,2, status,0, cstack
 Tracked objects:
		On entry : 
		On exit  : 
		Unchanged: 
 Data sizes:     COMRAM   BANK0   BANK1   BANK2   BANK3   BANK4   BANK5   BANK6   BANK7   BANK8   BANK9  BANK10  BANK11  BANK12
      Params:         1       0       0       0       0       0       0       0       0       0       0       0       0       0
      Locals:         3       0       0       0       0       0       0       0       0       0       0       0       0       0
      Temps:          0       0       0       0       0       0       0       0       0       0       0       0       0       0
      Totals:         4       0       0       0       0       0       0       0       0       0       0       0       0       0
Total ram usage:        4 bytes
 Hardware stack levels used:    1
 Hardware stack levels required when called:    3
 This function calls:
		i1_PulseEnablePin
		i1_delayUS
 This function is called by:
		i1_SetLCDcursor
		i1_ClearLCD
		i1_LCDPrintString
		i1_LCDPrintChar
 This function uses a non-reentrant model


 *************** function i1_PulseEnablePin *****************
 Defined at:
		line 177 in file "LCD.c"
 Parameters:    Size  Location     Type
		None
 Auto vars:     Size  Location     Type
		None
 Return value:  Size  Location     Type
		None               void
 Registers used:
		wreg, status,2, status,0, cstack
 Tracked objects:
		On entry : 
		On exit  : 
		Unchanged: 
 Data sizes:     COMRAM   BANK0   BANK1   BANK2   BANK3   BANK4   BANK5   BANK6   BANK7   BANK8   BANK9  BANK10  BANK11  BANK12
      Params:         0       0       0       0       0       0       0       0       0       0       0       0       0       0
      Locals:         0       0       0       0       0       0       0       0       0       0       0       0       0       0
      Temps:          0       0       0       0       0       0       0       0       0       0       0       0       0       0
      Totals:         0       0       0       0       0       0       0       0       0       0       0       0       0       0
Total ram usage:        0 bytes
 Hardware stack levels used:    1
 Hardware stack levels required when called:    2
 This function calls:
		i1_delayUS
 This function is called by:
		i1_SendLCDbyte
 This function uses a non-reentrant model


 *************** function i1_delayUS *****************
 Defined at:
		line 55 in file "MISC.c"
 Parameters:    Size  Location     Type
  US              4    0[COMRAM] long 
 Auto vars:     Size  Location     Type
  delayUS         4    5[COMRAM] long 
  delayUS         1    9[COMRAM] unsigned char 
 Return value:  Size  Location     Type
		None               void
 Registers used:
		wreg, status,2, status,0
 Tracked objects:
		On entry : 
		On exit  : 
		Unchanged: 
 Data sizes:     COMRAM   BANK0   BANK1   BANK2   BANK3   BANK4   BANK5   BANK6   BANK7   BANK8   BANK9  BANK10  BANK11  BANK12
      Params:         4       0       0       0       0       0       0       0       0       0       0       0       0       0
      Locals:         5       0       0       0       0       0       0       0       0       0       0       0       0       0
      Temps:          1       0       0       0       0       0       0       0       0       0       0       0       0       0
      Totals:        10       0       0       0       0       0       0       0       0       0       0       0       0       0
Total ram usage:       10 bytes
 Hardware stack levels used:    1
 Hardware stack levels required when called:    1
 This function calls:
		Nothing
 This function is called by:
		i1_SendLCDbyte
		i1_PulseEnablePin
 This function uses a non-reentrant model


 *************** function i1_BufferCopy *****************
 Defined at:
		line 87 in file "MISC.c"
 Parameters:    Size  Location     Type
  from            2    8[COMRAM] PTR unsigned char 
		 -> STR_292(5), STR_291(5), STR_290(10), STR_289(16), 
		 -> STR_288(11), STR_287(12), STR_286(9), STR_285(14), 
		 -> STR_268(6), STR_267(9), STR_266(14), STR_250(4), 
		 -> STR_249(5), STR_248(8), STR_247(10), STR_246(9), 
		 -> STR_215(2), STR_214(10), STR_213(9), STR_194(10), 
		 -> STR_193(10), STR_192(13), STR_177(10), STR_176(10), 
		 -> STR_175(17), STR_155(6), STR_154(6), STR_153(9), 
		 -> STR_152(10), STR_127(7), STR_126(4), STR_125(6), 
		 -> STR_124(9), STR_123(13), STR_92(4), STR_91(6), 
		 -> STR_90(9), STR_89(14), STR_67(5), STR_66(5), 
		 -> STR_65(9), STR_64(9), StringAddEqual@temp(100), RemoveSpaces@That(100), 
		 -> low_isr@TEMP_Rxdata(100), 
  to              2   10[COMRAM] PTR unsigned char 
		 -> Scroll_10(16), Scroll_9(16), Scroll_8(16), Scroll_7(16), 
		 -> Scroll_6(16), Scroll_5(16), Scroll_4(16), Scroll_3(16), 
		 -> Scroll_2(16), Scroll_1(16), Rxdata(100), 
  count           1   12[COMRAM] unsigned char 
  shift           1   13[COMRAM] unsigned char 
 Auto vars:     Size  Location     Type
  BufferCopy      1   14[COMRAM] unsigned char 
 Return value:  Size  Location     Type
		None               void
 Registers used:
		wreg, fsr1l, fsr1h, fsr2l, fsr2h, status,2, status,0, tblptrl, tblptrh, tblptru, prodl, prodh, cstack
 Tracked objects:
		On entry : 
		On exit  : 
		Unchanged: 
 Data sizes:     COMRAM   BANK0   BANK1   BANK2   BANK3   BANK4   BANK5   BANK6   BANK7   BANK8   BANK9  BANK10  BANK11  BANK12
      Params:         6       0       0       0       0       0       0       0       0       0       0       0       0       0
      Locals:         1       0       0       0       0       0       0       0       0       0       0       0       0       0
      Temps:          0       0       0       0       0       0       0       0       0       0       0       0       0       0
      Totals:         7       0       0       0       0       0       0       0       0       0       0       0       0       0
Total ram usage:        7 bytes
 Hardware stack levels used:    1
 Hardware stack levels required when called:    2
 This function calls:
		i1_cleanBuffer
 This function is called by:
		_low_isr
 This function uses a non-reentrant model


 *************** function i1_cleanBuffer *****************
 Defined at:
		line 73 in file "MISC.c"
 Parameters:    Size  Location     Type
  data            2    0[COMRAM] PTR unsigned char 
		 -> Scroll_10(16), Scroll_9(16), Scroll_8(16), Scroll_7(16), 
		 -> Scroll_6(16), Scroll_5(16), Scroll_4(16), Scroll_3(16), 
		 -> Scroll_2(16), Scroll_1(16), StringAddEqual@temp(100), RemoveSpaces@That(100), 
		 -> Rxdata(100), low_isr@TEMP_Rxdata(100), 
  count           2    2[COMRAM] int 
 Auto vars:     Size  Location     Type
  cleanBuffer     1    7[COMRAM] unsigned char 
 Return value:  Size  Location     Type
		None               void
 Registers used:
		wreg, fsr2l, fsr2h, status,2, status,0, prodl, prodh
 Tracked objects:
		On entry : 
		On exit  : 
		Unchanged: 
 Data sizes:     COMRAM   BANK0   BANK1   BANK2   BANK3   BANK4   BANK5   BANK6   BANK7   BANK8   BANK9  BANK10  BANK11  BANK12
      Params:         4       0       0       0       0       0       0       0       0       0       0       0       0       0
      Locals:         1       0       0       0       0       0       0       0       0       0       0       0       0       0
      Temps:          3       0       0       0       0       0       0       0       0       0       0       0       0       0
      Totals:         8       0       0       0       0       0       0       0       0       0       0       0       0       0
Total ram usage:        8 bytes
 Hardware stack levels used:    1
 Hardware stack levels required when called:    1
 This function calls:
		Nothing
 This function is called by:
		_low_isr
		i1_BufferCopy
 This function uses a non-reentrant model


 *************** function _WriteUSART *****************
 Defined at:
		line 13 in file "C:\Program Files (x86)\Microchip\xc8\v1.33\sources\pic18\plib\USART\uwrite.c"
 Parameters:    Size  Location     Type
  data            1    wreg     unsigned char 
 Auto vars:     Size  Location     Type
  data            1    0[COMRAM] unsigned char 
 Return value:  Size  Location     Type
		None               void
 Registers used:
		wreg
 Tracked objects:
		On entry : 
		On exit  : 
		Unchanged: 
 Data sizes:     COMRAM   BANK0   BANK1   BANK2   BANK3   BANK4   BANK5   BANK6   BANK7   BANK8   BANK9  BANK10  BANK11  BANK12
      Params:         0       0       0       0       0       0       0       0       0       0       0       0       0       0
      Locals:         1       0       0       0       0       0       0       0       0       0       0       0       0       0
      Temps:          0       0       0       0       0       0       0       0       0       0       0       0       0       0
      Totals:         1       0       0       0       0       0       0       0       0       0       0       0       0       0
Total ram usage:        1 bytes
 Hardware stack levels used:    1
 Hardware stack levels required when called:    1
 This function calls:
		Nothing
 This function is called by:
		_low_isr
 This function uses a non-reentrant model


 *************** function _high_isr *****************
 Defined at:
		line 59 in file "interrupts.c"
 Parameters:    Size  Location     Type
		None
 Auto vars:     Size  Location     Type
		None
 Return value:  Size  Location     Type
		None               void
 Registers used:
		None
 Tracked objects:
		On entry : 
		On exit  : 
		Unchanged: 
 Data sizes:     COMRAM   BANK0   BANK1   BANK2   BANK3   BANK4   BANK5   BANK6   BANK7   BANK8   BANK9  BANK10  BANK11  BANK12
      Params:         0       0       0       0       0       0       0       0       0       0       0       0       0       0
      Locals:         0       0       0       0       0       0       0       0       0       0       0       0       0       0
      Temps:          0       0      14       0       0       0       0       0       0       0       0       0       0       0
      Totals:         0       0      14       0       0       0       0       0       0       0       0       0       0       0
Total ram usage:       14 bytes
 Hardware stack levels used:    1
 This function calls:
		Nothing
 This function is called by:
		Interrupt level 2
 This function uses a non-reentrant model



MODULE INFORMATION

Module		Function		Class		Link	Load	Size
UART.c
		_OpenUSART     		CODE           	17296	0000	116
		_InitUART      		CODE           	15088	0000	440
		_UARTstring    		CODE           	1666C	0000	166
		_UARTstringWAIT		CODE           	16FAA	0000	128
		_SetBaud       		CODE           	1445C	0000	876
		_UARTchar      		CODE           	1702A	0000	128
		_baudUSART     		CODE           	17C78	0000	14
		_ReadUSART     		CODE           	17A1A	0000	48

UART.c estimated size: 1916

C:\Program Files (x86)\Microchip\xc8\v1.33\sources\common\doprnt.c
		_sprintf       		CODE           	128D8	0000	3324

C:\Program Files (x86)\Microchip\xc8\v1.33\sources\common\doprnt.c estimated size: 3324

C:\Program Files (x86)\Microchip\xc8\v1.33\sources\common\float.c
		___ftpack      		CODE           	15B8E	0000	266

C:\Program Files (x86)\Microchip\xc8\v1.33\sources\common\float.c estimated size: 266

C:\Program Files (x86)\Microchip\xc8\v1.33\sources\common\lwmod.c
		___lwmod       		CODE           	17582	0000	96

C:\Program Files (x86)\Microchip\xc8\v1.33\sources\common\lwmod.c estimated size: 96

interrupts.c
		_high_isr      		CODE           	0008	0000	95610
		_low_isr       		CODE           	0018	0000	888

interrupts.c estimated size: 96498

C:\Program Files (x86)\Microchip\xc8\v1.33\sources\common\awmod.c
		___awmod       		CODE           	16394	0000	196

C:\Program Files (x86)\Microchip\xc8\v1.33\sources\common\awmod.c estimated size: 196

C:\Program Files (x86)\Microchip\xc8\v1.33\sources\common\Umul16.c
		___wmul        		CODE           	1797E	0000	54

C:\Program Files (x86)\Microchip\xc8\v1.33\sources\common\Umul16.c estimated size: 54

C:\Program Files (x86)\Microchip\xc8\v1.33\sources\common\llmod.c
		___llmod       		CODE           	167B6	0000	164

C:\Program Files (x86)\Microchip\xc8\v1.33\sources\common\llmod.c estimated size: 164

I2C.c
		_Multiple_I2C_R		CODE           	17376	0000	106
		_readI2C       		CODE           	17A4A	0000	48
		_Init_I2C_Maste		CODE           	17748	0000	80
		_IdleI2C       		CODE           	17C56	0000	18
		_I2C_Read_At_Ad		CODE           	15950	0000	292
		_ResetI2C      		CODE           	17B30	0000	42
		_I2C_Read_Seque		CODE           	16036	0000	222
		_I2C_Write_At_A		CODE           	16510	0000	176
		_WriteI2C      		CODE           	16D8C	0000	140
		_OpenI2C       		CODE           	17BA8	0000	36

I2C.c estimated size: 1160

StringCommand.c
		_Command       		CODE           	10000	0000	10456

StringCommand.c estimated size: 10456

RF.c
		_One_Config1   		CODE           	16B4E	0000	146
		_One_Config2   		CODE           	177E4	0000	76
		_Send_Config1  		CODE           	15C98	0000	238
		_Send_Config2  		CODE           	16E18	0000	138
		_Zero_Config1  		CODE           	16ABC	0000	146
		_Zero_Config2  		CODE           	17798	0000	76
		_f_Config1     		CODE           	16A2A	0000	146

RF.c estimated size: 966

C:\Program Files (x86)\Microchip\xc8\v1.33\sources\common\ftmul.c
		___ftmul       		CODE           	1554C	0000	374

C:\Program Files (x86)\Microchip\xc8\v1.33\sources\common\ftmul.c estimated size: 374

C:\Program Files (x86)\Microchip\xc8\v1.33\sources\pic18\plib\USART\uwrite.c
		_WriteUSART    		CODE           	17C42	0000	20

C:\Program Files (x86)\Microchip\xc8\v1.33\sources\pic18\plib\USART\uwrite.c estimated size: 20

C:\Program Files (x86)\Microchip\xc8\v1.33\sources\common\ftdiv.c
		___ftdiv       		CODE           	156C2	0000	344

C:\Program Files (x86)\Microchip\xc8\v1.33\sources\common\ftdiv.c estimated size: 344

C:\Program Files (x86)\Microchip\xc8\v1.33\sources\common\Umul32.c
		___lmul        		CODE           	16EA2	0000	134

C:\Program Files (x86)\Microchip\xc8\v1.33\sources\common\Umul32.c estimated size: 134

C:\Program Files (x86)\Microchip\xc8\v1.33\sources\common\awdiv.c
		___awdiv       		CODE           	15F54	0000	226

C:\Program Files (x86)\Microchip\xc8\v1.33\sources\common\awdiv.c estimated size: 226

PWM.c
		_ContrastPWM_in		CODE           	17C94	0000	12
		_SetFreq       		CODE           	1730A	0000	108
		_SetDuty       		CODE           	162C2	0000	210
		_PWM_init      		CODE           	17B5A	0000	40
		_SetContrast   		CODE           	15D86	0000	232

PWM.c estimated size: 602

C:\Program Files (x86)\Microchip\xc8\v1.33\sources\common\lldiv.c
		___lldiv       		CODE           	161EE	0000	212

C:\Program Files (x86)\Microchip\xc8\v1.33\sources\common\lldiv.c estimated size: 212

shared
		i1_ClearLCD    		CODE           	17C04	0000	22
		i1_UARTchar    		CODE           	173E0	0000	106
		i1_UARTstring  		CODE           	16BE0	0000	144
		i1_CheckSum_byt		CODE           	1787C	0000	72
		__stringdata   		MEDIUMCONST    	EEE5	0000	4378
		_Aux2ON        		MEDIUMCONST    	EE31	0000	16
		_BedOFF        		MEDIUMCONST    	EE61	0000	16
		_fanON         		MEDIUMCONST    	EEB1	0000	16
		_dpowers       		MEDIUMCONST    	ED79	0000	40
		_SubLightON    		MEDIUMCONST    	EE91	0000	16
		_SubLightOFF   		MEDIUMCONST    	EE81	0000	16
		_TXdataE       		MEDIUMCONST    	EECD	0000	12
		_TXdataBedroomO		MEDIUMCONST    	EDE5	0000	12
		_AuxOFF        		MEDIUMCONST    	EE41	0000	16
		_TXdataBedroomC		MEDIUMCONST    	EDD9	0000	12
		_TXToiletMyBath		MEDIUMCONST    	EDCD	0000	12
		i1_SetLCDcursor		CODE           	17B82	0000	38
		_BedON         		MEDIUMCONST    	EE71	0000	16
		_TXdataLabOPENE		MEDIUMCONST    	EE15	0000	12
		i1_ReadUSART   		CODE           	17AA8	0000	46
		_TXdataLabCLOSE		MEDIUMCONST    	EE09	0000	12
		__initializatio		CODE           	16C70	0000	136
		i1_LCDPrintStri		CODE           	1744A	0000	106
		_TXdataFrontOPE		MEDIUMCONST    	EDFD	0000	12
		_TXdataFrontCLO		MEDIUMCONST    	EDF1	0000	12
		_octpowers     		MEDIUMCONST    	ED49	0000	48
		_Aux2OFF       		MEDIUMCONST    	EE21	0000	16
		_TXToiletAlexBa		MEDIUMCONST    	EDC1	0000	12
		_TXdataD       		MEDIUMCONST    	EEC1	0000	12
		i1_LCDPrintChar		CODE           	17C86	0000	14
		_AuxON         		MEDIUMCONST    	EE51	0000	16
		_hexpowers     		MEDIUMCONST    	EDA1	0000	32
		i1_SendLCDbyte 		CODE           	1685A	0000	162
		i1_BufferCopy  		CODE           	168FC	0000	152
		i1_cleanBuffer 		CODE           	17942	0000	60
		i1_delayUS     		CODE           	17830	0000	76
		_fanOFF        		MEDIUMCONST    	EEA1	0000	16
		i1_PulseEnableP		CODE           	17AD6	0000	46
		_TXdataF       		MEDIUMCONST    	EED9	0000	12

shared estimated size: 5970

C:\Program Files (x86)\Microchip\xc8\v1.33\sources\common\aldiv.c
		___aldiv       		CODE           	15240	0000	400

C:\Program Files (x86)\Microchip\xc8\v1.33\sources\common\aldiv.c estimated size: 400

ADC.c
		_InternalADC_Re		CODE           	174B4	0000	104
		_EnableInternal		CODE           	16712	0000	164

ADC.c estimated size: 268

MISC.c
		_StringContains		CODE           	170AA	0000	126
		_BufferCopy    		CODE           	16458	0000	184
		_cleanBuffer   		CODE           	176A0	0000	88
		_GetEnteredNumb		CODE           	14CD4	0000	508
		_delayUS       		CODE           	17220	0000	118
		_CheckSum_byte 		CODE           	175E2	0000	96
		_RemoveSpaces  		CODE           	165C0	0000	172
		_ISNUMBER      		CODE           	17BCC	0000	30
		_StringAddEqual		CODE           	14ED0	0000	440
		_StringMatch   		CODE           	17128	0000	124
		_StartsWith    		CODE           	16994	0000	150
		_lowercase     		CODE           	16CFE	0000	142

MISC.c estimated size: 2178

C:\Program Files (x86)\Microchip\xc8\v1.33\sources\common\fttol.c
		___fttol       		CODE           	153D0	0000	380

C:\Program Files (x86)\Microchip\xc8\v1.33\sources\common\fttol.c estimated size: 380

C:\Program Files (x86)\Microchip\xc8\v1.33\sources\common\lbtoft.c
		___lbtoft      		CODE           	179E8	0000	50

C:\Program Files (x86)\Microchip\xc8\v1.33\sources\common\lbtoft.c estimated size: 50

user.c
		_InitApp       		CODE           	17642	0000	94

user.c estimated size: 94

main.c
		_main          		CODE           	14048	0000	1044

main.c estimated size: 1044

C:\Program Files (x86)\Microchip\xc8\v1.33\sources\common\lwtoft.c
		___lwtoft      		CODE           	17A7A	0000	46

C:\Program Files (x86)\Microchip\xc8\v1.33\sources\common\lwtoft.c estimated size: 46

RTC.c
		_RTC_TIME_NONMi		CODE           	16F28	0000	130
		_SET_RTC_TIME  		CODE           	147C8	0000	708
		_RTC_INIT      		CODE           	17C68	0000	16
		_READ_RTC_TIME 		CODE           	15E6E	0000	230
		_Parse_Time    		CODE           	13B1E	0000	1322
		_SprintDate    		CODE           	15A74	0000	282
		_RTC_Clock_Enab		CODE           	176F8	0000	80

RTC.c estimated size: 2768

system.c
		_ConfigureOscil		CODE           	17CA8	0000	6

system.c estimated size: 6

LCD.c
		_PulseEnablePin		CODE           	17904	0000	62
		_LCD_Scroll    		CODE           	14A8C	0000	584
		_SendLCDbyte   		CODE           	16114	0000	218
		_LCDPrintChar  		CODE           	17C2E	0000	20
		_init_LCD      		CODE           	1581A	0000	310
		_ClearLCD      		CODE           	17BEA	0000	26
		_LCDScreenUpdat		CODE           	135D4	0000	1354
		_SetLCDcursor  		CODE           	179B4	0000	52
		_LCDPrintString		CODE           	171A4	0000	124
		_LCDdisplayFeed		CODE           	178C4	0000	64

LCD.c estimated size: 2814

C:\Program Files (x86)\Microchip\xc8\v1.33\sources\common\isdigit.c
		_isdigit       		CODE           	17B04	0000	44

C:\Program Files (x86)\Microchip\xc8\v1.33\sources\common\isdigit.c estimated size: 44

