Microchip MPLAB XC8 Compiler V1.34 ()

Linker command line:

--edf=C:\Program Files (x86)\Microchip\xc8\v1.34\dat\en_msgs.txt -cs \
  -h+dist/xc8_pic18f4685/debug\Smart_Rf_PIC.debug.sym \
  --cmf=dist/xc8_pic18f4685/debug\Smart_Rf_PIC.debug.cmf -z -Q18F4685 \
  -oC:\Users\DWHITF~1.TDY\AppData\Local\Temp\s940.6 \
  -Mdist/xc8_pic18f4685/debug/Smart_Rf_PIC.debug.map -E1 -ver=XC8 \
  -ASTACK=0564h-0ceeh -pstack=STACK -ACODE=00h-017CFFh -ACONST=00h-017CFFh \
  -ASMALLCONST=0D00h-0DFFhx368 -AMEDIUMCONST=0D00h-0FFFFh,010D00h-017CFFh \
  -ACOMRAM=01h-05Fh -AABS1=00h-0CEEh -ABIGRAM=01h-0CEEh \
  -ARAM=060h-0FFh,0100h-01FFhx11,0C00h-0CEEh -ABANK0=060h-0FFh \
  -ABANK1=0100h-01FFh -ABANK2=0200h-02FFh -ABANK3=0300h-03FFh \
  -ABANK4=0400h-04FFh -ABANK5=0500h-05FFh -ABANK6=0600h-06FFh \
  -ABANK7=0700h-07FFh -ABANK8=0800h-08FFh -ABANK9=0900h-09FFh \
  -ABANK10=0A00h-0AFFh -ABANK11=0B00h-0BFFh -ABANK12=0C00h-0CEEh \
  -ASFR=0D00h-0DFFhx2,0F00h-0F5Fh,0F60h-0F9Bh,0F9Dh-0FD3h,0FD5h-0FDAh,0FE0h-0FE2h,0FE8h-0FEAh,0FF0h-0FFBh \
  -preset_vec=00h,intcode=08h,intcodelo=018h,powerup,init,end_init \
  -pramtop=0D00h -psmallconst=SMALLCONST -pmediumconst=MEDIUMCONST \
  -pconst=CONST -AFARRAM=00h-00h -ACONFIG=0300000h-030000Dh -pconfig=CONFIG \
  -AIDLOC=0200000h-0200007h -pidloc=IDLOC -AEEDATA=0F00000h-0F003FFh \
  -peeprom_data=EEDATA \
  -prdata=COMRAM,nvrram=COMRAM,nvbit=COMRAM,rbss=COMRAM,rbit=COMRAM \
  -pfarbss=FARRAM,fardata=FARRAM,nvFARRAM=FARRAM \
  -pintsave_regs=BIGRAM,bigbss=BIGRAM,bigdata=BIGRAM -pbss=RAM \
  -pidata=CODE,irdata=CODE,ibigdata=CODE,ifardata=CODE -pparam1=BANK1 \
  C:\Users\DWHITF~1.TDY\AppData\Local\Temp\s940.obj \
  dist/xc8_pic18f4685/debug\Smart_Rf_PIC.debug.obj 

Object code version is 3.11

Machine type is 18F4685

Call graph: (short form)




                Name                               Link     Load   Length Selector   Space Scale
C:\Users\DWHITF~1.TDY\AppData\Local\Temp\s940.obj
                end_init                            4E8      4E8        4        C       0
                reset_vec                             0        0        6        0       0
                idloc                            200000   200000        8   200000       0
                config                           300000   300000        E   300000       0
dist/xc8_pic18f4685/debug\Smart_Rf_PIC.debug.obj
                intcodelo                            18       18      4D0        C       0
                intcode                               8        8       10        4       0
                mediumconst                        ECC0     ECC0     1340     7660       0
                intcode_body                      17BF0    17BF0       66     8000       0
                text136                           140F0    140F0      35E     8000       0
                text135                             E02      E02       18        C       0
                text134                             750      750       4E        C       0
                text133                             C94      C94       2E        C       0
                text132                           1679A    1679A       C8     8000       0
                text131                             E72      E72       16        C       0
                text130                             F2E      F2E        E        C       0
                text129                           17968    17968       70     8000       0
                text128                             C66      C66       2E        C       0
                text127                             F78      F78        8        C       0
                text126                             97C      97C       3E        C       0
                text125                           13D4A    13D4A      3A6     8000       0
                text124                             F5E      F5E        A        C       0
                text123                             F20      F20        E        C       0
                text122                             BA6      BA6       32        C       0
                text121                           161A2    161A2       EE     8000       0
                text120                             E5C      E5C       16        C       0
                text119                             AA2      AA2       38        C       0
                text118                           16C08    16C08       B2     8000       0
                text117                           15EC6    15EC6       FA     8000       0
                text116                           16928    16928       BE     8000       0
                text115                             E46      E46       16        C       0
                text114                             D18      D18       2A        C       0
                text113                           170AA    170AA       9E     8000       0
                text112                             7EA      7EA       4C        C       0
                text111                           17806    17806       78     8000       0
                text110                           171E2    171E2       96     8000       0
                text109                           15CCE    15CCE       FE     8000       0
                text108                           16EBC    16EBC       A6     8000       0
                text107                             F12      F12        E        C       0
                text106                             B74      B74       32        C       0
                text105                           17CBA    17CBA       42     8000       0
                text103                             EC4      EC4       12        C       0
                text102                           17714    17714       7A     8000       0
                text101                           14B64    14B64      1D6     8000       0
                text100                             DCA      DCA       1E        C       0
                text99                            17C56    17C56       64     8000       0
                text98                            17398    17398       8C     8000       0
                text97                            17006    17006       A4     8000       0
                text96                            17B86    17B86       6A     8000       0
                text95                              608      608       5A        C       0
                text94                            169E6    169E6       BC     8000       0
                text93                              F54      F54        A        C       0
                text92                              F48      F48        C        C       0
                text91                            1497A    1497A      1EA     8000       0
                text90                            17AB0    17AB0       6C     8000       0
                text89                              B42      B42       32        C       0
                text88                            160B2    160B2       F0     8000       0
                text87                              DE8      DE8       1A        C       0
                text86                            1778E    1778E       78     8000       0
                text85                              93E      93E       3E        C       0
                text84                              9F6      9F6       3C        C       0
                text83                            133AA    133AA      4D2     8000       0
                text82                              D8A      D8A       22        C       0
                text81                              4EC      4EC       62        C       0
                text80                              EB0      EB0       14        C       0
                text79                            17A44    17A44       6C     8000       0
                text78                            15BC6    15BC6      108     8000       0
                text77                              D66      D66       24        C       0
                text76                              702      702       4E        C       0
                text75                              D42      D42       24        C       0
                text74                            16290    16290       EA     8000       0
                text73                            17148    17148       9A     8000       0
                text72                            16604    16604       CE     8000       0
                text71                            16534    16534       D0     8000       0
                text70                            16AA2    16AA2       B4     8000       0
                text69                            1444E    1444E      2A4     8000       0
                text68                            1769A    1769A       7A     8000       0
                text67                            17620    17620       7A     8000       0
                text66                            175A6    175A6       7A     8000       0
                text65                            1645A    1645A       DA     8000       0
                text64                              8FE      8FE       40        C       0
                text63                              8BE      8BE       40        C       0
                text62                            17424    17424       84     8000       0
                text61                            1787E    1787E       76     8000       0
                text60                              B0E      B0E       34        C       0
                text59                            16862    16862       C6     8000       0
                text58                              F04      F04        E        C       0
                text57                            151C8    151C8      16A     8000       0
                text56                              9BA      9BA       3C        C       0
                text55                            15332    15332      156     8000       0
                text54                              E30      E30       16        C       0
                text53                              87E      87E       40        C       0
                text52                            1637A    1637A       E0     8000       0
                text51                              DAC      DAC       1E        C       0
                text50                              ADA      ADA       34        C       0
                text49                            178F4    178F4       74     8000       0
                text48                            16F62    16F62       A4     8000       0
                text47                              A6A      A6A       38        C       0
                text46                              C38      C38       2E        C       0
                text45                            1270C    1270C      C9E     8000       0
                text44                            146F2    146F2      288     8000       0
                text43                            15AA6    15AA6      120     8000       0
                text42                            155DA    155DA      152     8000       0
                text41                            1505C    1505C      16C     8000       0
                text40                            15488    15488      152     8000       0
                text39                              C08      C08       30        C       0
                text38                            166D2    166D2       C8     8000       0
                text37                            16B56    16B56       B2     8000       0
                text36                            15FC0    15FC0       F2     8000       0
                text35                            17278    17278       94     8000       0
                text34                            14D3A    14D3A      1B2     8000       0
                text33                            174A8    174A8       80     8000       0
                text32                            17528    17528       7E     8000       0
                text31                            179D8    179D8       6C     8000       0
                text30                              CC2      CC2       2C        C       0
                text29                            1730C    1730C       8C     8000       0
                text28                            10000    10000     270C     8000       0
                text27                              F70      F70        8        C       0
                text26                              F3C      F3C        C        C       0
                text25                            16E16    16E16       A6     8000       0
                text24                              5AC      5AC       5C        C       0
                text23                              E9C      E9C       14        C       0
                text22                            1585A    1585A      12C     8000       0
                text21                              662      662       52        C       0
                text20                              BD8      BD8       30        C       0
                text19                            1572C    1572C      12E     8000       0
                text18                              79E      79E       4C        C       0
                text17                            17B1C    17B1C       6A     8000       0
                text16                              EE6      EE6       10        C       0
                text15                            14EEC    14EEC      170     8000       0
                text14                            15DCC    15DCC       FA     8000       0
                text13                            16CBA    16CBA       B0     8000       0
                text12                              CEE      CEE       2A        C       0
                text11                              6B4      6B4       4E        C       0
                text10                              A32      A32       38        C       0
                text9                               EF6      EF6        E        C       0
                text8                               F84      F84        4        C       0
                text7                               54E      54E       5E        C       0
                text6                               F80      F80        4        C       0
                text5                               E1A      E1A       16        C       0
                text4                               836      836       48        C       0
                text3                               F68      F68        8        C       0
                text2                               ED6      ED6       10        C       0
                text1                             15986    15986      120     8000       0
                text0                             1387C    1387C      4CE     8000       0
                cstackCOMRAM                          1        1       4E        1       1
                cstackBANK0                          60       60       8E       60       1
                cstackBANK1                         100      100       8A      100       1
                cstackBANK2                         200      200       E5      200       1
                bssBANK5                            500      500       64      500       1
                bssBANK4                            400      400       F4      400       1
                dataBANK3                           3A4      3A4       14      300       1
                bssBANK3                            300      300       A4      300       1
                bssBANK2                            2E5      2E5       10      200       1
                dataBANK1                           1EE      1EE        2      100       1
                bssBANK1                            18A      18A       64      100       1
                bssBANK0                             EE       EE        B       60       1
                dataCOMRAM                           4F       4F        4        1       1
                bssCOMRAM                            53       53        3        1       1
                cinit                             16D6A    16D6A       AC     8000       0
                idataBANK3                          E88      E88       14        C       0
                idataBANK1                          F88      F88        2        C       0
                idataCOMRAM                       17CFC    17CFC        4     8000       0

TOTAL           Name                               Link     Load   Length     Space
        CLASS   STACK          

        CLASS   CODE           
                end_init                            4E8      4E8        4         0
                intcodelo                            18       18      4D0         0
                intcode                               8        8       10         0
                reset_vec                             0        0        6         0
                intcode_body                      17BF0    17BF0       66         0
                text136                           140F0    140F0      35E         0
                text135                             E02      E02       18         0
                text134                             750      750       4E         0
                text133                             C94      C94       2E         0
                text132                           1679A    1679A       C8         0
                text131                             E72      E72       16         0
                text130                             F2E      F2E        E         0
                text129                           17968    17968       70         0
                text128                             C66      C66       2E         0
                text127                             F78      F78        8         0
                text126                             97C      97C       3E         0
                text125                           13D4A    13D4A      3A6         0
                text124                             F5E      F5E        A         0
                text123                             F20      F20        E         0
                text122                             BA6      BA6       32         0
                text121                           161A2    161A2       EE         0
                text120                             E5C      E5C       16         0
                text119                             AA2      AA2       38         0
                text118                           16C08    16C08       B2         0
                text117                           15EC6    15EC6       FA         0
                text116                           16928    16928       BE         0
                text115                             E46      E46       16         0
                text114                             D18      D18       2A         0
                text113                           170AA    170AA       9E         0
                text112                             7EA      7EA       4C         0
                text111                           17806    17806       78         0
                text110                           171E2    171E2       96         0
                text109                           15CCE    15CCE       FE         0
                text108                           16EBC    16EBC       A6         0
                text107                             F12      F12        E         0
                text106                             B74      B74       32         0
                text105                           17CBA    17CBA       42         0
                text103                             EC4      EC4       12         0
                text102                           17714    17714       7A         0
                text101                           14B64    14B64      1D6         0
                text100                             DCA      DCA       1E         0
                text99                            17C56    17C56       64         0
                text98                            17398    17398       8C         0
                text97                            17006    17006       A4         0
                text96                            17B86    17B86       6A         0
                text95                              608      608       5A         0
                text94                            169E6    169E6       BC         0
                text93                              F54      F54        A         0
                text92                              F48      F48        C         0
                text91                            1497A    1497A      1EA         0
                text90                            17AB0    17AB0       6C         0
                text89                              B42      B42       32         0
                text88                            160B2    160B2       F0         0
                text87                              DE8      DE8       1A         0
                text86                            1778E    1778E       78         0
                text85                              93E      93E       3E         0
                text84                              9F6      9F6       3C         0
                text83                            133AA    133AA      4D2         0
                text82                              D8A      D8A       22         0
                text81                              4EC      4EC       62         0
                text80                              EB0      EB0       14         0
                text79                            17A44    17A44       6C         0
                text78                            15BC6    15BC6      108         0
                text77                              D66      D66       24         0
                text76                              702      702       4E         0
                text75                              D42      D42       24         0
                text74                            16290    16290       EA         0
                text73                            17148    17148       9A         0
                text72                            16604    16604       CE         0
                text71                            16534    16534       D0         0
                text70                            16AA2    16AA2       B4         0
                text69                            1444E    1444E      2A4         0
                text68                            1769A    1769A       7A         0
                text67                            17620    17620       7A         0
                text66                            175A6    175A6       7A         0
                text65                            1645A    1645A       DA         0
                text64                              8FE      8FE       40         0
                text63                              8BE      8BE       40         0
                text62                            17424    17424       84         0
                text61                            1787E    1787E       76         0
                text60                              B0E      B0E       34         0
                text59                            16862    16862       C6         0
                text58                              F04      F04        E         0
                text57                            151C8    151C8      16A         0
                text56                              9BA      9BA       3C         0
                text55                            15332    15332      156         0
                text54                              E30      E30       16         0
                text53                              87E      87E       40         0
                text52                            1637A    1637A       E0         0
                text51                              DAC      DAC       1E         0
                text50                              ADA      ADA       34         0
                text49                            178F4    178F4       74         0
                text48                            16F62    16F62       A4         0
                text47                              A6A      A6A       38         0
                text46                              C38      C38       2E         0
                text45                            1270C    1270C      C9E         0
                text44                            146F2    146F2      288         0
                text43                            15AA6    15AA6      120         0
                text42                            155DA    155DA      152         0
                text41                            1505C    1505C      16C         0
                text40                            15488    15488      152         0
                text39                              C08      C08       30         0
                text38                            166D2    166D2       C8         0
                text37                            16B56    16B56       B2         0
                text36                            15FC0    15FC0       F2         0
                text35                            17278    17278       94         0
                text34                            14D3A    14D3A      1B2         0
                text33                            174A8    174A8       80         0
                text32                            17528    17528       7E         0
                text31                            179D8    179D8       6C         0
                text30                              CC2      CC2       2C         0
                text29                            1730C    1730C       8C         0
                text28                            10000    10000     270C         0
                text27                              F70      F70        8         0
                text26                              F3C      F3C        C         0
                text25                            16E16    16E16       A6         0
                text24                              5AC      5AC       5C         0
                text23                              E9C      E9C       14         0
                text22                            1585A    1585A      12C         0
                text21                              662      662       52         0
                text20                              BD8      BD8       30         0
                text19                            1572C    1572C      12E         0
                text18                              79E      79E       4C         0
                text17                            17B1C    17B1C       6A         0
                text16                              EE6      EE6       10         0
                text15                            14EEC    14EEC      170         0
                text14                            15DCC    15DCC       FA         0
                text13                            16CBA    16CBA       B0         0
                text12                              CEE      CEE       2A         0
                text11                              6B4      6B4       4E         0
                text10                              A32      A32       38         0
                text9                               EF6      EF6        E         0
                text8                               F84      F84        4         0
                text7                               54E      54E       5E         0
                text6                               F80      F80        4         0
                text5                               E1A      E1A       16         0
                text4                               836      836       48         0
                text3                               F68      F68        8         0
                text2                               ED6      ED6       10         0
                text1                             15986    15986      120         0
                text0                             1387C    1387C      4CE         0
                cinit                             16D6A    16D6A       AC         0
                idataBANK3                          E88      E88       14         0
                idataBANK1                          F88      F88        2         0
                idataCOMRAM                       17CFC    17CFC        4         0

        CLASS   CONST          

        CLASS   SMALLCONST     

        CLASS   MEDIUMCONST    
                mediumconst                        ECC0     ECC0     1340         0

        CLASS   COMRAM         
                cstackCOMRAM                          1        1       4E         1
                dataCOMRAM                           4F       4F        4         1
                bssCOMRAM                            53       53        3         1

        CLASS   ABS1           

        CLASS   BIGRAM         

        CLASS   RAM            

        CLASS   BANK0          
                cstackBANK0                          60       60       8E         1
                bssBANK0                             EE       EE        B         1

        CLASS   BANK1          
                cstackBANK1                         100      100       8A         1
                dataBANK1                           1EE      1EE        2         1
                bssBANK1                            18A      18A       64         1

        CLASS   BANK2          
                cstackBANK2                         200      200       E5         1
                bssBANK2                            2E5      2E5       10         1

        CLASS   BANK3          
                dataBANK3                           3A4      3A4       14         1
                bssBANK3                            300      300       A4         1

        CLASS   BANK4          
                bssBANK4                            400      400       F4         1

        CLASS   BANK5          
                bssBANK5                            500      500       64         1

        CLASS   BANK6          

        CLASS   BANK7          

        CLASS   BANK8          

        CLASS   BANK9          

        CLASS   BANK10         

        CLASS   BANK11         

        CLASS   BANK12         

        CLASS   SFR            

        CLASS   FARRAM         

        CLASS   CONFIG         
                config                           300000   300000        E         0

        CLASS   IDLOC          
                idloc                            200000   200000        8         0

        CLASS   EEDATA         



SEGMENTS        Name                           Load    Length   Top    Selector   Space  Class

                reset_vec                      000000  000006  000006         0       0  CODE    
                cstackCOMRAM                   000001  000055  000056         1       1  COMRAM  
                intcode                        000008  000010  000018         4       0  CODE    
                intcodelo                      000018  000F72  000F8A         C       0  CODE    
                cstackBANK0                    000060  000099  0000F9        60       1  BANK0   
                cstackBANK1                    000100  0000F0  0001F0       100       1  BANK1   
                cstackBANK2                    000200  0000F5  0002F5       200       1  BANK2   
                bssBANK3                       000300  0000B8  0003B8       300       1  BANK3   
                bssBANK4                       000400  0000F4  0004F4       400       1  BANK4   
                bssBANK5                       000500  000064  000564       500       1  BANK5   
                mediumconst                    00ECC0  001340  010000      7660       0  MEDIUMCO
                text28                         010000  007D00  017D00      8000       0  CODE    
                idloc                          200000  000008  200008    200000       0  IDLOC   
                config                         300000  00000E  30000E    300000       0  CONFIG  


UNUSED ADDRESS RANGES

        Name                Unused          Largest block    Delta
        BANK0            0000F9-0000FF                7
        BANK1            0001F0-0001FF               10
        BANK10           000A00-000AFF              100
        BANK11           000B00-000BFF              100
        BANK12           000C00-000CEE               EF
        BANK2            0002F5-0002FF                B
        BANK3            0003B8-0003FF               48
        BANK4            0004F4-0004FF                C
        BANK5            000564-0005FF               9C
        BANK6            000600-0006FF              100
        BANK7            000700-0007FF              100
        BANK8            000800-0008FF              100
        BANK9            000900-0009FF              100
        BIGRAM           000056-00005F                A
                         0000F9-0000FF                7
                         0001F0-0001FF               10
                         0002F5-0002FF                B
                         0003B8-0003FF               48
                         0004F4-0004FF                C
                         000564-000CEE              78B
        CODE             000006-000007                2
                         000F8A-00ECBF             DD36
        COMRAM           000056-00005F                A
        CONST            000006-000007                2
                         000F8A-00ECBF             DD36
        EEDATA           F00000-F003FF              400
        MEDIUMCONST      000F8A-00ECBF             DD36
        RAM              0000F9-0000FF                7
                         0001F0-0001FF               10
                         0002F5-0002FF                B
                         0003B8-0003FF               48
                         0004F4-0004FF                C
                         000564-000CEE              100
        SFR              000D00-000F9B              100
                         000F9D-000FD3               37
                         000FD5-000FDA                6
                         000FE0-000FE2                3
                         000FE8-000FEA                3
                         000FF0-000FFB                C
        SMALLCONST       000F8A-00ECBF              100
        STACK            000564-000CEE              78B

                                  Symbol Table

?_GetBaud                              cstackBANK1  00010E
?_GetEEPROM                            cstackBANK1  000132
?_GetEnteredNumber                     cstackBANK1  00011A
?_GetMemoryBaud                        cstackBANK1  000111
?_GetMemoryChar                        cstackBANK1  000111
?_GetMemoryLong                        cstackBANK1  000111
?_I2C_Read_At_Address                  cstackBANK1  000110
?_InternalADC_Read                     cstackBANK1  00011D
?_ReadEEPROM_1Byte                     cstackBANK1  00010E
?_SetEEPROM                            cstackBANK1  000143
?___aldiv                              cstackBANK1  000114
?___awdiv                              cstackBANK1  00010E
?___awmod                              cstackBANK1  00010E
?___ftdiv                              cstackBANK1  00011A
?___ftmul                              cstackBANK1  000129
?___ftpack                             cstackBANK1  00010E
?___fttol                              cstackBANK1  000138
?___lbtoft                             cstackBANK1  000116
?___lldiv                              cstackBANK1  00010E
?___llmod                              cstackBANK1  00011B
?___lmul                               cstackBANK1  00010E
?___lwmod                              cstackBANK1  00010E
?___lwtoft                             cstackBANK1  000116
?___wmul                               cstackBANK1  00010E
?_sprintf                              cstackBANK1  000124
?i1_GetMemoryBaud                      cstackCOMRAM 000004
?i1_GetMemoryLong                      cstackCOMRAM 000004
?i1_ReadEEPROM_1Byte                   cstackCOMRAM 000001
?i1_SetEEPROM                          cstackCOMRAM 000036
BufferCopy@count                       cstackBANK1  00011A
BufferCopy@from                        cstackBANK1  000116
BufferCopy@i                           cstackBANK1  00011C
BufferCopy@shift                       cstackBANK1  00011B
BufferCopy@to                          cstackBANK1  000118
CheckSum_byte@Odd_Even                 cstackBANK1  000110
CheckSum_byte@Parity                   cstackBANK1  000113
CheckSum_byte@This                     cstackBANK1  00010E
CheckSum_byte@ThisTemp                 cstackBANK1  000111
CheckSum_byte@i                        cstackBANK1  000114
Command@ADC_Value                      cstackBANK2  0002C8
Command@BAUDtemp                       cstackBANK2  0002CE
Command@Input                          cstackBANK1  000188
Command@PARITYtemp                     cstackBANK2  0002D4
Command@RTC_Battery_Value              cstackBANK2  0002CA
Command@RTC_Battery_Value_HIGH_decimal cstackBANK2  0002CC
Command@RTC_Battery_Value_LOW_decimal  cstackBANK2  0002D2
Command@buf                            cstackBANK2  000200
Command@channel                        cstackBANK2  0002DA
Command@contrast                       cstackBANK2  0002D8
Command@duty                           cstackBANK2  0002DC
Command@tempLONG                       cstackBANK2  0002DE
EnableInternalADC@channels             cstackBANK1  00010F
EnableInternalADC@config               cstackBANK1  00010E
GetEEPROM@Temp                         cstackBANK1  00013B
GetEnteredNumber@This                  cstackBANK1  00011A
GetEnteredNumber@i                     cstackBANK1  000123
GetEnteredNumber@negative              cstackBANK1  000124
GetEnteredNumber@temp                  cstackBANK1  000125
GetMemoryBaud@BaudTempH                cstackBANK1  00012D
GetMemoryBaud@BaudTempL                cstackBANK1  000130
GetMemoryBaud@BaudTempMH               cstackBANK1  00012E
GetMemoryBaud@BaudTempML               cstackBANK1  00012F
GetMemoryBaud@baud                     cstackBANK1  000129
GetMemoryChar@AddressFirst             cstackBANK1  000115
GetMemoryChar@H                        cstackBANK1  000116
GetMemoryLong@AddressFirst             cstackBANK1  000131
GetMemoryLong@H                        cstackBANK1  00012D
GetMemoryLong@L                        cstackBANK1  000130
GetMemoryLong@MH                       cstackBANK1  00012E
GetMemoryLong@ML                       cstackBANK1  00012F
GetMemoryLong@temp                     cstackBANK1  000129
GetMemoryParity@Parity                 cstackBANK1  000111
I2C_Read_At_Address@I2Caddress         cstackBANK1  000112
I2C_Read_At_Address@Register           cstackBANK1  000110
I2C_Read_Sequential@I2Caddress         cstackBANK1  000115
I2C_Read_Sequential@Register           cstackBANK1  000111
I2C_Read_Sequential@length             cstackBANK1  000114
I2C_Read_Sequential@rdptr              cstackBANK1  000112
I2C_Write_At_Address@I2Caddress        cstackBANK1  000114
I2C_Write_At_Address@Register          cstackBANK1  000110
I2C_Write_At_Address@data              cstackBANK1  000111
IRrawToNEC@Invert                      cstackCOMRAM 000005
IRrawToNEC@NEC                         cstackCOMRAM 000003
IRrawToNEC@NECtemp                     cstackCOMRAM 000008
IRrawToNEC@Pause                       cstackCOMRAM 00000C
IRrawToNEC@Raw                         cstackCOMRAM 000001
IRrawToNEC@StartBit                    cstackCOMRAM 00000F
IRrawToNEC@first                       cstackCOMRAM 00000D
IRrawToNEC@i                           cstackCOMRAM 00000E
ISNUMBER@ascii                         cstackBANK1  00010E
InitUART@Baud                          cstackBANK1  00011B
InitUART@baudconfig                    cstackBANK1  000126
InitUART@config                        cstackBANK1  000127
InitUART@parity                        cstackBANK1  00011F
InitUART@spbrg                         cstackBANK1  000124
InitUART@temp                          cstackBANK1  000128
Init_I2C_Master@baud                   cstackBANK1  000110
InternalADC_Read@channel               cstackBANK1  000121
IsPrintableASCII@data                  cstackCOMRAM 000001
LCDPrintChar@character                 cstackBANK1  00011C
LCDPrintString@Text                    cstackBANK1  00011C
LCDPrintString@c                       cstackBANK1  00011E
LCD_Scroll@This                        cstackBANK1  00011D
LCDdisplayFeedback@Text                cstackBANK1  000120
Multiple_I2C_Read@length               cstackBANK1  000110
Multiple_I2C_Read@rdptr                cstackBANK1  00010E
One_Config1@pin                        cstackBANK1  000118
One_Config2@pin                        cstackBANK1  000118
OpenI2C@slew                           cstackBANK1  00010E
OpenI2C@sync_mode                      cstackBANK1  00010F
OpenUSART@config                       cstackBANK1  000110
OpenUSART@spbrg                        cstackBANK1  00010E
Parse_Time@TempTime                    cstackBANK1  000112
Parse_Time@This                        cstackBANK1  00010E
Parse_Time@temp                        cstackBANK1  000111
READ_RTC_TIME@Error                    cstackBANK1  00011F
READ_RTC_TIME@temp                     cstackBANK1  000118
RTC_Clock_Enable@Error                 cstackBANK1  00011A
RTC_Clock_Enable@tempSeconds           cstackBANK1  000118
RTC_TIME_NONMilitary@Error             cstackBANK1  000119
RTC_TIME_NONMilitary@temphours         cstackBANK1  00011B
ReadEEPROM_1Byte@GIEstatus             cstackBANK1  000110
ReadEEPROM_1Byte@address               cstackBANK1  00010E
ReadUSART@data                         cstackBANK1  00010E
RemoveSpaces@That                      cstackBANK1  000120
RemoveSpaces@This                      cstackBANK1  00011D
RemoveSpaces@address                   cstackBANK1  000184
RemoveSpaces@i                         cstackBANK1  000186
SET_RTC_TIME@Error                     cstackBANK1  00012A
SET_RTC_TIME@SetTime                   cstackBANK1  000116
SET_RTC_TIME@temp                      cstackBANK1  000123
SendLCDbyte@LSB_nibble                 cstackBANK1  00011B
SendLCDbyte@MSB_nibble                 cstackBANK1  00011A
SendLCDbyte@data                       cstackBANK1  000119
SendLCDbyte@isCommand                  cstackBANK1  000118
Send_Config1@data                      cstackBANK1  000119
Send_Config1@i                         cstackBANK1  00011D
Send_Config1@pin                       cstackBANK1  00011E
Send_Config2@data                      cstackBANK1  000119
Send_Config2@i                         cstackBANK1  00011E
Send_Config2@pin                       cstackBANK1  00011D
SetBaud@Baud                           cstackBANK1  000150
SetBaud@Parity                         cstackBANK1  000154
SetBaud@buf                            cstackBANK1  000155
SetBaud@status                         cstackBANK1  000187
SetContrast@Duty                       cstackBANK1  00014E
SetContrast@LSB                        cstackBANK1  00014B
SetContrast@MSB                        cstackBANK1  00014A
SetContrast@temp                       cstackBANK1  00014C
SetContrast@tempPR2                    cstackBANK1  000147
SetDuty@Duty                           cstackBANK1  000147
SetDuty@LSB                            cstackBANK1  00014C
SetDuty@MSB                            cstackBANK1  00014B
SetDuty@temp                           cstackBANK1  00014D
SetDuty@tempPR2                        cstackBANK1  000148
SetEEPROM@Temp                         cstackBANK1  000143
SetEEPROM@burn                         cstackBANK1  00014C
SetEEPROM@fail                         cstackBANK1  000150
SetFreq@freq                           cstackBANK1  000122
SetFreq@temp                           cstackBANK1  000124
SetLCDcursor@Col                       cstackBANK1  00011C
SetLCDcursor@Row                       cstackBANK1  00011D
SetLCDcursor@address                   cstackBANK1  00011E
SetMemoryBaud@Baud                     cstackBANK1  000131
SetMemoryBaud@BaudTempH                cstackBANK1  00013D
SetMemoryBaud@BaudTempL                cstackBANK1  000140
SetMemoryBaud@BaudTempMH               cstackBANK1  00013E
SetMemoryBaud@BaudTempML               cstackBANK1  00013F
SetMemoryBaud@Test                     cstackBANK1  000139
SetMemoryLong@AddressFirst             cstackBANK1  000136
SetMemoryLong@Data                     cstackBANK1  000132
SetMemoryLong@H                        cstackBANK1  00013F
SetMemoryLong@L                        cstackBANK1  000142
SetMemoryLong@MH                       cstackBANK1  000140
SetMemoryLong@ML                       cstackBANK1  000141
SetMemoryLong@Test                     cstackBANK1  00013B
SetMemoryParity@Parity                 cstackBANK1  000113
SetMemoryParity@Test                   cstackBANK1  000112
SprintDate@DisplayTime                 cstackBANK1  000152
SprintDate@Military                    cstackBANK1  00015B
SprintDate@ReturnBuf                   cstackBANK1  000150
StartsWith@That                        cstackBANK1  000110
StartsWith@This                        cstackBANK1  00010E
StringAddEqual@Input                   cstackBANK1  00011D
StringAddEqual@firstnumber             cstackBANK1  000185
StringAddEqual@i                       cstackBANK1  000186
StringAddEqual@j                       cstackBANK1  000187
StringAddEqual@temp                    cstackBANK1  000121
StringContains@That                    cstackBANK1  000110
StringContains@This                    cstackBANK1  00010E
StringMatch@That                       cstackBANK1  000110
StringMatch@This                       cstackBANK1  00010E
SyncEEPROMandGLOBAL@Temp               cstackBANK1  000144
UARTchar@NinethBit_override            cstackBANK1  000115
UARTchar@NinethBit_override_data       cstackBANK1  000116
UARTchar@data                          cstackBANK1  000118
UARTstring@data                        cstackBANK1  000119
UARTstringWAIT@data                    cstackBANK1  000119
UseIRCode@Code                         cstackCOMRAM 000047
UseIRCode@NEC                          cstackCOMRAM 000049
UseIRCode@i                            cstackCOMRAM 00004E
WriteEEPROM_1Byte@GIEstatus            cstackBANK1  000111
WriteEEPROM_1Byte@address              cstackBANK1  00010E
WriteEEPROM_1Byte@data                 cstackBANK1  000110
WriteI2C@data_out                      cstackBANK1  00010F
Zero_Config1@pin                       cstackBANK1  000118
Zero_Config2@pin                       cstackBANK1  000118
_ADCON0                                (abs)        000FC2
_ADCON1                                (abs)        000FC1
_ADCON2                                (abs)        000FC0
_ADRESH                                (abs)        000FC4
_ADRESL                                (abs)        000FC3
_Aux2OFF                               mediumconst  00ED99
_Aux2ON                                mediumconst  00EDA9
_AuxOFF                                mediumconst  00EDB9
_AuxON                                 mediumconst  00EDC9
_BAUDCON                               (abs)        000FB8
_BedOFF                                mediumconst  00EDD9
_BedON                                 mediumconst  00EDE9
_BlueLEDcount                          dataBANK1    0001EE
_BufferCopy                            text94       0169E6
_CCP1CON                               (abs)        000FBD
_CCPR1L                                (abs)        000FBE
_CheckSum_byte                         text99       017C56
_ClearLCD                              text87       000DE8
_Command                               text28       010000
_ConfigureOscillator                   text27       000F70
_ContrastPWM_init                      text26       000F3C
_ECCP1CON                              (abs)        000FBA
_ECCPR1L                               (abs)        000FBB
_EEADR                                 (abs)        000FA9
_EEADRH                                (abs)        000FAA
_EECON1bits                            (abs)        000FA6
_EECON2                                (abs)        000FA7
_EEDATA                                (abs)        000FA8
_EEPROM_UNLOCK                         text54       000E30
_EnableInternalADC                     text25       016E16
_GetBaud                               text103      000EC4
_GetEEPROM                             text11       0006B4
_GetEnteredNumber                      text101      014B64
_GetMemoryBaud                         text55       015332
_GetMemoryChar                         text12       000CEE
_GetMemoryLong                         text15       014EEC
_GetMemoryParity                       text51       000DAC
_Global                                bssBANK1     00018A
_I2C_Read_At_Address                   text19       01572C
_I2C_Read_Sequential                   text78       015BC6
_I2C_Write_At_Address                  text72       016604
_INTCON2bits                           (abs)        000FF1
_INTCONbits                            (abs)        000FF2
_IPR1bits                              (abs)        000F9F
_IRRawCode                             bssBANK4     000464
_IR_NEC                                bssBANK0     0000F4
_IR_New_Code                           bssBANK0     0000F8
_IRfault                               bssCOMRAM    000053
_IRpinOLD                              bssBANK0     0000F0
_IRrawCodeNum                          bssBANK0     0000F1
_IRrawCount                            bssBANK0     0000EE
_IRrawToNEC                            text136      0140F0
_ISNUMBER                              text100      000DCA
_IdleI2C                               text80       000EB0
_InitApp                               text24       0005AC
_InitUART                              text57       0151C8
_Init_I2C_Master                       text76       000702
_InternalADC_Read                      text96       017B86
_IsPrintableASCII                      text135      000E02
_LATA                                  (abs)        000F89
_LATC                                  (abs)        000F8B
_LATD                                  (abs)        000F8C
_LATE                                  (abs)        000F8D
_LCDPrintChar                          text23       000E9C
_LCDPrintString                        text86       01778E
_LCDScreenUpdate                       text125      013D4A
_LCD_Scroll                            text91       01497A
_LCDclearCount                         dataCOMRAM   00004F
_LCDdisplayFeedback                    text84       0009F6
_LCDwait                               bssBANK1     00019C
_Multiple_I2C_Read                     text81       0004EC
_NowTime                               bssBANK1     000193
_OSCCON                                (abs)        000FD3
_One_Config1                           text68       01769A
_One_Config2                           text64       0008FE
_OpenI2C                               text77       000D66
_OpenUSART                             text61       01787E
_PIE1                                  (abs)        000F9D
_PIE1bits                              (abs)        000F9D
_PIR1bits                              (abs)        000F9E
_PIR2bits                              (abs)        000FA1
_PORTB                                 (abs)        000F81
_PR2                                   (abs)        000FCB
_PWM_init                              text20       000BD8
_Parse_Time                            text83       0133AA
_PulseEnablePin                        text89       000B42
_RCONbits                              (abs)        000FD0
_RCREG                                 (abs)        000FAE
_RCSTA                                 (abs)        000FAB
_RCSTAbits                             (abs)        000FAB
_READ_RTC_TIME                         text74       016290
_RTC_Clock_Enable                      text18       00079E
_RTC_INIT                              text16       000EE6
_RTC_TIME_NONMilitary                  text17       017B1C
_ReadButton1                           text123      000F20
_ReadEEPROM_1Byte                      text56       0009BA
_ReadIRpin                             text9        000EF6
_ReadUSART                             text60       000B0E
_RemoveSpaces                          text73       017148
_ResetI2C                              text75       000D42
_Reset_Timer0                          text124      000F5E
_Reset_Timer1                          text93       000F54
_Rxdata                                bssBANK3     000300
_SET_RTC_TIME                          text69       01444E
_SPBRG                                 (abs)        000FAF
_SPBRGH                                (abs)        000FB0
_SSPADD                                (abs)        000FC8
_SSPBUF                                (abs)        000FC9
_SSPCON1                               (abs)        000FC6
_SSPCON1bits                           (abs)        000FC6
_SSPCON2                               (abs)        000FC5
_SSPCON2bits                           (abs)        000FC5
_SSPSTAT                               (abs)        000FC7
_SSPSTATbits                           (abs)        000FC7
_ScrollDisplayPosition                 bssCOMRAM    000054
_ScrollFIFOCount                       bssCOMRAM    000055
_Scroll_1                              bssBANK1     00019E
_Scroll_10                             bssBANK3     000364
_Scroll_2                              bssBANK1     0001AE
_Scroll_3                              bssBANK1     0001BE
_Scroll_4                              bssBANK1     0001CE
_Scroll_5                              bssBANK1     0001DE
_Scroll_6                              bssBANK2     0002E5
_Scroll_7                              bssBANK3     000374
_Scroll_8                              bssBANK3     000384
_Scroll_9                              bssBANK3     000394
_SendLCDbyte                           text88       0160B2
_Send_Config1                          text65       01645A
_Send_Config2                          text62       017424
_SetBaud                               text44       0146F2
_SetContrast                           text38       0166D2
_SetDuty                               text37       016B56
_SetEEPROM                             text13       016CBA
_SetFreq                               text21       000662
_SetLCDcursor                          text85       00093E
_SetMemoryBaud                         text52       01637A
_SetMemoryLong                         text14       015DCC
_SetMemoryParity                       text50       000ADA
_SprintDate                            text36       015FC0
_Start_Timer0                          text8        000F84
_Start_Timer1                          text92       000F48
_StartsWith                            text35       017278
_Stop_Timer0                           text6        000F80
_Stop_Timer1                           text3        000F68
_StringAddEqual                        text34       014D3A
_StringContains                        text33       0174A8
_StringMatch                           text32       017528
_SubLightOFF                           mediumconst  00EDF9
_SubLightON                            mediumconst  00EE09
_SyncEEPROMandGLOBAL                   text10       000A32
_T0CONbits                             (abs)        000FD5
_T1CONbits                             (abs)        000FCD
_T2CON                                 (abs)        000FCA
_TMR0H                                 (abs)        000FD7
_TMR0L                                 (abs)        000FD6
_TMR1H                                 (abs)        000FCF
_TMR1L                                 (abs)        000FCE
_TRISAbits                             (abs)        000F92
_TRISBbits                             (abs)        000F93
_TRISCbits                             (abs)        000F94
_TRISDbits                             (abs)        000F95
_TRISEbits                             (abs)        000F96
_TXREG                                 (abs)        000FAD
_TXSTA                                 (abs)        000FAC
_TXSTAbits                             (abs)        000FAC
_TXToiletAlexBathroom                  mediumconst  00ED39
_TXToiletMyBathroom                    mediumconst  00ED45
_TX_OLD                                bssBANK0     0000F2
_TXdataBedroomCLOSED                   mediumconst  00ED51
_TXdataBedroomOPENED                   mediumconst  00ED5D
_TXdataD                               mediumconst  00EE39
_TXdataE                               mediumconst  00EE45
_TXdataF                               mediumconst  00EE51
_TXdataFrontCLOSED                     mediumconst  00ED69
_TXdataFrontOPENED                     mediumconst  00ED75
_TXdataLabCLOSED                       mediumconst  00ED81
_TXdataLabOPENED                       mediumconst  00ED8D
_Txdata                                bssBANK5     000500
_UARTchar                              text98       017398
_UARTstring                            text97       017006
_UARTstringWAIT                        text49       0178F4
_USART_Status                          bssBANK1     00019D
_UseIRCode                             text109      015CCE
_Version                               dataBANK3    0003A4
_WriteEEPROM_1Byte                     text53       00087E
_WriteI2C                              text79       017A44
_Zero_Config1                          text67       017620
_Zero_Config2                          text63       0008BE
__CFG_BBSIZ$1024                       (abs)        000000
__CFG_BOREN$BOHW                       (abs)        000000
__CFG_BORV$3                           (abs)        000000
__CFG_CP0$OFF                          (abs)        000000
__CFG_CP1$OFF                          (abs)        000000
__CFG_CP2$OFF                          (abs)        000000
__CFG_CP3$OFF                          (abs)        000000
__CFG_CP4$OFF                          (abs)        000000
__CFG_CP5$OFF                          (abs)        000000
__CFG_CPB$OFF                          (abs)        000000
__CFG_CPD$OFF                          (abs)        000000
__CFG_EBTR0$OFF                        (abs)        000000
__CFG_EBTR1$OFF                        (abs)        000000
__CFG_EBTR2$OFF                        (abs)        000000
__CFG_EBTR3$OFF                        (abs)        000000
__CFG_EBTR4$OFF                        (abs)        000000
__CFG_EBTR5$OFF                        (abs)        000000
__CFG_EBTRB$OFF                        (abs)        000000
__CFG_FCMEN$OFF                        (abs)        000000
__CFG_IESO$OFF                         (abs)        000000
__CFG_LPT1OSC$OFF                      (abs)        000000
__CFG_LVP$OFF                          (abs)        000000
__CFG_MCLRE$ON                         (abs)        000000
__CFG_OSC$HSPLL                        (abs)        000000
__CFG_PBADEN$ON                        (abs)        000000
__CFG_PWRT$ON                          (abs)        000000
__CFG_STVREN$ON                        (abs)        000000
__CFG_WDT$OFF                          (abs)        000000
__CFG_WDTPS$32768                      (abs)        000000
__CFG_WRT0$OFF                         (abs)        000000
__CFG_WRT1$OFF                         (abs)        000000
__CFG_WRT2$OFF                         (abs)        000000
__CFG_WRT3$OFF                         (abs)        000000
__CFG_WRT4$OFF                         (abs)        000000
__CFG_WRT5$OFF                         (abs)        000000
__CFG_WRTB$OFF                         (abs)        000000
__CFG_WRTC$OFF                         (abs)        000000
__CFG_WRTD$OFF                         (abs)        000000
__CFG_XINST$OFF                        (abs)        000000
__HRAM                                 (abs)        000000
__Habs1                                abs1         000000
__Hbank0                               bank0        000000
__Hbank1                               bank1        000000
__Hbank10                              bank10       000000
__Hbank11                              bank11       000000
__Hbank12                              bank12       000000
__Hbank2                               bank2        000000
__Hbank3                               bank3        000000
__Hbank4                               bank4        000000
__Hbank5                               bank5        000000
__Hbank6                               bank6        000000
__Hbank7                               bank7        000000
__Hbank8                               bank8        000000
__Hbank9                               bank9        000000
__Hbigbss                              bigbss       000000
__Hbigdata                             bigdata      000000
__Hbigram                              bigram       000000
__Hbss                                 bss          000000
__HbssBANK0                            bssBANK0     000000
__HbssBANK1                            bssBANK1     000000
__HbssBANK2                            bssBANK2     000000
__HbssBANK3                            bssBANK3     000000
__HbssBANK4                            bssBANK4     000000
__HbssBANK5                            bssBANK5     000000
__HbssCOMRAM                           bssCOMRAM    000000
__Hcinit                               cinit        000000
__Hclrtext                             clrtext      000000
__Hcomram                              comram       000000
__Hconfig                              config       30000E
__Hconst                               const        000000
__HcstackBANK0                         cstackBANK0  000000
__HcstackBANK1                         cstackBANK1  000000
__HcstackBANK2                         cstackBANK2  000000
__HcstackCOMRAM                        cstackCOMRAM 000000
__Hdata                                data         000000
__HdataBANK1                           dataBANK1    000000
__HdataBANK3                           dataBANK3    000000
__HdataCOMRAM                          dataCOMRAM   000000
__Heeprom_data                         eeprom_data  000000
__Hend_init                            end_init     0004EC
__Hfarbss                              farbss       000000
__Hfardata                             fardata      000000
__Hibigdata                            ibigdata     000000
__Hidata                               idata        000000
__HidataBANK1                          idataBANK1   000000
__HidataBANK3                          idataBANK3   000000
__HidataCOMRAM                         idataCOMRAM  000000
__Hidloc                               idloc        200008
__Hifardata                            ifardata     000000
__Hinit                                init         0004E8
__Hintcode                             intcode      000018
__Hintcode_body                        intcode_body 000000
__Hintcodelo                           intcodelo    0004E8
__Hintentry                            intentry     000000
__Hintret                              intret       000000
__Hintsave_regs                        intsave_regs 000000
__Hirdata                              irdata       000000
__Hmediumconst                         mediumconst  010000
__HnvFARRAM                            nvFARRAM     000000
__Hnvbit                               nvbit        000000
__Hnvrram                              nvrram       000000
__Hparam                               param1       000000
__Hparam1                              param1       000000
__Hpowerup                             powerup      0004E8
__Hram                                 ram          000000
__Hramtop                              ramtop       000D00
__Hrbit                                rbit         000000
__Hrbss                                rbss         000000
__Hrdata                               rdata        000000
__Hreset_vec                           reset_vec    000006
__Hsfr                                 sfr          000000
__Hsmallconst                          smallconst   000000
__Hspace_0                             (abs)        30000E
__Hspace_1                             (abs)        000564
__Hspace_2                             (abs)        000000
__Hstack                               stack        000000
__Hstruct                              struct       000000
__Htemp                                temp         000000
__Htext                                text         000000
__Htext0                               text0        000000
__Htext1                               text1        000000
__Htext10                              text10       000000
__Htext100                             text100      000000
__Htext101                             text101      000000
__Htext102                             text102      000000
__Htext103                             text103      000000
__Htext105                             text105      000000
__Htext106                             text106      000000
__Htext107                             text107      000000
__Htext108                             text108      000000
__Htext109                             text109      000000
__Htext11                              text11       000000
__Htext110                             text110      000000
__Htext111                             text111      000000
__Htext112                             text112      000000
__Htext113                             text113      000000
__Htext114                             text114      000000
__Htext115                             text115      000000
__Htext116                             text116      000000
__Htext117                             text117      000000
__Htext118                             text118      000000
__Htext119                             text119      000000
__Htext12                              text12       000000
__Htext120                             text120      000000
__Htext121                             text121      000000
__Htext122                             text122      000000
__Htext123                             text123      000000
__Htext124                             text124      000000
__Htext125                             text125      000000
__Htext126                             text126      000000
__Htext127                             text127      000000
__Htext128                             text128      000000
__Htext129                             text129      000000
__Htext13                              text13       000000
__Htext130                             text130      000000
__Htext131                             text131      000000
__Htext132                             text132      000000
__Htext133                             text133      000000
__Htext134                             text134      000000
__Htext135                             text135      000000
__Htext136                             text136      000000
__Htext14                              text14       000000
__Htext15                              text15       000000
__Htext16                              text16       000000
__Htext17                              text17       000000
__Htext18                              text18       000000
__Htext19                              text19       000000
__Htext2                               text2        000000
__Htext20                              text20       000000
__Htext21                              text21       000000
__Htext22                              text22       000000
__Htext23                              text23       000000
__Htext24                              text24       000000
__Htext25                              text25       000000
__Htext26                              text26       000000
__Htext27                              text27       000000
__Htext28                              text28       000000
__Htext29                              text29       000000
__Htext3                               text3        000000
__Htext30                              text30       000000
__Htext31                              text31       000000
__Htext32                              text32       000000
__Htext33                              text33       000000
__Htext34                              text34       000000
__Htext35                              text35       000000
__Htext36                              text36       000000
__Htext37                              text37       000000
__Htext38                              text38       000000
__Htext39                              text39       000000
__Htext4                               text4        000000
__Htext40                              text40       000000
__Htext41                              text41       000000
__Htext42                              text42       000000
__Htext43                              text43       000000
__Htext44                              text44       000000
__Htext45                              text45       000000
__Htext46                              text46       000000
__Htext47                              text47       000000
__Htext48                              text48       000000
__Htext49                              text49       000000
__Htext5                               text5        000000
__Htext50                              text50       000000
__Htext51                              text51       000000
__Htext52                              text52       000000
__Htext53                              text53       000000
__Htext54                              text54       000000
__Htext55                              text55       000000
__Htext56                              text56       000000
__Htext57                              text57       000000
__Htext58                              text58       000000
__Htext59                              text59       000000
__Htext6                               text6        000000
__Htext60                              text60       000000
__Htext61                              text61       000000
__Htext62                              text62       000000
__Htext63                              text63       000000
__Htext64                              text64       000000
__Htext65                              text65       000000
__Htext66                              text66       000000
__Htext67                              text67       000000
__Htext68                              text68       000000
__Htext69                              text69       000000
__Htext7                               text7        000000
__Htext70                              text70       000000
__Htext71                              text71       000000
__Htext72                              text72       000000
__Htext73                              text73       000000
__Htext74                              text74       000000
__Htext75                              text75       000000
__Htext76                              text76       000000
__Htext77                              text77       000000
__Htext78                              text78       000000
__Htext79                              text79       000000
__Htext8                               text8        000000
__Htext80                              text80       000000
__Htext81                              text81       000000
__Htext82                              text82       000000
__Htext83                              text83       000000
__Htext84                              text84       000000
__Htext85                              text85       000000
__Htext86                              text86       000000
__Htext87                              text87       000000
__Htext88                              text88       000000
__Htext89                              text89       000000
__Htext9                               text9        000000
__Htext90                              text90       000000
__Htext91                              text91       000000
__Htext92                              text92       000000
__Htext93                              text93       000000
__Htext94                              text94       000000
__Htext95                              text95       000000
__Htext96                              text96       000000
__Htext97                              text97       000000
__Htext98                              text98       000000
__Htext99                              text99       000000
__LRAM                                 (abs)        000001
__Labs1                                abs1         000000
__Lbank0                               bank0        000000
__Lbank1                               bank1        000000
__Lbank10                              bank10       000000
__Lbank11                              bank11       000000
__Lbank12                              bank12       000000
__Lbank2                               bank2        000000
__Lbank3                               bank3        000000
__Lbank4                               bank4        000000
__Lbank5                               bank5        000000
__Lbank6                               bank6        000000
__Lbank7                               bank7        000000
__Lbank8                               bank8        000000
__Lbank9                               bank9        000000
__Lbigbss                              bigbss       000000
__Lbigdata                             bigdata      000000
__Lbigram                              bigram       000000
__Lbss                                 bss          000000
__LbssBANK0                            bssBANK0     000000
__LbssBANK1                            bssBANK1     000000
__LbssBANK2                            bssBANK2     000000
__LbssBANK3                            bssBANK3     000000
__LbssBANK4                            bssBANK4     000000
__LbssBANK5                            bssBANK5     000000
__LbssCOMRAM                           bssCOMRAM    000000
__Lcinit                               cinit        000000
__Lclrtext                             clrtext      000000
__Lcomram                              comram       000000
__Lconfig                              config       300000
__Lconst                               const        000000
__LcstackBANK0                         cstackBANK0  000000
__LcstackBANK1                         cstackBANK1  000000
__LcstackBANK2                         cstackBANK2  000000
__LcstackCOMRAM                        cstackCOMRAM 000000
__Ldata                                data         000000
__LdataBANK1                           dataBANK1    000000
__LdataBANK3                           dataBANK3    000000
__LdataCOMRAM                          dataCOMRAM   000000
__Leeprom_data                         eeprom_data  000000
__Lend_init                            end_init     0004E8
__Lfarbss                              farbss       000000
__Lfardata                             fardata      000000
__Libigdata                            ibigdata     000000
__Lidata                               idata        000000
__LidataBANK1                          idataBANK1   000000
__LidataBANK3                          idataBANK3   000000
__LidataCOMRAM                         idataCOMRAM  000000
__Lidloc                               idloc        200000
__Lifardata                            ifardata     000000
__Linit                                init         0004E8
__Lintcode                             intcode      000008
__Lintcode_body                        intcode_body 000000
__Lintcodelo                           intcodelo    000018
__Lintentry                            intentry     000000
__Lintret                              intret       000000
__Lintsave_regs                        intsave_regs 000000
__Lirdata                              irdata       000000
__Lmediumconst                         mediumconst  00ECC0
__LnvFARRAM                            nvFARRAM     000000
__Lnvbit                               nvbit        000000
__Lnvrram                              nvrram       000000
__Lparam                               param1       000000
__Lparam1                              param1       000000
__Lpowerup                             powerup      0004E8
__Lram                                 ram          000000
__Lramtop                              ramtop       000D00
__Lrbit                                rbit         000000
__Lrbss                                rbss         000000
__Lrdata                               rdata        000000
__Lreset_vec                           reset_vec    000000
__Lsfr                                 sfr          000000
__Lsmallconst                          smallconst   000000
__Lspace_0                             (abs)        000000
__Lspace_1                             (abs)        000000
__Lspace_2                             (abs)        000000
__Lstack                               stack        000000
__Lstruct                              struct       000000
__Ltemp                                temp         000000
__Ltext                                text         000000
__Ltext0                               text0        000000
__Ltext1                               text1        000000
__Ltext10                              text10       000000
__Ltext100                             text100      000000
__Ltext101                             text101      000000
__Ltext102                             text102      000000
__Ltext103                             text103      000000
__Ltext105                             text105      000000
__Ltext106                             text106      000000
__Ltext107                             text107      000000
__Ltext108                             text108      000000
__Ltext109                             text109      000000
__Ltext11                              text11       000000
__Ltext110                             text110      000000
__Ltext111                             text111      000000
__Ltext112                             text112      000000
__Ltext113                             text113      000000
__Ltext114                             text114      000000
__Ltext115                             text115      000000
__Ltext116                             text116      000000
__Ltext117                             text117      000000
__Ltext118                             text118      000000
__Ltext119                             text119      000000
__Ltext12                              text12       000000
__Ltext120                             text120      000000
__Ltext121                             text121      000000
__Ltext122                             text122      000000
__Ltext123                             text123      000000
__Ltext124                             text124      000000
[...]
      Totals:         0       0       0       0       0       0       0       0       0       0       0       0       0       0
Total ram usage:        0 bytes
 Hardware stack levels used:    1
 Hardware stack levels required when called:    4
 This function calls:
		i1_SendLCDbyte
 This function is called by:
		_low_isr
		_LCDScreenUpdate
 This function uses a non-reentrant model


 *************** function i1_SendLCDbyte *****************
 Defined at:
		line 109 in file "LCD.c"
 Parameters:    Size  Location     Type
  data            1    wreg     unsigned char 
  isCommand       1   10[COMRAM] unsigned char 
 Auto vars:     Size  Location     Type
  data            1   11[COMRAM] unsigned char 
  SendLCDbyte     1   13[COMRAM] unsigned char 
  SendLCDbyte     1   12[COMRAM] unsigned char 
 Return value:  Size  Location     Type
		None               void
 Registers used:
		wreg, status,2, status,0, cstack
 Tracked objects:
		On entry : 
		On exit  : 
		Unchanged: 
 Data sizes:     COMRAM   BANK0   BANK1   BANK2   BANK3   BANK4   BANK5   BANK6   BANK7   BANK8   BANK9  BANK10  BANK11  BANK12
      Params:         1       0       0       0       0       0       0       0       0       0       0       0       0       0
      Locals:         3       0       0       0       0       0       0       0       0       0       0       0       0       0
      Temps:          0       0       0       0       0       0       0       0       0       0       0       0       0       0
      Totals:         4       0       0       0       0       0       0       0       0       0       0       0       0       0
Total ram usage:        4 bytes
 Hardware stack levels used:    1
 Hardware stack levels required when called:    3
 This function calls:
		i1_PulseEnablePin
		i1_delayUS
 This function is called by:
		i1_SetLCDcursor
		i1_ClearLCD
		i1_LCDPrintString
		i1_LCDPrintChar
 This function uses a non-reentrant model


 *************** function i1_PulseEnablePin *****************
 Defined at:
		line 180 in file "LCD.c"
 Parameters:    Size  Location     Type
		None
 Auto vars:     Size  Location     Type
		None
 Return value:  Size  Location     Type
		None               void
 Registers used:
		wreg, status,2, status,0, cstack
 Tracked objects:
		On entry : 
		On exit  : 
		Unchanged: 
 Data sizes:     COMRAM   BANK0   BANK1   BANK2   BANK3   BANK4   BANK5   BANK6   BANK7   BANK8   BANK9  BANK10  BANK11  BANK12
      Params:         0       0       0       0       0       0       0       0       0       0       0       0       0       0
      Locals:         0       0       0       0       0       0       0       0       0       0       0       0       0       0
      Temps:          0       0       0       0       0       0       0       0       0       0       0       0       0       0
      Totals:         0       0       0       0       0       0       0       0       0       0       0       0       0       0
Total ram usage:        0 bytes
 Hardware stack levels used:    1
 Hardware stack levels required when called:    2
 This function calls:
		i1_delayUS
 This function is called by:
		i1_SendLCDbyte
 This function uses a non-reentrant model


 *************** function i1_delayUS *****************
 Defined at:
		line 57 in file "MISC.c"
 Parameters:    Size  Location     Type
  US              4    0[COMRAM] long 
 Auto vars:     Size  Location     Type
  delayUS         4    5[COMRAM] long 
  delayUS         1    9[COMRAM] unsigned char 
 Return value:  Size  Location     Type
		None               void
 Registers used:
		wreg, status,2, status,0
 Tracked objects:
		On entry : 
		On exit  : 
		Unchanged: 
 Data sizes:     COMRAM   BANK0   BANK1   BANK2   BANK3   BANK4   BANK5   BANK6   BANK7   BANK8   BANK9  BANK10  BANK11  BANK12
      Params:         4       0       0       0       0       0       0       0       0       0       0       0       0       0
      Locals:         5       0       0       0       0       0       0       0       0       0       0       0       0       0
      Temps:          1       0       0       0       0       0       0       0       0       0       0       0       0       0
      Totals:        10       0       0       0       0       0       0       0       0       0       0       0       0       0
Total ram usage:       10 bytes
 Hardware stack levels used:    1
 Hardware stack levels required when called:    1
 This function calls:
		Nothing
 This function is called by:
		_UseIRCode
		i1_SendLCDbyte
		i1_PulseEnablePin
 This function uses a non-reentrant model


 *************** function _IsPrintableASCII *****************
 Defined at:
		line 413 in file "MISC.c"
 Parameters:    Size  Location     Type
  data            1    wreg     unsigned char 
 Auto vars:     Size  Location     Type
  data            1    0[COMRAM] unsigned char 
 Return value:  Size  Location     Type
                  1    wreg      unsigned char 
 Registers used:
		wreg, status,2, status,0
 Tracked objects:
		On entry : 
		On exit  : 
		Unchanged: 
 Data sizes:     COMRAM   BANK0   BANK1   BANK2   BANK3   BANK4   BANK5   BANK6   BANK7   BANK8   BANK9  BANK10  BANK11  BANK12
      Params:         0       0       0       0       0       0       0       0       0       0       0       0       0       0
      Locals:         1       0       0       0       0       0       0       0       0       0       0       0       0       0
      Temps:          0       0       0       0       0       0       0       0       0       0       0       0       0       0
      Totals:         1       0       0       0       0       0       0       0       0       0       0       0       0       0
Total ram usage:        1 bytes
 Hardware stack levels used:    1
 Hardware stack levels required when called:    1
 This function calls:
		Nothing
 This function is called by:
		_low_isr
 This function uses a non-reentrant model


 *************** function _IRrawToNEC *****************
 Defined at:
		line 113 in file "IR.c"
 Parameters:    Size  Location     Type
  Raw             2    0[COMRAM] PTR unsigned int 
		 -> IRRawCode(144), 
  NEC             2    2[COMRAM] PTR unsigned long 
		 -> IR_NEC(4), 
  Invert          1    4[COMRAM] unsigned char 
 Auto vars:     Size  Location     Type
  NECtemp         4    7[COMRAM] unsigned long 
  StartBit        1   14[COMRAM] unsigned char 
  i               1   13[COMRAM] unsigned char 
  first           1   12[COMRAM] unsigned char 
  Pause           1   11[COMRAM] unsigned char 
 Return value:  Size  Location     Type
                  1    wreg      unsigned char 
 Registers used:
		wreg, fsr2l, fsr2h, status,2, status,0, prodl, prodh
 Tracked objects:
		On entry : 
		On exit  : 
		Unchanged: 
 Data sizes:     COMRAM   BANK0   BANK1   BANK2   BANK3   BANK4   BANK5   BANK6   BANK7   BANK8   BANK9  BANK10  BANK11  BANK12
      Params:         5       0       0       0       0       0       0       0       0       0       0       0       0       0
      Locals:         8       0       0       0       0       0       0       0       0       0       0       0       0       0
      Temps:          2       0       0       0       0       0       0       0       0       0       0       0       0       0
      Totals:        15       0       0       0       0       0       0       0       0       0       0       0       0       0
Total ram usage:       15 bytes
 Hardware stack levels used:    1
 Hardware stack levels required when called:    1
 This function calls:
		Nothing
 This function is called by:
		_low_isr
 This function uses a non-reentrant model


 *************** function _high_isr *****************
 Defined at:
		line 62 in file "interrupts.c"
 Parameters:    Size  Location     Type
		None
 Auto vars:     Size  Location     Type
		None
 Return value:  Size  Location     Type
		None               void
 Registers used:
		None
 Tracked objects:
		On entry : 
		On exit  : 
		Unchanged: 
 Data sizes:     COMRAM   BANK0   BANK1   BANK2   BANK3   BANK4   BANK5   BANK6   BANK7   BANK8   BANK9  BANK10  BANK11  BANK12
      Params:         0       0       0       0       0       0       0       0       0       0       0       0       0       0
      Locals:         0       0       0       0       0       0       0       0       0       0       0       0       0       0
      Temps:          0       0      14       0       0       0       0       0       0       0       0       0       0       0
      Totals:         0       0      14       0       0       0       0       0       0       0       0       0       0       0
Total ram usage:       14 bytes
 Hardware stack levels used:    1
 This function calls:
		Nothing
 This function is called by:
		Interrupt level 2
 This function uses a non-reentrant model



MODULE INFORMATION

Module		Function		Class		Link	Load	Size
UART.c
		_OpenUSART     		CODE           	1787E	0000	119
		_InitUART      		CODE           	151C8	0000	363
		_UARTstring    		CODE           	17006	0000	165
		_GetBaud       		CODE           	0EC4	0000	19
		_UARTstringWAIT		CODE           	178F4	0000	117
		_SetBaud       		CODE           	146F2	0000	649
		_UARTchar      		CODE           	17398	0000	141
		_baudUSART     		CODE           	0F04	0000	15
		_ReadUSART     		CODE           	0B0E	0000	53

UART.c estimated size: 1641

Timer.c
		_Reset_Timer0  		CODE           	0F5E	0000	11
		_Reset_Timer1  		CODE           	0F54	0000	11
		_Stop_Timer0   		CODE           	0F80	0000	5
		_Stop_Timer1   		CODE           	0F68	0000	9
		_init_Timer0   		CODE           	0E1A	0000	23
		_init_Timer1   		CODE           	0ED6	0000	17
		_Start_Timer0  		CODE           	0F84	0000	5
		_Start_Timer1  		CODE           	0F48	0000	13

Timer.c estimated size: 94

interrupts.c
		_high_isr      		CODE           	0008	0000	119
		_low_isr       		CODE           	0018	0000	1233

interrupts.c estimated size: 1352

C:\Program Files (x86)\Microchip\xc8\v1.34\sources\common\Umul32.c
		___lmul        		CODE           	17714	0000	123

C:\Program Files (x86)\Microchip\xc8\v1.34\sources\common\Umul32.c estimated size: 123

C:\Program Files (x86)\Microchip\xc8\v1.34\sources\common\float.c
		___ftpack      		CODE           	15AA6	0000	289

C:\Program Files (x86)\Microchip\xc8\v1.34\sources\common\float.c estimated size: 289

I2C.c
		_Multiple_I2C_R		CODE           	04EC	0000	99
		_readI2C       		CODE           	0D8A	0000	35
		_Init_I2C_Maste		CODE           	0702	0000	79
		_IdleI2C       		CODE           	0EB0	0000	21
		_I2C_Read_At_Ad		CODE           	1572C	0000	303
		_ResetI2C      		CODE           	0D42	0000	37
		_I2C_Read_Seque		CODE           	15BC6	0000	265
		_I2C_Write_At_A		CODE           	16604	0000	207
		_WriteI2C      		CODE           	17A44	0000	109
		_OpenI2C       		CODE           	0D66	0000	37

I2C.c estimated size: 1192

StringCommand.c
		_Command       		CODE           	10000	0000	9997

StringCommand.c estimated size: 9997

C:\Program Files (x86)\Microchip\xc8\v1.34\sources\common\lwmod.c
		___lwmod       		CODE           	179D8	0000	109

C:\Program Files (x86)\Microchip\xc8\v1.34\sources\common\lwmod.c estimated size: 109

C:\Program Files (x86)\Microchip\xc8\v1.34\sources\common\awmod.c
		___awmod       		CODE           	16AA2	0000	181

C:\Program Files (x86)\Microchip\xc8\v1.34\sources\common\awmod.c estimated size: 181

RF.c
		_One_Config1   		CODE           	1769A	0000	123
		_One_Config2   		CODE           	08FE	0000	65
		_Send_Config1  		CODE           	1645A	0000	219
		_Send_Config2  		CODE           	17424	0000	133
		_Zero_Config1  		CODE           	17620	0000	123
		_Zero_Config2  		CODE           	08BE	0000	65
		_f_Config1     		CODE           	175A6	0000	123

RF.c estimated size: 851

C:\Program Files (x86)\Microchip\xc8\v1.34\sources\common\llmod.c
		___llmod       		CODE           	16F62	0000	165

C:\Program Files (x86)\Microchip\xc8\v1.34\sources\common\llmod.c estimated size: 165

C:\Program Files (x86)\Microchip\xc8\v1.34\sources\common\lbtoft.c
		___lbtoft      		CODE           	0C08	0000	49

C:\Program Files (x86)\Microchip\xc8\v1.34\sources\common\lbtoft.c estimated size: 49

Button.c
		_ReadButton1   		CODE           	0F20	0000	15

Button.c estimated size: 15

C:\Program Files (x86)\Microchip\xc8\v1.34\sources\common\ftmul.c
		___ftmul       		CODE           	1505C	0000	365

C:\Program Files (x86)\Microchip\xc8\v1.34\sources\common\ftmul.c estimated size: 365

C:\Program Files (x86)\Microchip\xc8\v1.34\sources\common\isdigit.c
		_isdigit       		CODE           	0C38	0000	47

C:\Program Files (x86)\Microchip\xc8\v1.34\sources\common\isdigit.c estimated size: 47

EEPROM.c
		_SetMemoryBaud 		CODE           	1637A	0000	225
		_SetMemoryLong 		CODE           	15DCC	0000	251
		_EEPROM_UNLOCK 		CODE           	0E30	0000	23
		_GetMemoryParit		CODE           	0DAC	0000	31
		_SetMemoryParit		CODE           	0ADA	0000	53
		_ReadEEPROM_1By		CODE           	09BA	0000	61
		_SyncEEPROMandG		CODE           	0A32	0000	57
		_GetEEPROM     		CODE           	06B4	0000	79
		_WriteEEPROM_1B		CODE           	087E	0000	65
		_SetEEPROM     		CODE           	16CBA	0000	177
		_GetMemoryBaud 		CODE           	15332	0000	343
		_GetMemoryLong 		CODE           	14EEC	0000	369
		_GetMemoryChar 		CODE           	0CEE	0000	43

EEPROM.c estimated size: 1777

PWM.c
		_ContrastPWM_in		CODE           	0F3C	0000	13
		_SetFreq       		CODE           	0662	0000	83
		_SetDuty       		CODE           	16B56	0000	179
		_PWM_init      		CODE           	0BD8	0000	49
		_SetContrast   		CODE           	166D2	0000	201

PWM.c estimated size: 525

C:\Program Files (x86)\Microchip\xc8\v1.34\sources\common\lwtoft.c
		___lwtoft      		CODE           	0CC2	0000	45

C:\Program Files (x86)\Microchip\xc8\v1.34\sources\common\lwtoft.c estimated size: 45

C:\Program Files (x86)\Microchip\xc8\v1.34\sources\common\ftdiv.c
		___ftdiv       		CODE           	155DA	0000	339

C:\Program Files (x86)\Microchip\xc8\v1.34\sources\common\ftdiv.c estimated size: 339

shared
		i1_ClearLCD    		CODE           	0E72	0000	23
		i1_UARTchar    		CODE           	17806	0000	121
		i1_UARTstring  		CODE           	171E2	0000	151
		i1_SetEEPROM   		CODE           	170AA	0000	159
		i1_CheckSum_byt		CODE           	07EA	0000	77
		i1_cleanBuffer1		CODE           	17CBA	0000	67
		_Aux2ON        		MEDIUMCONST    	EDA9	0000	17
		_BedOFF        		MEDIUMCONST    	EDD9	0000	17
		_fanON         		MEDIUMCONST    	EE29	0000	17
		i1_ReadIRpin   		CODE           	0F12	0000	15
		_dpowers       		MEDIUMCONST    	ECF1	0000	41
		_SubLightON    		MEDIUMCONST    	EE09	0000	17
		_SubLightOFF   		MEDIUMCONST    	EDF9	0000	17
		_TXdataE       		MEDIUMCONST    	EE45	0000	13
		i1_EEPROM_UNLOC		CODE           	0E5C	0000	23
		_TXdataBedroomO		MEDIUMCONST    	ED5D	0000	13
		i1_Stop_Timer1 		CODE           	0F78	0000	9
		_AuxOFF        		MEDIUMCONST    	EDB9	0000	17
		i1_SetMemoryPar		CODE           	0D18	0000	43
		_TXdataBedroomC		MEDIUMCONST    	ED51	0000	13
		i1_SetMemoryBau		CODE           	16C08	0000	179
		i1_SetMemoryLon		CODE           	16928	0000	191
		_TXToiletMyBath		MEDIUMCONST    	ED45	0000	13
		i1_SetLCDcursor		CODE           	0C66	0000	47
		_BedON         		MEDIUMCONST    	EDE9	0000	17
		_TXdataLabOPENE		MEDIUMCONST    	ED8D	0000	13
		i1_ReadUSART   		CODE           	0B74	0000	51
		_TXdataLabCLOSE		MEDIUMCONST    	ED81	0000	13
		__initializatio		CODE           	16D6A	0000	167
		i1_LCDPrintStri		CODE           	17968	0000	113
		_TXdataFrontOPE		MEDIUMCONST    	ED75	0000	13
		_TXdataFrontCLO		MEDIUMCONST    	ED69	0000	13
		_octpowers     		MEDIUMCONST    	ECC1	0000	49
		i1_WriteEEPROM_		CODE           	0AA2	0000	57
		_Aux2OFF       		MEDIUMCONST    	ED99	0000	17
		_TXToiletAlexBa		MEDIUMCONST    	ED39	0000	13
		_TXdataD       		MEDIUMCONST    	EE39	0000	13
		i1_LCDPrintChar		CODE           	0F2E	0000	15
		_AuxON         		MEDIUMCONST    	EDC9	0000	17
		_hexpowers     		MEDIUMCONST    	ED19	0000	33
		i1_SendLCDbyte 		CODE           	1679A	0000	201
		i1_BufferCopy  		CODE           	16EBC	0000	167
		i1_cleanBuffer 		CODE           	097C	0000	63
		i1_GetMemoryPar		CODE           	0E46	0000	23
		i1_delayUS     		CODE           	0750	0000	79
		i1_ReadEEPROM_1		CODE           	0BA6	0000	51
		_fanOFF        		MEDIUMCONST    	EE19	0000	17
		i1_GetMemoryBau		CODE           	161A2	0000	239
		i1_GetMemoryLon		CODE           	15EC6	0000	251
		i1_PulseEnableP		CODE           	0C94	0000	47
		_TXdataF       		MEDIUMCONST    	EE51	0000	13

shared estimated size: 3065

ADC.c
		_InternalADC_Re		CODE           	17B86	0000	107
		_EnableInternal		CODE           	16E16	0000	167

ADC.c estimated size: 274

C:\Program Files (x86)\Microchip\xc8\v1.34\sources\common\awdiv.c
		___awdiv       		CODE           	16534	0000	209

C:\Program Files (x86)\Microchip\xc8\v1.34\sources\common\awdiv.c estimated size: 209

MISC.c
		_IsPrintableASC		CODE           	0E02	0000	25
		_StringContains		CODE           	174A8	0000	129
		_BufferCopy    		CODE           	169E6	0000	189
		_cleanBuffer   		CODE           	0608	0000	91
		_cleanBuffer16b		CODE           	054E	0000	95
		_GetEnteredNumb		CODE           	14B64	0000	471
		_delayUS       		CODE           	17AB0	0000	109
		_CheckSum_byte 		CODE           	17C56	0000	101
		_RemoveSpaces  		CODE           	17148	0000	155
		_ISNUMBER      		CODE           	0DCA	0000	31
		_StringAddEqual		CODE           	14D3A	0000	435
		_StringMatch   		CODE           	17528	0000	127
		_StartsWith    		CODE           	17278	0000	149
		_lowercase     		CODE           	1730C	0000	141

MISC.c estimated size: 2248

IR.c
		_UseIRCode     		CODE           	15CCE	0000	255
		_IRrawToNEC    		CODE           	140F0	0000	863
		_ReadIRpin     		CODE           	0EF6	0000	15
		_init_IR       		CODE           	0836	0000	73

IR.c estimated size: 1206

C:\Program Files (x86)\Microchip\xc8\v1.34\sources\common\lldiv.c
		___lldiv       		CODE           	16862	0000	199

C:\Program Files (x86)\Microchip\xc8\v1.34\sources\common\lldiv.c estimated size: 199

C:\Program Files (x86)\Microchip\xc8\v1.34\sources\common\aldiv.c
		___aldiv       		CODE           	1585A	0000	301

C:\Program Files (x86)\Microchip\xc8\v1.34\sources\common\aldiv.c estimated size: 301

user.c
		_InitApp       		CODE           	05AC	0000	93

user.c estimated size: 93

C:\Program Files (x86)\Microchip\xc8\v1.34\sources\common\doprnt.c
		_sprintf       		CODE           	1270C	0000	3231

C:\Program Files (x86)\Microchip\xc8\v1.34\sources\common\doprnt.c estimated size: 3231

C:\Program Files (x86)\Microchip\xc8\v1.34\sources\common\fttol.c
		___fttol       		CODE           	15488	0000	339

C:\Program Files (x86)\Microchip\xc8\v1.34\sources\common\fttol.c estimated size: 339

main.c
		_main          		CODE           	1387C	0000	1231

main.c estimated size: 1231

RTC.c
		_RTC_TIME_NONMi		CODE           	17B1C	0000	107
		_SET_RTC_TIME  		CODE           	1444E	0000	677
		_RTC_INIT      		CODE           	0EE6	0000	17
		_READ_RTC_TIME 		CODE           	16290	0000	235
		_Parse_Time    		CODE           	133AA	0000	1235
		_SprintDate    		CODE           	15FC0	0000	243
		_RTC_Clock_Enab		CODE           	079E	0000	77

RTC.c estimated size: 2591

C:\Program Files (x86)\Microchip\xc8\v1.34\sources\common\Umul16.c
		___wmul        		CODE           	0A6A	0000	57

C:\Program Files (x86)\Microchip\xc8\v1.34\sources\common\Umul16.c estimated size: 57

system.c
		_ConfigureOscil		CODE           	0F70	0000	9

system.c estimated size: 9

LCD.c
		_PulseEnablePin		CODE           	0B42	0000	51
		_LCD_Scroll    		CODE           	1497A	0000	491
		_SendLCDbyte   		CODE           	160B2	0000	241
		_LCDPrintChar  		CODE           	0E9C	0000	21
		_init_LCD      		CODE           	15986	0000	289
		_ClearLCD      		CODE           	0DE8	0000	27
		_LCDScreenUpdat		CODE           	13D4A	0000	935
		_SetLCDcursor  		CODE           	093E	0000	63
		_LCDPrintString		CODE           	1778E	0000	121
		_LCDdisplayFeed		CODE           	09F6	0000	61

LCD.c estimated size: 2300

