Microchip MPLAB XC8 Compiler V1.33 ()

Linker command line:

--edf=C:\Program Files (x86)\Microchip\xc8\v1.33\dat\en_msgs.txt -cs \
  -h+dist/xc8_pic18f4685/debug\Smart_Rf_PIC.debug.sym \
  --cmf=dist/xc8_pic18f4685/debug\Smart_Rf_PIC.debug.cmf -z -Q18F4685 \
  -oC:\Users\DWHITF~1.TDY\AppData\Local\Temp\s170.6 \
  -Mdist/xc8_pic18f4685/debug/Smart_Rf_PIC.debug.map -E1 -ver=XC8 \
  -ASTACK=05E2h-09ffh -pstack=STACK -ACODE=00h-017CFFh -ACONST=00h-017CFFh \
  -ASMALLCONST=0D00h-0DFFhx368 -AMEDIUMCONST=0D00h-0FFFFh,010D00h-017CFFh \
  -ACOMRAM=01h-05Fh -AABS1=00h-0CEEh -ABIGRAM=01h-0CEEh \
  -ARAM=060h-0FFh,0100h-01FFhx11,0C00h-0CEEh -ABANK0=060h-0FFh \
  -ABANK1=0100h-01FFh -ABANK2=0200h-02FFh -ABANK3=0300h-03FFh \
  -ABANK4=0400h-04FFh -ABANK5=0500h-05FFh -ABANK6=0600h-06FFh \
  -ABANK7=0700h-07FFh -ABANK8=0800h-08FFh -ABANK9=0900h-09FFh \
  -ABANK10=0A00h-0AFFh -ABANK11=0B00h-0BFFh -ABANK12=0C00h-0CEEh \
  -ASFR=0D00h-0DFFhx2,0F00h-0F5Fh,0F60h-0F9Bh,0F9Dh-0FD3h,0FD5h-0FDAh,0FE0h-0FE2h,0FE8h-0FEAh,0FF0h-0FFBh \
  -preset_vec=00h,intcode=08h,intcodelo=018h,powerup,init,end_init \
  -pramtop=0D00h -psmallconst=SMALLCONST -pmediumconst=MEDIUMCONST \
  -pconst=CONST -AFARRAM=00h-00h -ACONFIG=0300000h-030000Dh -pconfig=CONFIG \
  -AIDLOC=0200000h-0200007h -pidloc=IDLOC -AEEDATA=0F00000h-0F003FFh \
  -peeprom_data=EEDATA \
  -prdata=COMRAM,nvrram=COMRAM,nvbit=COMRAM,rbss=COMRAM,rbit=COMRAM \
  -pfarbss=FARRAM,fardata=FARRAM,nvFARRAM=FARRAM \
  -pintsave_regs=BIGRAM,bigbss=BIGRAM,bigdata=BIGRAM -pbss=RAM \
  -pidata=CODE,irdata=CODE,ibigdata=CODE,ifardata=CODE \
  C:\Users\DWHITF~1.TDY\AppData\Local\Temp\s170.obj \
  dist/xc8_pic18f4685/debug\Smart_Rf_PIC.debug.obj 

Object code version is 3.11

Machine type is 18F4685

Call graph: (short form)




                Name                               Link     Load   Length Selector   Space Scale
C:\Users\DWHITF~1.TDY\AppData\Local\Temp\s170.obj
                end_init                            366      366        4        C       0
                reset_vec                             0        0        6        0       0
                idloc                            200000   200000        8   200000       0
                config                           300000   300000        E   300000       0
dist/xc8_pic18f4685/debug\Smart_Rf_PIC.debug.obj
                intcodelo                            18       18      34E        C       0
                intcode                               8        8       10        4       0
                mediumconst                        ECEC     ECEC     1314     7676       0
                intcode_body                      17844    17844       66     8000       0
                text103                             67C      67C       18        C       0
                text102                             36A      36A       3C        C       0
                text101                           16C30    16C30       98     8000       0
                text100                           17B58    17B58       4C     8000       0
                text99                              530      530       2E        C       0
                text98                            16B8E    16B8E       A2     8000       0
                text97                              694      694       16        C       0
                text96                              728      728        E        C       0
                text95                            17772    17772       6A     8000       0
                text94                              502      502       2E        C       0
                text93                              5DC      5DC       26        C       0
                text92                            17C34    17C34       48     8000       0
                text91                            17708    17708       6A     8000       0
                text90                            16F14    16F14       90     8000       0
                text88                              6F8      6F8       12        C       0
                text87                            17148    17148       86     8000       0
                text86                            14DB0    14DB0      1FC     8000       0
                text85                              644      644       1E        C       0
                text84                            1790A    1790A       60     8000       0
                text83                            17352    17352       80     8000       0
                text82                            169A0    169A0       A6     8000       0
                text81                            177DC    177DC       68     8000       0
                text80                            179C8    179C8       58     8000       0
                text79                            16784    16784       B8     8000       0
                text78                            14B68    14B68      248     8000       0
                text77                            17548    17548       76     8000       0
                text76                            17CBC    17CBC       3E     8000       0
                text75                            16440    16440       DA     8000       0
                text74                              662      662       1A        C       0
                text73                            174CC    174CC       7C     8000       0
                text72                              3DC      3DC       34        C       0
                text71                            17C7C    17C7C       40     8000       0
                text70                            13BCE    13BCE      52A     8000       0
                text69                              4A4      4A4       30        C       0
                text68                            1769E    1769E       6A     8000       0
                text67                              6E6      6E6       12        C       0
                text66                            17032    17032       8C     8000       0
                text65                            16362    16362       DE     8000       0
                text64                              602      602       24        C       0
                text63                            17A70    17A70       50     8000       0
                text62                              58A      58A       2A        C       0
                text61                            1619A    1619A       E6     8000       0
                text60                            1683C    1683C       B4     8000       0
                text59                            168F0    168F0       B0     8000       0
                text58                            16280    16280       E2     8000       0
                text57                            166C0    166C0       C4     8000       0
                text56                            14606    14606      2C4     8000       0
                text55                            16E82    16E82       92     8000       0
                text54                            16DF0    16DF0       92     8000       0
                text53                            16D5E    16D5E       92     8000       0
                text52                            15EDE    15EDE       EE     8000       0
                text51                            17B0C    17B0C       4C     8000       0
                text50                            17AC0    17AC0       4C     8000       0
                text49                            170BE    170BE       8A     8000       0
                text48                            175BE    175BE       74     8000       0
                text47                              474      474       30        C       0
                text46                            1651A    1651A       D4     8000       0
                text45                              71A      71A        E        C       0
                text44                            15164    15164      1B8     8000       0
                text43                            17BEC    17BEC       48     8000       0
                text42                            1579E    1579E      16A     8000       0
                text41                              6D2      6D2       14        C       0
                text40                            17BA4    17BA4       48     8000       0
                text39                            160B4    160B4       E6     8000       0
                text38                              626      626       1E        C       0
                text37                              442      442       32        C       0
                text36                            172D2    172D2       80     8000       0
                text35                            16AEA    16AEA       A4     8000       0
                text34                              3A6      3A6       36        C       0
                text33                              55E      55E       2C        C       0
                text32                            12988    12988      CFC     8000       0
                text31                            148CA    148CA      29E     8000       0
                text30                            15DD4    15DD4      10A     8000       0
                text29                            15908    15908      158     8000       0
                text28                            15628    15628      176     8000       0
                text27                            154AC    154AC      17C     8000       0
                text26                              410      410       32        C       0
                text25                            15FCC    15FCC       E8     8000       0
                text24                            165EE    165EE       D2     8000       0
                text23                            15CBA    15CBA      11A     8000       0
                text22                            16CC8    16CC8       96     8000       0
                text21                            14FAC    14FAC      1B8     8000       0
                text20                            173D2    173D2       7E     8000       0
                text19                            17450    17450       7C     8000       0
                text18                            178AA    178AA       60     8000       0
                text17                              4D4      4D4       2E        C       0
                text16                            16FA4    16FA4       8E     8000       0
                text15                            10000    10000     2988     8000       0
                text14                            17CFA    17CFA        6     8000       0
                text13                              736      736        C        C       0
                text12                            16A46    16A46       A4     8000       0
                text11                            1796A    1796A       5E     8000       0
                text10                              6BE      6BE       14        C       0
                text9                             13684    13684      54A     8000       0
                text8                             1531C    1531C      190     8000       0
                text7                             17632    17632       6C     8000       0
                text6                               5B4      5B4       28        C       0
                text5                             15B96    15B96      124     8000       0
                text4                             17A20    17A20       50     8000       0
                text3                             17250    17250       82     8000       0
                text2                               70A      70A       10        C       0
                text1                             15A60    15A60      136     8000       0
                text0                             140F8    140F8      50E     8000       0
                cstackCOMRAM                          1        1       26        1       1
                cstackBANK0                          60       60       78       60       1
                cstackBANK1                         16E      16E       67      100       1
                cstackBANK2                         200      200       67      200       1
                cstackBANK5                         500      500       E2      500       1
                bssBANK4                            400      400       64      400       1
                bssBANK3                            300      300       C8      300       1
                dataBANK2                           267      267       14      200       1
                dataBANK1                           1D5      1D5        8      100       1
                bssBANK1                            100      100       6E      100       1
                bssBANK0                             D8       D8       22       60       1
                bssCOMRAM                            27       27       20        1       1
                cinit                             171CE    171CE       82     8000       0
                idataBANK2                          6AA      6AA       14        C       0
                idataBANK1                          742      742        8        C       0

TOTAL           Name                               Link     Load   Length     Space
        CLASS   STACK          

        CLASS   CODE           
                end_init                            366      366        4         0
                intcodelo                            18       18      34E         0
                intcode                               8        8       10         0
                reset_vec                             0        0        6         0
                intcode_body                      17844    17844       66         0
                text103                             67C      67C       18         0
                text102                             36A      36A       3C         0
                text101                           16C30    16C30       98         0
                text100                           17B58    17B58       4C         0
                text99                              530      530       2E         0
                text98                            16B8E    16B8E       A2         0
                text97                              694      694       16         0
                text96                              728      728        E         0
                text95                            17772    17772       6A         0
                text94                              502      502       2E         0
                text93                              5DC      5DC       26         0
                text92                            17C34    17C34       48         0
                text91                            17708    17708       6A         0
                text90                            16F14    16F14       90         0
                text88                              6F8      6F8       12         0
                text87                            17148    17148       86         0
                text86                            14DB0    14DB0      1FC         0
                text85                              644      644       1E         0
                text84                            1790A    1790A       60         0
                text83                            17352    17352       80         0
                text82                            169A0    169A0       A6         0
                text81                            177DC    177DC       68         0
                text80                            179C8    179C8       58         0
                text79                            16784    16784       B8         0
                text78                            14B68    14B68      248         0
                text77                            17548    17548       76         0
                text76                            17CBC    17CBC       3E         0
                text75                            16440    16440       DA         0
                text74                              662      662       1A         0
                text73                            174CC    174CC       7C         0
                text72                              3DC      3DC       34         0
                text71                            17C7C    17C7C       40         0
                text70                            13BCE    13BCE      52A         0
                text69                              4A4      4A4       30         0
                text68                            1769E    1769E       6A         0
                text67                              6E6      6E6       12         0
                text66                            17032    17032       8C         0
                text65                            16362    16362       DE         0
                text64                              602      602       24         0
                text63                            17A70    17A70       50         0
                text62                              58A      58A       2A         0
                text61                            1619A    1619A       E6         0
                text60                            1683C    1683C       B4         0
                text59                            168F0    168F0       B0         0
                text58                            16280    16280       E2         0
                text57                            166C0    166C0       C4         0
                text56                            14606    14606      2C4         0
                text55                            16E82    16E82       92         0
                text54                            16DF0    16DF0       92         0
                text53                            16D5E    16D5E       92         0
                text52                            15EDE    15EDE       EE         0
                text51                            17B0C    17B0C       4C         0
                text50                            17AC0    17AC0       4C         0
                text49                            170BE    170BE       8A         0
                text48                            175BE    175BE       74         0
                text47                              474      474       30         0
                text46                            1651A    1651A       D4         0
                text45                              71A      71A        E         0
                text44                            15164    15164      1B8         0
                text43                            17BEC    17BEC       48         0
                text42                            1579E    1579E      16A         0
                text41                              6D2      6D2       14         0
                text40                            17BA4    17BA4       48         0
                text39                            160B4    160B4       E6         0
                text38                              626      626       1E         0
                text37                              442      442       32         0
                text36                            172D2    172D2       80         0
                text35                            16AEA    16AEA       A4         0
                text34                              3A6      3A6       36         0
                text33                              55E      55E       2C         0
                text32                            12988    12988      CFC         0
                text31                            148CA    148CA      29E         0
                text30                            15DD4    15DD4      10A         0
                text29                            15908    15908      158         0
                text28                            15628    15628      176         0
                text27                            154AC    154AC      17C         0
                text26                              410      410       32         0
                text25                            15FCC    15FCC       E8         0
                text24                            165EE    165EE       D2         0
                text23                            15CBA    15CBA      11A         0
                text22                            16CC8    16CC8       96         0
                text21                            14FAC    14FAC      1B8         0
                text20                            173D2    173D2       7E         0
                text19                            17450    17450       7C         0
                text18                            178AA    178AA       60         0
                text17                              4D4      4D4       2E         0
                text16                            16FA4    16FA4       8E         0
                text15                            10000    10000     2988         0
                text14                            17CFA    17CFA        6         0
                text13                              736      736        C         0
                text12                            16A46    16A46       A4         0
                text11                            1796A    1796A       5E         0
                text10                              6BE      6BE       14         0
                text9                             13684    13684      54A         0
                text8                             1531C    1531C      190         0
                text7                             17632    17632       6C         0
                text6                               5B4      5B4       28         0
                text5                             15B96    15B96      124         0
                text4                             17A20    17A20       50         0
                text3                             17250    17250       82         0
                text2                               70A      70A       10         0
                text1                             15A60    15A60      136         0
                text0                             140F8    140F8      50E         0
                cinit                             171CE    171CE       82         0
                idataBANK2                          6AA      6AA       14         0
                idataBANK1                          742      742        8         0

        CLASS   CONST          

        CLASS   SMALLCONST     

        CLASS   MEDIUMCONST    
                mediumconst                        ECEC     ECEC     1314         0

        CLASS   COMRAM         
                cstackCOMRAM                          1        1       26         1
                bssCOMRAM                            27       27       20         1

        CLASS   ABS1           

        CLASS   BIGRAM         

        CLASS   RAM            

        CLASS   BANK0          
                cstackBANK0                          60       60       78         1
                bssBANK0                             D8       D8       22         1

        CLASS   BANK1          
                cstackBANK1                         16E      16E       67         1
                dataBANK1                           1D5      1D5        8         1
                bssBANK1                            100      100       6E         1

        CLASS   BANK2          
                cstackBANK2                         200      200       67         1
                dataBANK2                           267      267       14         1

        CLASS   BANK3          
                bssBANK3                            300      300       C8         1

        CLASS   BANK4          
                bssBANK4                            400      400       64         1

        CLASS   BANK5          
                cstackBANK5                         500      500       E2         1

        CLASS   BANK6          

        CLASS   BANK7          

        CLASS   BANK8          

        CLASS   BANK9          

        CLASS   BANK10         

        CLASS   BANK11         

        CLASS   BANK12         

        CLASS   SFR            

        CLASS   FARRAM         

        CLASS   CONFIG         
                config                           300000   300000        E         0

        CLASS   IDLOC          
                idloc                            200000   200000        8         0

        CLASS   EEDATA         



SEGMENTS        Name                           Load    Length   Top    Selector   Space  Class

                reset_vec                      000000  000006  000006         0       0  CODE    
                cstackCOMRAM                   000001  000046  000047         1       1  COMRAM  
                intcode                        000008  000010  000018         4       0  CODE    
                intcodelo                      000018  000732  00074A         C       0  CODE    
                cstackBANK0                    000060  00009A  0000FA        60       1  BANK0   
                bssBANK1                       000100  0000DD  0001DD       100       1  BANK1   
                cstackBANK2                    000200  00007B  00027B       200       1  BANK2   
                bssBANK3                       000300  0000C8  0003C8       300       1  BANK3   
                bssBANK4                       000400  000064  000464       400       1  BANK4   
                cstackBANK5                    000500  0000E2  0005E2       500       1  BANK5   
                mediumconst                    00ECEC  001314  010000      7676       0  MEDIUMCO
                text15                         010000  007D00  017D00      8000       0  CODE    
                idloc                          200000  000008  200008    200000       0  IDLOC   
                config                         300000  00000E  30000E    300000       0  CONFIG  


UNUSED ADDRESS RANGES

        Name                Unused          Largest block    Delta
        BANK0            0000FA-0000FF                6
        BANK1            0001DD-0001FF               23
        BANK10           000A00-000AFF              100
        BANK11           000B00-000BFF              100
        BANK12           000C00-000CEE               EF
        BANK2            00027B-0002FF               85
        BANK3            0003C8-0003FF               38
        BANK4            000464-0004FF               9C
        BANK5            0005E2-0005FF               1E
        BANK6            000600-0006FF              100
        BANK7            000700-0007FF              100
        BANK8            000800-0008FF              100
        BANK9            000900-0009FF              100
        BIGRAM           000047-00005F               19
                         0000FA-0000FF                6
                         0001DD-0001FF               23
                         00027B-0002FF               85
                         0003C8-0003FF               38
                         000464-0004FF               9C
                         0005E2-000CEE              70D
        CODE             000006-000007                2
                         00074A-00ECEB             E5A2
        COMRAM           000047-00005F               19
        CONST            000006-000007                2
                         00074A-00ECEB             E5A2
        EEDATA           F00000-F003FF              400
        MEDIUMCONST      000D00-00ECEB             DFEC
        RAM              0000FA-0000FF                6
                         0001DD-0001FF               23
                         00027B-0002FF               85
                         0003C8-0003FF               38
                         000464-0004FF               9C
                         0005E2-000CEE              100
        SFR              000D00-000F9B              100
                         000F9D-000FD3               37
                         000FD5-000FDA                6
                         000FE0-000FE2                3
                         000FE8-000FEA                3
                         000FF0-000FFB                C
        SMALLCONST       000D00-00ECEB              100
        STACK            0005E2-0009FF              41E

                                  Symbol Table

?_GetBaud                              cstackBANK1  00017C
?_GetEnteredNumber                     cstackBANK1  000188
?_GetMemoryBaud                        cstackBANK1  000182
?_I2C_Read_At_Address                  cstackBANK1  00017F
?_InternalADC_Read                     cstackBANK1  00018B
?_ReadEEPROM_1Byte                     cstackBANK1  00017C
?___aldiv                              cstackBANK1  000182
?___awdiv                              cstackBANK1  00017C
?___awmod                              cstackBANK1  00017C
?___ftdiv                              cstackBANK1  000188
?___ftmul                              cstackBANK1  000197
?___ftpack                             cstackBANK1  00017C
?___fttol                              cstackBANK1  0001A6
?___lbtoft                             cstackBANK1  000184
?___lldiv                              cstackBANK1  00017C
?___llmod                              cstackBANK1  000189
?___lmul                               cstackBANK1  00017C
?___lwmod                              cstackBANK1  00017C
?___lwtoft                             cstackBANK1  000184
?___wmul                               cstackBANK1  00017C
?_sprintf                              cstackBANK1  000192
BufferCopy@count                       cstackBANK1  000188
BufferCopy@from                        cstackBANK1  000184
BufferCopy@i                           cstackBANK1  00018A
BufferCopy@shift                       cstackBANK1  000189
BufferCopy@to                          cstackBANK1  000186
CheckSum_byte@Odd_Even                 cstackBANK1  00017E
CheckSum_byte@Parity                   cstackBANK1  000181
CheckSum_byte@This                     cstackBANK1  00017C
CheckSum_byte@ThisTemp                 cstackBANK1  00017F
CheckSum_byte@i                        cstackBANK1  000182
Command@ADC_Value                      cstackBANK5  0005C8
Command@BAUDtemp                       cstackBANK5  0005CE
Command@Input                          cstackBANK1  0001C8
Command@PARITYtemp                     cstackBANK5  0005D4
Command@RTC_Battery_Value              cstackBANK5  0005CA
Command@RTC_Battery_Value_HIGH_decimal cstackBANK5  0005CC
Command@RTC_Battery_Value_LOW_decimal  cstackBANK5  0005D2
Command@buf                            cstackBANK5  000500
Command@channel                        cstackBANK5  0005DA
Command@contrast                       cstackBANK5  0005D8
Command@duty                           cstackBANK5  0005DC
Command@tempLONG                       cstackBANK5  0005DE
EnableInternalADC@channels             cstackBANK1  00017D
EnableInternalADC@config               cstackBANK1  00017C
GetEnteredNumber@This                  cstackBANK1  000188
GetEnteredNumber@i                     cstackBANK1  000191
GetEnteredNumber@negative              cstackBANK1  000192
GetEnteredNumber@temp                  cstackBANK1  000193
GetMemoryBaud@BaudTempH                cstackBANK1  00019E
GetMemoryBaud@BaudTempL                cstackBANK1  0001A1
GetMemoryBaud@BaudTempMH               cstackBANK1  00019F
GetMemoryBaud@BaudTempML               cstackBANK1  0001A0
GetMemoryBaud@baud                     cstackBANK1  00019A
GetMemoryParity@Parity                 cstackBANK1  000182
I2C_Read_At_Address@I2Caddress         cstackBANK1  000181
I2C_Read_At_Address@Register           cstackBANK1  00017F
I2C_Read_Sequential@I2Caddress         cstackBANK1  000185
I2C_Read_Sequential@Register           cstackBANK1  000181
I2C_Read_Sequential@length             cstackBANK1  000184
I2C_Read_Sequential@rdptr              cstackBANK1  000182
I2C_Write_At_Address@I2Caddress        cstackBANK1  000183
I2C_Write_At_Address@Register          cstackBANK1  00017F
I2C_Write_At_Address@data              cstackBANK1  000180
ISNUMBER@ascii                         cstackBANK1  00017C
InitUART@Baud                          cstackBANK1  000189
InitUART@baudconfig                    cstackBANK1  000194
InitUART@config                        cstackBANK1  000195
InitUART@parity                        cstackBANK1  00018D
InitUART@spbrg                         cstackBANK1  000192
InitUART@temp                          cstackBANK1  000196
Init_I2C_Master@baud                   cstackBANK1  00017E
InternalADC_Read@channel               cstackBANK1  00018F
IsPrintableASCII@data                  cstackCOMRAM 000001
LCDPrintChar@character                 cstackBANK1  00018A
LCDPrintString@Text                    cstackBANK1  00018A
LCDPrintString@c                       cstackBANK1  00018C
LCD_Scroll@This                        cstackBANK1  00018B
LCDdisplayFeedback@Text                cstackBANK1  00018E
Multiple_I2C_Read@length               cstackBANK1  00017F
Multiple_I2C_Read@rdptr                cstackBANK1  00017D
One_Config1@pin                        cstackBANK1  000186
One_Config2@pin                        cstackBANK1  000186
OpenI2C@slew                           cstackBANK1  00017C
OpenI2C@sync_mode                      cstackBANK1  00017D
OpenUSART@config                       cstackBANK1  000181
OpenUSART@spbrg                        cstackBANK1  00017C
Parse_Time@TempTime                    cstackBANK1  000180
Parse_Time@This                        cstackBANK1  00017C
Parse_Time@temp                        cstackBANK1  00017F
READ_RTC_TIME@Error                    cstackBANK1  00018D
READ_RTC_TIME@temp                     cstackBANK1  000186
RTC_Clock_Enable@Error                 cstackBANK1  000188
RTC_Clock_Enable@tempSeconds           cstackBANK1  000186
RTC_TIME_NONMilitary@Error             cstackBANK1  000187
RTC_TIME_NONMilitary@temphours         cstackBANK1  000189
ReadEEPROM_1Byte@GIEstatus             cstackBANK1  000181
ReadEEPROM_1Byte@address               cstackBANK1  00017C
ReadUSART@data                         cstackBANK1  00017C
RemoveSpaces@That                      cstackBANK2  000200
RemoveSpaces@This                      cstackBANK1  00018B
RemoveSpaces@address                   cstackBANK2  000264
RemoveSpaces@i                         cstackBANK2  000266
SET_RTC_TIME@Error                     cstackBANK1  000198
SET_RTC_TIME@SetTime                   cstackBANK1  000184
SET_RTC_TIME@temp                      cstackBANK1  000191
SendLCDbyte@LSB_nibble                 cstackBANK1  000189
SendLCDbyte@MSB_nibble                 cstackBANK1  000188
SendLCDbyte@data                       cstackBANK1  000187
SendLCDbyte@isCommand                  cstackBANK1  000186
Send_Config1@data                      cstackBANK1  000187
Send_Config1@i                         cstackBANK1  00018C
Send_Config1@pin                       cstackBANK1  00018D
Send_Config2@data                      cstackBANK1  000187
Send_Config2@i                         cstackBANK1  00018C
Send_Config2@pin                       cstackBANK1  00018B
SetBaud@Baud                           cstackBANK1  0001BC
SetBaud@Parity                         cstackBANK1  0001C0
SetBaud@buf                            cstackBANK2  000200
SetBaud@status                         cstackBANK2  000232
SetContrast@Duty                       cstackBANK1  0001C0
SetContrast@LSB                        cstackBANK1  0001BD
SetContrast@MSB                        cstackBANK1  0001BC
SetContrast@temp                       cstackBANK1  0001BE
SetContrast@tempPR2                    cstackBANK1  0001B9
SetDuty@Duty                           cstackBANK1  0001B9
SetDuty@LSB                            cstackBANK1  0001BE
SetDuty@MSB                            cstackBANK1  0001BD
SetDuty@temp                           cstackBANK1  0001BF
SetDuty@tempPR2                        cstackBANK1  0001BA
SetFreq@freq                           cstackBANK1  000190
SetFreq@temp                           cstackBANK1  000196
SetLCDcursor@Col                       cstackBANK1  00018A
SetLCDcursor@Row                       cstackBANK1  00018B
SetLCDcursor@address                   cstackBANK1  00018C
SetMemoryBaud@Baud                     cstackBANK1  0001A2
SetMemoryBaud@BaudTempH                cstackBANK1  0001AE
SetMemoryBaud@BaudTempL                cstackBANK1  0001B1
SetMemoryBaud@BaudTempMH               cstackBANK1  0001AF
SetMemoryBaud@BaudTempML               cstackBANK1  0001B0
SetMemoryBaud@Test                     cstackBANK1  0001AA
SetMemoryParity@Parity                 cstackBANK1  000184
SetMemoryParity@Test                   cstackBANK1  000183
SprintDate@DisplayTime                 cstackBANK1  0001BE
SprintDate@Military                    cstackBANK1  0001C7
SprintDate@ReturnBuf                   cstackBANK1  0001BC
StartsWith@That                        cstackBANK1  00017E
StartsWith@This                        cstackBANK1  00017C
StringAddEqual@Input                   cstackBANK1  00018B
StringAddEqual@firstnumber             cstackBANK2  000264
StringAddEqual@i                       cstackBANK2  000265
StringAddEqual@j                       cstackBANK2  000266
StringAddEqual@temp                    cstackBANK2  000200
StringContains@That                    cstackBANK1  00017E
StringContains@This                    cstackBANK1  00017C
StringMatch@That                       cstackBANK1  00017E
StringMatch@This                       cstackBANK1  00017C
UARTchar@NinethBit_override            cstackBANK1  000183
UARTchar@NinethBit_override_data       cstackBANK1  000184
UARTchar@data                          cstackBANK1  000186
UARTstring@data                        cstackBANK1  000187
UARTstringWAIT@data                    cstackBANK1  000187
WriteEEPROM_1Byte@GIEstatus            cstackBANK1  000182
WriteEEPROM_1Byte@address              cstackBANK1  00017C
WriteEEPROM_1Byte@data                 cstackBANK1  00017E
WriteI2C@data_out                      cstackBANK1  00017E
Zero_Config1@pin                       cstackBANK1  000186
Zero_Config2@pin                       cstackBANK1  000186
_ADCON0                                (abs)        000FC2
_ADCON1                                (abs)        000FC1
_ADCON2                                (abs)        000FC0
_ADRESH                                (abs)        000FC4
_ADRESL                                (abs)        000FC3
_Aux2OFF                               mediumconst  00EDC5
_Aux2ON                                mediumconst  00EDD5
_AuxOFF                                mediumconst  00EDE5
_AuxON                                 mediumconst  00EDF5
_BAUD                                  dataBANK1    0001D5
_BAUDCON                               (abs)        000FB8
_BedOFF                                mediumconst  00EE05
_BedON                                 mediumconst  00EE15
_BufferCopy                            text79       016784
_CCP1CON                               (abs)        000FBD
_CCPR1L                                (abs)        000FBE
_CheckSum_byte                         text84       01790A
_ClearLCD                              text74       000662
_Command                               text15       010000
_ConfigureOscillator                   text14       017CFA
_ContrastPWM_init                      text13       000736
_ECCP1CON                              (abs)        000FBA
_ECCPR1L                               (abs)        000FBB
_EEADR                                 (abs)        000FA9
_EEADRH                                (abs)        000FAA
_EECON1bits                            (abs)        000FA6
_EECON2                                (abs)        000FA7
_EEDATA                                (abs)        000FA8
_EEPROM_UNLOCK                         text41       0006D2
_EnableInternalADC                     text12       016A46
_GetBaud                               text88       0006F8
_GetEnteredNumber                      text86       014DB0
_GetMemoryBaud                         text42       01579E
_GetMemoryParity                       text38       000626
_I2C_Read_At_Address                   text5        015B96
_I2C_Read_Sequential                   text65       016362
_I2C_Write_At_Address                  text59       0168F0
_INTCONbits                            (abs)        000FF2
_IPR1bits                              (abs)        000F9F
_ISNUMBER                              text85       000644
_IdleI2C                               text67       0006E6
_InitApp                               text11       01796A
_InitUART                              text44       015164
_Init_I2C_Master                       text63       017A70
_InternalADC_Read                      text81       0177DC
_IsPrintableASCII                      text103      00067C
_LATA                                  (abs)        000F89
_LATC                                  (abs)        000F8B
_LATD                                  (abs)        000F8C
_LATE                                  (abs)        000F8D
_LCDPrintChar                          text10       0006BE
_LCDPrintString                        text73       0174CC
_LCDScreenUpdate                       text9        013684
_LCD_Scroll                            text78       014B68
_LCDclearCount                         dataBANK1    0001D9
_LCDdisplayFeedback                    text71       017C7C
_LCDwait                               bssBANK1     000109
_Multiple_I2C_Read                     text68       01769E
_NowTime                               bssBANK1     000100
_OSCCON                                (abs)        000FD3
_One_Config1                           text55       016E82
_One_Config2                           text51       017B0C
_OpenI2C                               text64       000602
_OpenUSART                             text48       0175BE
_PARITY                                bssBANK1     00010A
_PIE1                                  (abs)        000F9D
_PIE1bits                              (abs)        000F9D
_PIR1bits                              (abs)        000F9E
_PIR2bits                              (abs)        000FA1
_PR2                                   (abs)        000FCB
_PWM_init                              text6        0005B4
_Parse_Time                            text70       013BCE
_PulseEnablePin                        text76       017CBC
_RCONbits                              (abs)        000FD0
_RCREG                                 (abs)        000FAE
_RCSTA                                 (abs)        000FAB
_RCSTAbits                             (abs)        000FAB
_READ_RTC_TIME                         text61       01619A
_RTC_Clock_Enable                      text4        017A20
_RTC_INIT                              text2        00070A
_RTC_TIME_NONMilitary                  text3        017250
_ReadEEPROM_1Byte                      text43       017BEC
_ReadUSART                             text47       000474
_RemoveSpaces                          text60       01683C
_ResetI2C                              text62       00058A
_Rxdata                                bssBANK3     000364
_SET_RTC_TIME                          text56       014606
_SPBRG                                 (abs)        000FAF
_SPBRGH                                (abs)        000FB0
_SSPADD                                (abs)        000FC8
_SSPBUF                                (abs)        000FC9
_SSPCON1                               (abs)        000FC6
_SSPCON1bits                           (abs)        000FC6
_SSPCON2                               (abs)        000FC5
_SSPCON2bits                           (abs)        000FC5
_SSPSTAT                               (abs)        000FC7
_SSPSTATbits                           (abs)        000FC7
_ScrollDisplayPosition                 bssBANK1     00010B
_ScrollFIFOCount                       bssBANK1     00010C
_Scroll_1                              bssBANK1     00010E
_Scroll_10                             bssBANK0     0000DA
_Scroll_2                              bssBANK1     00011E
_Scroll_3                              bssBANK1     00012E
_Scroll_4                              bssBANK1     00013E
_Scroll_5                              bssBANK1     00014E
_Scroll_6                              bssBANK1     00015E
_Scroll_7                              bssCOMRAM    000027
_Scroll_8                              bssCOMRAM    000037
_Scroll_9                              bssBANK0     0000EA
_SendLCDbyte                           text75       016440
_Send_Config1                          text52       015EDE
_Send_Config2                          text49       0170BE
_SetBaud                               text31       0148CA
_SetContrast                           text25       015FCC
_SetDuty                               text24       0165EE
_SetFreq                               text7        017632
_SetLCDcursor                          text72       0003DC
_SetMemoryBaud                         text39       0160B4
_SetMemoryParity                       text37       000442
_SprintDate                            text23       015CBA
_StartsWith                            text22       016CC8
_StringAddEqual                        text21       014FAC
_StringContains                        text20       0173D2
_StringMatch                           text19       017450
_SubLightOFF                           mediumconst  00EE25
_SubLightON                            mediumconst  00EE35
_T2CON                                 (abs)        000FCA
_TRISAbits                             (abs)        000F92
_TRISCbits                             (abs)        000F94
_TRISDbits                             (abs)        000F95
_TRISEbits                             (abs)        000F96
_TXREG                                 (abs)        000FAD
_TXSTA                                 (abs)        000FAC
_TXSTAbits                             (abs)        000FAC
_TXToiletAlexBathroom                  mediumconst  00ED65
_TXToiletMyBathroom                    mediumconst  00ED71
_TX_OLD                                bssBANK0     0000D8
_TXdataBedroomCLOSED                   mediumconst  00ED7D
_TXdataBedroomOPENED                   mediumconst  00ED89
_TXdataD                               mediumconst  00EE65
_TXdataE                               mediumconst  00EE71
_TXdataF                               mediumconst  00EE7D
_TXdataFrontCLOSED                     mediumconst  00ED95
_TXdataFrontOPENED                     mediumconst  00EDA1
_TXdataLabCLOSED                       mediumconst  00EDAD
_TXdataLabOPENED                       mediumconst  00EDB9
_Txdata                                bssBANK4     000400
_UARTchar                              text83       017352
_UARTstring                            text82       0169A0
_UARTstringWAIT                        text36       0172D2
_USART_Status                          bssBANK1     00010D
_Version                               dataBANK2    000267
_WriteEEPROM_1Byte                     text40       017BA4
_WriteI2C                              text66       017032
_Zero_Config1                          text54       016DF0
_Zero_Config2                          text50       017AC0
__CFG_BBSIZ$1024                       (abs)        000000
__CFG_BOREN$BOHW                       (abs)        000000
__CFG_BORV$3                           (abs)        000000
__CFG_CP0$OFF                          (abs)        000000
__CFG_CP1$OFF                          (abs)        000000
__CFG_CP2$OFF                          (abs)        000000
__CFG_CP3$OFF                          (abs)        000000
__CFG_CP4$OFF                          (abs)        000000
__CFG_CP5$OFF                          (abs)        000000
__CFG_CPB$OFF                          (abs)        000000
__CFG_CPD$OFF                          (abs)        000000
__CFG_EBTR0$OFF                        (abs)        000000
__CFG_EBTR1$OFF                        (abs)        000000
__CFG_EBTR2$OFF                        (abs)        000000
__CFG_EBTR3$OFF                        (abs)        000000
__CFG_EBTR4$OFF                        (abs)        000000
__CFG_EBTR5$OFF                        (abs)        000000
__CFG_EBTRB$OFF                        (abs)        000000
__CFG_FCMEN$OFF                        (abs)        000000
__CFG_IESO$OFF                         (abs)        000000
__CFG_LPT1OSC$OFF                      (abs)        000000
__CFG_LVP$OFF                          (abs)        000000
__CFG_MCLRE$ON                         (abs)        000000
__CFG_OSC$HSPLL                        (abs)        000000
__CFG_PBADEN$ON                        (abs)        000000
__CFG_PWRT$ON                          (abs)        000000
__CFG_STVREN$ON                        (abs)        000000
__CFG_WDT$OFF                          (abs)        000000
__CFG_WDTPS$32768                      (abs)        000000
__CFG_WRT0$OFF                         (abs)        000000
__CFG_WRT1$OFF                         (abs)        000000
__CFG_WRT2$OFF                         (abs)        000000
__CFG_WRT3$OFF                         (abs)        000000
__CFG_WRT4$OFF                         (abs)        000000
__CFG_WRT5$OFF                         (abs)        000000
__CFG_WRTB$OFF                         (abs)        000000
__CFG_WRTC$OFF                         (abs)        000000
__CFG_WRTD$OFF                         (abs)        000000
__CFG_XINST$OFF                        (abs)        000000
__HRAM                                 (abs)        000000
__Habs1                                abs1         000000
__Hbank0                               bank0        000000
__Hbank1                               bank1        000000
__Hbank10                              bank10       000000
__Hbank11                              bank11       000000
__Hbank12                              bank12       000000
__Hbank2                               bank2        000000
__Hbank3                               bank3        000000
__Hbank4                               bank4        000000
__Hbank5                               bank5        000000
__Hbank6                               bank6        000000
__Hbank7                               bank7        000000
__Hbank8                               bank8        000000
__Hbank9                               bank9        000000
__Hbigbss                              bigbss       000000
__Hbigdata                             bigdata      000000
__Hbigram                              bigram       000000
__Hbss                                 bss          000000
__HbssBANK0                            bssBANK0     000000
__HbssBANK1                            bssBANK1     000000
__HbssBANK3                            bssBANK3     000000
__HbssBANK4                            bssBANK4     000000
__HbssCOMRAM                           bssCOMRAM    000000
__Hcinit                               cinit        000000
__Hclrtext                             clrtext      000000
__Hcomram                              comram       000000
__Hconfig                              config       30000E
__Hconst                               const        000000
__HcstackBANK0                         cstackBANK0  000000
__HcstackBANK1                         cstackBANK1  000000
__HcstackBANK2                         cstackBANK2  000000
__HcstackBANK5                         cstackBANK5  000000
__HcstackCOMRAM                        cstackCOMRAM 000000
__Hdata                                data         000000
__HdataBANK1                           dataBANK1    000000
__HdataBANK2                           dataBANK2    000000
__Heeprom_data                         eeprom_data  000000
__Hend_init                            end_init     00036A
__Hfarbss                              farbss       000000
__Hfardata                             fardata      000000
__Hibigdata                            ibigdata     000000
__Hidata                               idata        000000
__HidataBANK1                          idataBANK1   000000
__HidataBANK2                          idataBANK2   000000
__Hidloc                               idloc        200008
__Hifardata                            ifardata     000000
__Hinit                                init         000366
__Hintcode                             intcode      000018
__Hintcode_body                        intcode_body 000000
__Hintcodelo                           intcodelo    000366
__Hintentry                            intentry     000000
__Hintret                              intret       000000
__Hintsave_regs                        intsave_regs 000000
__Hirdata                              irdata       000000
__Hmediumconst                         mediumconst  010000
__HnvFARRAM                            nvFARRAM     000000
__Hnvbit                               nvbit        000000
__Hnvrram                              nvrram       000000
__Hparam                               param1       000000
__Hparam1                              param1       000000
__Hpowerup                             powerup      000366
__Hram                                 ram          000000
__Hramtop                              ramtop       000D00
__Hrbit                                rbit         000000
__Hrbss                                rbss         000000
__Hrdata                               rdata        000000
__Hreset_vec                           reset_vec    000006
__Hsfr                                 sfr          000000
__Hsmallconst                          smallconst   000000
__Hspace_0                             (abs)        30000E
__Hspace_1                             (abs)        0005E2
__Hspace_2                             (abs)        000000
__Hstack                               stack        000000
__Hstruct                              struct       000000
__Htemp                                temp         000000
__Htext                                text         000000
__Htext0                               text0        000000
__Htext1                               text1        000000
__Htext10                              text10       000000
__Htext100                             text100      000000
__Htext101                             text101      000000
__Htext102                             text102      000000
__Htext103                             text103      000000
__Htext11                              text11       000000
__Htext12                              text12       000000
__Htext13                              text13       000000
__Htext14                              text14       000000
__Htext15                              text15       000000
__Htext16                              text16       000000
__Htext17                              text17       000000
__Htext18                              text18       000000
__Htext19                              text19       000000
__Htext2                               text2        000000
__Htext20                              text20       000000
__Htext21                              text21       000000
__Htext22                              text22       000000
__Htext23                              text23       000000
__Htext24                              text24       000000
__Htext25                              text25       000000
__Htext26                              text26       000000
__Htext27                              text27       000000
__Htext28                              text28       000000
__Htext29                              text29       000000
__Htext3                               text3        000000
__Htext30                              text30       000000
__Htext31                              text31       000000
__Htext32                              text32       000000
__Htext33                              text33       000000
__Htext34                              text34       000000
__Htext35                              text35       000000
__Htext36                              text36       000000
__Htext37                              text37       000000
__Htext38                              text38       000000
__Htext39                              text39       000000
__Htext4                               text4        000000
__Htext40                              text40       000000
__Htext41                              text41       000000
__Htext42                              text42       000000
__Htext43                              text43       000000
__Htext44                              text44       000000
__Htext45                              text45       000000
__Htext46                              text46       000000
__Htext47                              text47       000000
__Htext48                              text48       000000
__Htext49                              text49       000000
__Htext5                               text5        000000
__Htext50                              text50       000000
__Htext51                              text51       000000
__Htext52                              text52       000000
__Htext53                              text53       000000
__Htext54                              text54       000000
__Htext55                              text55       000000
__Htext56                              text56       000000
__Htext57                              text57       000000
__Htext58                              text58       000000
__Htext59                              text59       000000
__Htext6                               text6        000000
__Htext60                              text60       000000
__Htext61                              text61       000000
__Htext62                              text62       000000
__Htext63                              text63       000000
__Htext64                              text64       000000
__Htext65                              text65       000000
__Htext66                              text66       000000
__Htext67                              text67       000000
__Htext68                              text68       000000
__Htext69                              text69       000000
__Htext7                               text7        000000
__Htext70                              text70       000000
__Htext71                              text71       000000
__Htext72                              text72       000000
__Htext73                              text73       000000
__Htext74                              text74       000000
__Htext75                              text75       000000
__Htext76                              text76       000000
__Htext77                              text77       000000
__Htext78                              text78       000000
__Htext79                              text79       000000
__Htext8                               text8        000000
__Htext80                              text80       000000
__Htext81                              text81       000000
__Htext82                              text82       000000
__Htext83                              text83       000000
__Htext84                              text84       000000
__Htext85                              text85       000000
__Htext86                              text86       000000
__Htext87                              text87       000000
__Htext88                              text88       000000
__Htext9                               text9        000000
__Htext90                              text90       000000
__Htext91                              text91       000000
__Htext92                              text92       000000
__Htext93                              text93       000000
__Htext94                              text94       000000
__Htext95                              text95       000000
__Htext96                              text96       000000
__Htext97                              text97       000000
__Htext98                              text98       000000
__Htext99                              text99       000000
__LRAM                                 (abs)        000001
__Labs1                                abs1         000000
__Lbank0                               bank0        000000
__Lbank1                               bank1        000000
__Lbank10                              bank10       000000
__Lbank11                              bank11       000000
__Lbank12                              bank12       000000
__Lbank2                               bank2        000000
__Lbank3                               bank3        000000
__Lbank4                               bank4        000000
__Lbank5                               bank5        000000
__Lbank6                               bank6        000000
__Lbank7                               bank7        000000
__Lbank8                               bank8        000000
__Lbank9                               bank9        000000
__Lbigbss                              bigbss       000000
__Lbigdata                             bigdata      000000
__Lbigram                              bigram       000000
__Lbss                                 bss          000000
__LbssBANK0                            bssBANK0     000000
__LbssBANK1                            bssBANK1     000000
__LbssBANK3                            bssBANK3     000000
__LbssBANK4                            bssBANK4     000000
__LbssCOMRAM                           bssCOMRAM    000000
__Lcinit                               cinit        000000
__Lclrtext                             clrtext      000000
__Lcomram                              comram       000000
__Lconfig                              config       300000
__Lconst                               const        000000
__LcstackBANK0                         cstackBANK0  000000
__LcstackBANK1                         cstackBANK1  000000
__LcstackBANK2                         cstackBANK2  000000
__LcstackBANK5                         cstackBANK5  000000
__LcstackCOMRAM                        cstackCOMRAM 000000
__Ldata                                data         000000
__LdataBANK1                           dataBANK1    000000
__LdataBANK2                           dataBANK2    000000
__Leeprom_data                         eeprom_data  000000
__Lend_init                            end_init     000366
__Lfarbss                              farbss       000000
__Lfardata                             fardata      000000
__Libigdata                            ibigdata     000000
__Lidata                               idata        000000
__LidataBANK1                          idataBANK1   000000
__LidataBANK2                          idataBANK2   000000
__Lidloc                               idloc        200000
__Lifardata                            ifardata     000000
__Linit                                init         000366
__Lintcode                             intcode      000008
__Lintcode_body                        intcode_body 000000
__Lintcodelo                           intcodelo    000018
__Lintentry                            intentry     000000
__Lintret                              intret       000000
__Lintsave_regs                        intsave_regs 000000
__Lirdata                              irdata       000000
__Lmediumconst                         mediumconst  00ECEC
__LnvFARRAM                            nvFARRAM     000000
__Lnvbit                               nvbit        000000
__Lnvrram                              nvrram       000000
__Lparam                               param1       000000
__Lparam1                              param1       000000
__Lpowerup                             powerup      000366
__Lram                                 ram          000000
__Lramtop                              ramtop       000D00
__Lrbit                                rbit         000000
__Lrbss                                rbss         000000
__Lrdata                               rdata        000000
__Lreset_vec                           reset_vec    000000
__Lsfr                                 sfr          000000
__Lsmallconst                          smallconst   000000
__Lspace_0                             (abs)        000000
__Lspace_1                             (abs)        000000
__Lspace_2                             (abs)        000000
__Lstack                               stack        000000
__Lstruct                              struct       000000
__Ltemp                                temp         000000
__Ltext                                text         000000
__Ltext0                               text0        000000
__Ltext1                               text1        000000
__Ltext10                              text10       000000
__Ltext100                             text100      000000
__Ltext101                             text101      000000
__Ltext102                             text102      000000
__Ltext103                             text103      000000
__Ltext11                              text11       000000
__Ltext12                              text12       000000
__Ltext13                              text13       000000
__Ltext14                              text14       000000
__Ltext15                              text15       000000
__Ltext16                              text16       000000
__Ltext17                              text17       000000
__Ltext18                              text18       000000
__Ltext19                              text19       000000
__Ltext2                               text2        000000
__Ltext20                              text20       000000
__Ltext21                              text21       000000
__Ltext22                              text22       000000
__Ltext23                              text23       000000
__Ltext24                              text24       000000
__Ltext25                              text25       000000
__Ltext26                              text26       000000
__Ltext27                              text27       000000
__Ltext28                              text28       000000
__Ltext29                              text29       000000
__Ltext3                               text3        000000
__Ltext30                              text30       000000
__Ltext31                              text31       000000
__Ltext32                              text32       000000
__Ltext33                              text33       000000
__Ltext34                              text34       000000
__Ltext35                              text35       000000
__Ltext36                              text36       000000
__Ltext37                              text37       000000
__Ltext38                              text38       000000
__Ltext39                              text39       000000
__Ltext4                               text4        000000
__Ltext40                              text40       000000
__Ltext41                              text41       000000
__Ltext42                              text42       000000
__Ltext43                              text43       000000
__Ltext44                              text44       000000
__Ltext45                              text45       000000
__Ltext46                              text46       000000
__Ltext47                              text47       000000
__Ltext48                              text48       000000
__Ltext49                              text49       000000
__Ltext5                               text5        000000
__Ltext50                              text50       000000
__Ltext51                              text51       000000
__Ltext52                              text52       000000
__Ltext53                              text53       000000
__Ltext54                              text54       000000
__Ltext55                              text55       000000
__Ltext56                              text56       000000
__Ltext57                              text57       000000
__Ltext58                              text58       000000
__Ltext59                              text59       000000
__Ltext6                               text6        000000
__Ltext60                              text60       000000
__Ltext61                              text61       000000
__Ltext62                              text62       000000
__Ltext63                              text63       000000
__Ltext64                              text64       000000
__Ltext65                              text65       000000
__Ltext66                              text66       000000
__Ltext67                              text67       000000
__Ltext68                              text68       000000
__Ltext69                              text69       000000
__Ltext7                               text7        000000
__Ltext70                              text70       000000
__Ltext71                              text71       000000
__Ltext72                              text72       000000
__Ltext73                              text73       000000
__Ltext74                              text74       000000
__Ltext75                              text75       000000
__Ltext76                              text76       000000
__Ltext77                              text77       000000
__Ltext78                              text78       000000
__Ltext79                              text79       000000
__Ltext8                               text8        000000
__Ltext80                              text80       000000
__Ltext81                              text81       000000
__Ltext82                              text82       000000
__Ltext83                              text83       000000
__Ltext84                              text84       000000
__Ltext85                              text85       000000
__Ltext86                              text86       000000
__Ltext87                              text87       000000
__Ltext88                              text88       000000
__Ltext9                               text9        000000
__Ltext90                              text90       000000
__Ltext91                              text91       000000
__Ltext92                              text92       000000
__Ltext93                              text93       000000
__Ltext94                              text94       000000
__Ltext95                              text95       000000
__Ltext96                              text96       000000
__Ltext97                              text97       000000
__Ltext98                              text98       000000
__Ltext99                              text99       000000
__S0                                   (abs)        30000E
__S1                                   (abs)        0005E2
__S2                                   (abs)        000000
___aldiv                               text8        01531C
___aldiv@counter                       cstackBANK1  00018A
___aldiv@dividend                      cstackBANK1  000182
___aldiv@divisor                       cstackBANK1  000186
___aldiv@quotient                      cstackBANK1  00018C
___aldiv@sign                          cstackBANK1  00018B
___awdiv                               text58       016280
___awdiv@counter                       cstackBANK1  000180
___awdiv@dividend                      cstackBANK1  00017C
___awdiv@divisor                       cstackBANK1  00017E
___awdiv@quotient                      cstackBANK1  000182
___awdiv@sign                          cstackBANK1  000181
___awmod                               text57       0166C0
___awmod@counter                       cstackBANK1  000180
___awmod@dividend                      cstackBANK1  00017C
___awmod@divisor                       cstackBANK1  00017E
___awmod@sign                          cstackBANK1  000181
___ftdiv                               text29       015908
___ftdiv@cntr                          cstackBANK1  000191
___ftdiv@exp                           cstackBANK1  000195
___ftdiv@f1                            cstackBANK1  000188
___ftdiv@f2                            cstackBANK1  00018B
___ftdiv@f3                            cstackBANK1  000192
___ftdiv@sign                          cstackBANK1  000196
___ftmul                               text28       015628
___ftmul@cntr                          cstackBANK1  0001A4
___ftmul@exp                           cstackBANK1  0001A0
___ftmul@f1                            cstackBANK1  000197
___ftmul@f2                            cstackBANK1  00019A
___ftmul@f3_as_product                 cstackBANK1  0001A1
___ftmul@sign                          cstackBANK1  0001A5
___ftpack                              text30       015DD4
___ftpack@arg                          cstackBANK1  00017C
___ftpack@exp                          cstackBANK1  00017F
___ftpack@sign                         cstackBANK1  000180
___fttol                               text27       0154AC
___fttol@exp1                          cstackBANK1  0001B4
___fttol@f1                            cstackBANK1  0001A6
___fttol@lval                          cstackBANK1  0001B0
___fttol@sign1                         cstackBANK1  0001AF
___inthi_sp                            stack        000000
___intlo_sp                            stack        000000
___lbtoft                              text26       000410
___lbtoft@c                            cstackBANK1  000187
___lldiv                               text46       01651A
___lldiv@counter                       cstackBANK1  000188
___lldiv@dividend                      cstackBANK1  00017C
___lldiv@divisor                       cstackBANK1  000180
___lldiv@quotient                      cstackBANK1  000184
___llmod                               text35       016AEA
___llmod@counter                       cstackBANK1  000191
___llmod@dividend                      cstackBANK1  000189
___llmod@divisor                       cstackBANK1  00018D
___lmul                                text87       017148
___lmul@multiplicand                   cstackBANK1  000180
___lmul@multiplier                     cstackBANK1  00017C
___lmul@product                        cstackBANK1  000184
___lwmod                               text18       0178AA
___lwmod@counter                       cstackBANK1  000180
___lwmod@dividend                      cstackBANK1  00017C
___lwmod@divisor                       cstackBANK1  00017E
___lwtoft                              text17       0004D4
___lwtoft@c                            cstackBANK1  000184
___sp                                  stack        000000
___wmul                                text34       0003A6
___wmul@multiplicand                   cstackBANK1  00017E
___wmul@multiplier                     cstackBANK1  00017C
___wmul@product                        cstackBANK1  000180
__accesstop                            (abs)        000060
__activetblptr                         (abs)        000003
__end_of_Aux2OFF                       mediumconst  00EDD5
__end_of_Aux2ON                        mediumconst  00EDE5
__end_of_AuxOFF                        mediumconst  00EDF5
__end_of_AuxON                         mediumconst  00EE05
__end_of_BedOFF                        mediumconst  00EE15
__end_of_BedON                         mediumconst  00EE25
__end_of_BufferCopy                    text79       01683C
__end_of_CheckSum_byte                 text84       01796A
__end_of_ClearLCD                      text74       00067C
__end_of_Command                       text15       012988
__end_of_ConfigureOscillator           text14       017D00
__end_of_ContrastPWM_init              text13       000742
__end_of_EEPROM_UNLOCK                 text41       0006E6
__end_of_EnableInternalADC             text12       016AEA
__end_of_GetBaud                       text88       00070A
__end_of_GetEnteredNumber              text86       014FAC
__end_of_GetMemoryBaud                 text42       015908
__end_of_GetMemoryParity               text38       000644
__end_of_I2C_Read_At_Address           text5        015CBA
__end_of_I2C_Read_Sequential           text65       016440
__end_of_I2C_Write_At_Address          text59       0169A0
__end_of_ISNUMBER                      text85       000662
__end_of_IdleI2C                       text67       0006F8
__end_of_InitApp                       text11       0179C8
__end_of_InitUART                      text44       01531C
__end_of_Init_I2C_Master               text63       017AC0
__end_of_InternalADC_Read              text81       017844
__end_of_IsPrintableASCII              text103      000694
__end_of_LCDPrintChar                  text10       0006D2
__end_of_LCDPrintString                text73       017548
__end_of_LCDScreenUpdate               text9        013BCE
__end_of_LCD_Scroll                    text78       014DB0
__end_of_LCDdisplayFeedback            text71       017CBC
__end_of_Multiple_I2C_Read             text68       017708
__end_of_One_Config1                   text55       016F14
__end_of_One_Config2                   text51       017B58
__end_of_OpenI2C                       text64       000626
__end_of_OpenUSART                     text48       017632
__end_of_PWM_init                      text6        0005DC
__end_of_Parse_Time                    text70       0140F8
__end_of_PulseEnablePin                text76       017CFA
__end_of_READ_RTC_TIME                 text61       016280
__end_of_RTC_Clock_Enable              text4        017A70
__end_of_RTC_INIT                      text2        00071A
__end_of_RTC_TIME_NONMilitary          text3        0172D2
__end_of_ReadEEPROM_1Byte              text43       017C34
__end_of_ReadUSART                     text47       0004A4
__end_of_RemoveSpaces                  text60       0168F0
__end_of_ResetI2C                      text62       0005B4
__end_of_SET_RTC_TIME                  text56       0148CA
__end_of_SendLCDbyte                   text75       01651A
__end_of_Send_Config1                  text52       015FCC
__end_of_Send_Config2                  text49       017148
__end_of_SetBaud                       text31       014B68
__end_of_SetContrast                   text25       0160B4
__end_of_SetDuty                       text24       0166C0
__end_of_SetFreq                       text7        01769E
__end_of_SetLCDcursor                  text72       000410
__end_of_SetMemoryBaud                 text39       01619A
__end_of_SetMemoryParity               text37       000474
__end_of_SprintDate                    text23       015DD4
__end_of_StartsWith                    text22       016D5E
__end_of_StringAddEqual                text21       015164
__end_of_StringContains                text20       017450
__end_of_StringMatch                   text19       0174CC
__end_of_SubLightOFF                   mediumconst  00EE35
__end_of_SubLightON                    mediumconst  00EE45
__end_of_TXToiletAlexBathroom          mediumconst  00ED71
__end_of_TXToiletMyBathroom            mediumconst  00ED7D
__end_of_TXdataBedroomCLOSED           mediumconst  00ED89
[...]
  SendLCDbyte     1   13[COMRAM] unsigned char 
  SendLCDbyte     1   12[COMRAM] unsigned char 
 Return value:  Size  Location     Type
		None               void
 Registers used:
		wreg, status,2, status,0, cstack
 Tracked objects:
		On entry : 
		On exit  : 
		Unchanged: 
 Data sizes:     COMRAM   BANK0   BANK1   BANK2   BANK3   BANK4   BANK5   BANK6   BANK7   BANK8   BANK9  BANK10  BANK11  BANK12
      Params:         1       0       0       0       0       0       0       0       0       0       0       0       0       0
      Locals:         3       0       0       0       0       0       0       0       0       0       0       0       0       0
      Temps:          0       0       0       0       0       0       0       0       0       0       0       0       0       0
      Totals:         4       0       0       0       0       0       0       0       0       0       0       0       0       0
Total ram usage:        4 bytes
 Hardware stack levels used:    1
 Hardware stack levels required when called:    3
 This function calls:
		i1_PulseEnablePin
		i1_delayUS
 This function is called by:
		i1_SetLCDcursor
		i1_ClearLCD
		i1_LCDPrintString
		i1_LCDPrintChar
 This function uses a non-reentrant model


 *************** function i1_PulseEnablePin *****************
 Defined at:
		line 177 in file "LCD.c"
 Parameters:    Size  Location     Type
		None
 Auto vars:     Size  Location     Type
		None
 Return value:  Size  Location     Type
		None               void
 Registers used:
		wreg, status,2, status,0, cstack
 Tracked objects:
		On entry : 
		On exit  : 
		Unchanged: 
 Data sizes:     COMRAM   BANK0   BANK1   BANK2   BANK3   BANK4   BANK5   BANK6   BANK7   BANK8   BANK9  BANK10  BANK11  BANK12
      Params:         0       0       0       0       0       0       0       0       0       0       0       0       0       0
      Locals:         0       0       0       0       0       0       0       0       0       0       0       0       0       0
      Temps:          0       0       0       0       0       0       0       0       0       0       0       0       0       0
      Totals:         0       0       0       0       0       0       0       0       0       0       0       0       0       0
Total ram usage:        0 bytes
 Hardware stack levels used:    1
 Hardware stack levels required when called:    2
 This function calls:
		i1_delayUS
 This function is called by:
		i1_SendLCDbyte
 This function uses a non-reentrant model


 *************** function i1_delayUS *****************
 Defined at:
		line 55 in file "MISC.c"
 Parameters:    Size  Location     Type
  US              4    0[COMRAM] long 
 Auto vars:     Size  Location     Type
  delayUS         4    5[COMRAM] long 
  delayUS         1    9[COMRAM] unsigned char 
 Return value:  Size  Location     Type
		None               void
 Registers used:
		wreg, status,2, status,0
 Tracked objects:
		On entry : 
		On exit  : 
		Unchanged: 
 Data sizes:     COMRAM   BANK0   BANK1   BANK2   BANK3   BANK4   BANK5   BANK6   BANK7   BANK8   BANK9  BANK10  BANK11  BANK12
      Params:         4       0       0       0       0       0       0       0       0       0       0       0       0       0
      Locals:         5       0       0       0       0       0       0       0       0       0       0       0       0       0
      Temps:          1       0       0       0       0       0       0       0       0       0       0       0       0       0
      Totals:        10       0       0       0       0       0       0       0       0       0       0       0       0       0
Total ram usage:       10 bytes
 Hardware stack levels used:    1
 Hardware stack levels required when called:    1
 This function calls:
		Nothing
 This function is called by:
		i1_SendLCDbyte
		i1_PulseEnablePin
 This function uses a non-reentrant model


 *************** function i1_BufferCopy *****************
 Defined at:
		line 87 in file "MISC.c"
 Parameters:    Size  Location     Type
  from            2    8[COMRAM] PTR unsigned char 
		 -> STR_298(6), STR_297(5), STR_296(5), STR_295(10), 
		 -> STR_294(16), STR_293(11), STR_292(12), STR_291(9), 
		 -> STR_290(14), STR_270(6), STR_269(9), STR_268(14), 
		 -> STR_252(4), STR_251(5), STR_250(8), STR_249(10), 
		 -> STR_248(9), STR_217(2), STR_216(10), STR_215(9), 
		 -> STR_196(10), STR_195(10), STR_194(13), STR_179(10), 
		 -> STR_178(10), STR_177(17), STR_157(6), STR_156(6), 
		 -> STR_155(9), STR_154(10), STR_129(7), STR_128(4), 
		 -> STR_127(6), STR_126(9), STR_125(13), STR_94(4), 
		 -> STR_93(6), STR_92(9), STR_91(14), STR_69(5), 
		 -> STR_68(5), STR_67(9), STR_66(9), StringAddEqual@temp(100), 
		 -> RemoveSpaces@That(100), low_isr@TEMP_Rxdata(100), 
  to              2   10[COMRAM] PTR unsigned char 
		 -> Scroll_10(16), Scroll_9(16), Scroll_8(16), Scroll_7(16), 
		 -> Scroll_6(16), Scroll_5(16), Scroll_4(16), Scroll_3(16), 
		 -> Scroll_2(16), Scroll_1(16), Rxdata(100), 
  count           1   12[COMRAM] unsigned char 
  shift           1   13[COMRAM] unsigned char 
 Auto vars:     Size  Location     Type
  BufferCopy      1   14[COMRAM] unsigned char 
 Return value:  Size  Location     Type
		None               void
 Registers used:
		wreg, fsr1l, fsr1h, fsr2l, fsr2h, status,2, status,0, tblptrl, tblptrh, tblptru, prodl, prodh, cstack
 Tracked objects:
		On entry : 
		On exit  : 
		Unchanged: 
 Data sizes:     COMRAM   BANK0   BANK1   BANK2   BANK3   BANK4   BANK5   BANK6   BANK7   BANK8   BANK9  BANK10  BANK11  BANK12
      Params:         6       0       0       0       0       0       0       0       0       0       0       0       0       0
      Locals:         1       0       0       0       0       0       0       0       0       0       0       0       0       0
      Temps:          0       0       0       0       0       0       0       0       0       0       0       0       0       0
      Totals:         7       0       0       0       0       0       0       0       0       0       0       0       0       0
Total ram usage:        7 bytes
 Hardware stack levels used:    1
 Hardware stack levels required when called:    2
 This function calls:
		i1_cleanBuffer
 This function is called by:
		_low_isr
 This function uses a non-reentrant model


 *************** function i1_cleanBuffer *****************
 Defined at:
		line 73 in file "MISC.c"
 Parameters:    Size  Location     Type
  data            2    0[COMRAM] PTR unsigned char 
		 -> Scroll_10(16), Scroll_9(16), Scroll_8(16), Scroll_7(16), 
		 -> Scroll_6(16), Scroll_5(16), Scroll_4(16), Scroll_3(16), 
		 -> Scroll_2(16), Scroll_1(16), StringAddEqual@temp(100), RemoveSpaces@That(100), 
		 -> Rxdata(100), low_isr@TEMP_Rxdata(100), 
  count           2    2[COMRAM] int 
 Auto vars:     Size  Location     Type
  cleanBuffer     1    7[COMRAM] unsigned char 
 Return value:  Size  Location     Type
		None               void
 Registers used:
		wreg, fsr2l, fsr2h, status,2, status,0, prodl, prodh
 Tracked objects:
		On entry : 
		On exit  : 
		Unchanged: 
 Data sizes:     COMRAM   BANK0   BANK1   BANK2   BANK3   BANK4   BANK5   BANK6   BANK7   BANK8   BANK9  BANK10  BANK11  BANK12
      Params:         4       0       0       0       0       0       0       0       0       0       0       0       0       0
      Locals:         1       0       0       0       0       0       0       0       0       0       0       0       0       0
      Temps:          3       0       0       0       0       0       0       0       0       0       0       0       0       0
      Totals:         8       0       0       0       0       0       0       0       0       0       0       0       0       0
Total ram usage:        8 bytes
 Hardware stack levels used:    1
 Hardware stack levels required when called:    1
 This function calls:
		Nothing
 This function is called by:
		_low_isr
		i1_BufferCopy
 This function uses a non-reentrant model


 *************** function _IsPrintableASCII *****************
 Defined at:
		line 397 in file "MISC.c"
 Parameters:    Size  Location     Type
  data            1    wreg     unsigned char 
 Auto vars:     Size  Location     Type
  data            1    0[COMRAM] unsigned char 
 Return value:  Size  Location     Type
                  1    wreg      unsigned char 
 Registers used:
		wreg, status,2, status,0
 Tracked objects:
		On entry : 
		On exit  : 
		Unchanged: 
 Data sizes:     COMRAM   BANK0   BANK1   BANK2   BANK3   BANK4   BANK5   BANK6   BANK7   BANK8   BANK9  BANK10  BANK11  BANK12
      Params:         0       0       0       0       0       0       0       0       0       0       0       0       0       0
      Locals:         1       0       0       0       0       0       0       0       0       0       0       0       0       0
      Temps:          0       0       0       0       0       0       0       0       0       0       0       0       0       0
      Totals:         1       0       0       0       0       0       0       0       0       0       0       0       0       0
Total ram usage:        1 bytes
 Hardware stack levels used:    1
 Hardware stack levels required when called:    1
 This function calls:
		Nothing
 This function is called by:
		_low_isr
 This function uses a non-reentrant model


 *************** function _high_isr *****************
 Defined at:
		line 59 in file "interrupts.c"
 Parameters:    Size  Location     Type
		None
 Auto vars:     Size  Location     Type
		None
 Return value:  Size  Location     Type
		None               void
 Registers used:
		None
 Tracked objects:
		On entry : 
		On exit  : 
		Unchanged: 
 Data sizes:     COMRAM   BANK0   BANK1   BANK2   BANK3   BANK4   BANK5   BANK6   BANK7   BANK8   BANK9  BANK10  BANK11  BANK12
      Params:         0       0       0       0       0       0       0       0       0       0       0       0       0       0
      Locals:         0       0       0       0       0       0       0       0       0       0       0       0       0       0
      Temps:          0       0      14       0       0       0       0       0       0       0       0       0       0       0
      Totals:         0       0      14       0       0       0       0       0       0       0       0       0       0       0
Total ram usage:       14 bytes
 Hardware stack levels used:    1
 This function calls:
		Nothing
 This function is called by:
		Interrupt level 2
 This function uses a non-reentrant model



MODULE INFORMATION

Module		Function		Class		Link	Load	Size
UART.c
		_OpenUSART     		CODE           	175BE	0000	116
		_InitUART      		CODE           	15164	0000	440
		_UARTstring    		CODE           	169A0	0000	166
		_GetBaud       		CODE           	06F8	0000	18
		_UARTstringWAIT		CODE           	172D2	0000	128
		_SetBaud       		CODE           	148CA	0000	670
		_UARTchar      		CODE           	17352	0000	128
		_baudUSART     		CODE           	071A	0000	14
		_ReadUSART     		CODE           	0474	0000	48

UART.c estimated size: 1728

C:\Program Files (x86)\Microchip\xc8\v1.33\sources\common\doprnt.c
		_sprintf       		CODE           	12988	0000	3324

C:\Program Files (x86)\Microchip\xc8\v1.33\sources\common\doprnt.c estimated size: 3324

C:\Program Files (x86)\Microchip\xc8\v1.33\sources\common\float.c
		___ftpack      		CODE           	15DD4	0000	266

C:\Program Files (x86)\Microchip\xc8\v1.33\sources\common\float.c estimated size: 266

C:\Program Files (x86)\Microchip\xc8\v1.33\sources\common\lwmod.c
		___lwmod       		CODE           	178AA	0000	96

C:\Program Files (x86)\Microchip\xc8\v1.33\sources\common\lwmod.c estimated size: 96

interrupts.c
		_high_isr      		CODE           	0008	0000	96418
		_low_isr       		CODE           	0018	0000	846

interrupts.c estimated size: 97264

C:\Program Files (x86)\Microchip\xc8\v1.33\sources\common\awmod.c
		___awmod       		CODE           	166C0	0000	196

C:\Program Files (x86)\Microchip\xc8\v1.33\sources\common\awmod.c estimated size: 196

C:\Program Files (x86)\Microchip\xc8\v1.33\sources\common\Umul16.c
		___wmul        		CODE           	03A6	0000	54

C:\Program Files (x86)\Microchip\xc8\v1.33\sources\common\Umul16.c estimated size: 54

C:\Program Files (x86)\Microchip\xc8\v1.33\sources\common\llmod.c
		___llmod       		CODE           	16AEA	0000	164

C:\Program Files (x86)\Microchip\xc8\v1.33\sources\common\llmod.c estimated size: 164

I2C.c
		_Multiple_I2C_R		CODE           	1769E	0000	106
		_readI2C       		CODE           	04A4	0000	48
		_Init_I2C_Maste		CODE           	17A70	0000	80
		_IdleI2C       		CODE           	06E6	0000	18
		_I2C_Read_At_Ad		CODE           	15B96	0000	292
		_ResetI2C      		CODE           	058A	0000	42
		_I2C_Read_Seque		CODE           	16362	0000	222
		_I2C_Write_At_A		CODE           	168F0	0000	176
		_WriteI2C      		CODE           	17032	0000	140
		_OpenI2C       		CODE           	0602	0000	36

I2C.c estimated size: 1160

StringCommand.c
		_Command       		CODE           	10000	0000	10632

StringCommand.c estimated size: 10632

RF.c
		_One_Config1   		CODE           	16E82	0000	146
		_One_Config2   		CODE           	17B0C	0000	76
		_Send_Config1  		CODE           	15EDE	0000	238
		_Send_Config2  		CODE           	170BE	0000	138
		_Zero_Config1  		CODE           	16DF0	0000	146
		_Zero_Config2  		CODE           	17AC0	0000	76
		_f_Config1     		CODE           	16D5E	0000	146

RF.c estimated size: 966

C:\Program Files (x86)\Microchip\xc8\v1.33\sources\common\ftmul.c
		___ftmul       		CODE           	15628	0000	374

C:\Program Files (x86)\Microchip\xc8\v1.33\sources\common\ftmul.c estimated size: 374

C:\Program Files (x86)\Microchip\xc8\v1.33\sources\common\ftdiv.c
		___ftdiv       		CODE           	15908	0000	344

C:\Program Files (x86)\Microchip\xc8\v1.33\sources\common\ftdiv.c estimated size: 344

C:\Program Files (x86)\Microchip\xc8\v1.33\sources\common\Umul32.c
		___lmul        		CODE           	17148	0000	134

C:\Program Files (x86)\Microchip\xc8\v1.33\sources\common\Umul32.c estimated size: 134

C:\Program Files (x86)\Microchip\xc8\v1.33\sources\common\awdiv.c
		___awdiv       		CODE           	16280	0000	226

C:\Program Files (x86)\Microchip\xc8\v1.33\sources\common\awdiv.c estimated size: 226

EEPROM.c
		_SetMemoryBaud 		CODE           	160B4	0000	230
		_EEPROM_UNLOCK 		CODE           	06D2	0000	20
		_GetMemoryParit		CODE           	0626	0000	30
		_SetMemoryParit		CODE           	0442	0000	50
		_ReadEEPROM_1By		CODE           	17BEC	0000	72
		_WriteEEPROM_1B		CODE           	17BA4	0000	72
		_GetMemoryBaud 		CODE           	1579E	0000	362

EEPROM.c estimated size: 836

PWM.c
		_ContrastPWM_in		CODE           	0736	0000	12
		_SetFreq       		CODE           	17632	0000	108
		_SetDuty       		CODE           	165EE	0000	210
		_PWM_init      		CODE           	05B4	0000	40
		_SetContrast   		CODE           	15FCC	0000	232

PWM.c estimated size: 602

C:\Program Files (x86)\Microchip\xc8\v1.33\sources\common\lldiv.c
		___lldiv       		CODE           	1651A	0000	212

C:\Program Files (x86)\Microchip\xc8\v1.33\sources\common\lldiv.c estimated size: 212

shared
		i1_ClearLCD    		CODE           	0694	0000	22
		i1_UARTchar    		CODE           	17708	0000	106
		i1_UARTstring  		CODE           	16F14	0000	144
		i1_CheckSum_byt		CODE           	17C34	0000	72
		__stringdata   		MEDIUMCONST    	EE89	0000	4469
		_Aux2ON        		MEDIUMCONST    	EDD5	0000	16
		_BedOFF        		MEDIUMCONST    	EE05	0000	16
		_fanON         		MEDIUMCONST    	EE55	0000	16
		_dpowers       		MEDIUMCONST    	ED1D	0000	40
		_SubLightON    		MEDIUMCONST    	EE35	0000	16
		_SubLightOFF   		MEDIUMCONST    	EE25	0000	16
		_TXdataE       		MEDIUMCONST    	EE71	0000	12
		_TXdataBedroomO		MEDIUMCONST    	ED89	0000	12
		_AuxOFF        		MEDIUMCONST    	EDE5	0000	16
		_TXdataBedroomC		MEDIUMCONST    	ED7D	0000	12
		_TXToiletMyBath		MEDIUMCONST    	ED71	0000	12
		i1_SetLCDcursor		CODE           	05DC	0000	38
		_BedON         		MEDIUMCONST    	EE15	0000	16
		_TXdataLabOPENE		MEDIUMCONST    	EDB9	0000	12
		i1_ReadUSART   		CODE           	0502	0000	46
		_TXdataLabCLOSE		MEDIUMCONST    	EDAD	0000	12
		__initializatio		CODE           	171CE	0000	124
		i1_LCDPrintStri		CODE           	17772	0000	106
		_TXdataFrontOPE		MEDIUMCONST    	EDA1	0000	12
		_TXdataFrontCLO		MEDIUMCONST    	ED95	0000	12
		_octpowers     		MEDIUMCONST    	ECED	0000	48
		_Aux2OFF       		MEDIUMCONST    	EDC5	0000	16
		_TXToiletAlexBa		MEDIUMCONST    	ED65	0000	12
		_TXdataD       		MEDIUMCONST    	EE65	0000	12
		i1_LCDPrintChar		CODE           	0728	0000	14
		_AuxON         		MEDIUMCONST    	EDF5	0000	16
		_hexpowers     		MEDIUMCONST    	ED45	0000	32
		i1_SendLCDbyte 		CODE           	16B8E	0000	162
		i1_BufferCopy  		CODE           	16C30	0000	152
		i1_cleanBuffer 		CODE           	036A	0000	60
		i1_delayUS     		CODE           	17B58	0000	76
		_fanOFF        		MEDIUMCONST    	EE45	0000	16
		i1_PulseEnableP		CODE           	0530	0000	46
		_TXdataF       		MEDIUMCONST    	EE7D	0000	12

shared estimated size: 6049

C:\Program Files (x86)\Microchip\xc8\v1.33\sources\common\aldiv.c
		___aldiv       		CODE           	1531C	0000	400

C:\Program Files (x86)\Microchip\xc8\v1.33\sources\common\aldiv.c estimated size: 400

ADC.c
		_InternalADC_Re		CODE           	177DC	0000	104
		_EnableInternal		CODE           	16A46	0000	164

ADC.c estimated size: 268

MISC.c
		_IsPrintableASC		CODE           	067C	0000	24
		_StringContains		CODE           	173D2	0000	126
		_BufferCopy    		CODE           	16784	0000	184
		_cleanBuffer   		CODE           	179C8	0000	88
		_GetEnteredNumb		CODE           	14DB0	0000	508
		_delayUS       		CODE           	17548	0000	118
		_CheckSum_byte 		CODE           	1790A	0000	96
		_RemoveSpaces  		CODE           	1683C	0000	180
		_ISNUMBER      		CODE           	0644	0000	30
		_StringAddEqual		CODE           	14FAC	0000	440
		_StringMatch   		CODE           	17450	0000	124
		_StartsWith    		CODE           	16CC8	0000	150
		_lowercase     		CODE           	16FA4	0000	142

MISC.c estimated size: 2210

C:\Program Files (x86)\Microchip\xc8\v1.33\sources\common\fttol.c
		___fttol       		CODE           	154AC	0000	380

C:\Program Files (x86)\Microchip\xc8\v1.33\sources\common\fttol.c estimated size: 380

C:\Program Files (x86)\Microchip\xc8\v1.33\sources\common\lbtoft.c
		___lbtoft      		CODE           	0410	0000	50

C:\Program Files (x86)\Microchip\xc8\v1.33\sources\common\lbtoft.c estimated size: 50

user.c
		_InitApp       		CODE           	1796A	0000	94

user.c estimated size: 94

main.c
		_main          		CODE           	140F8	0000	1294

main.c estimated size: 1294

C:\Program Files (x86)\Microchip\xc8\v1.33\sources\common\lwtoft.c
		___lwtoft      		CODE           	04D4	0000	46

C:\Program Files (x86)\Microchip\xc8\v1.33\sources\common\lwtoft.c estimated size: 46

RTC.c
		_RTC_TIME_NONMi		CODE           	17250	0000	130
		_SET_RTC_TIME  		CODE           	14606	0000	708
		_RTC_INIT      		CODE           	070A	0000	16
		_READ_RTC_TIME 		CODE           	1619A	0000	230
		_Parse_Time    		CODE           	13BCE	0000	1322
		_SprintDate    		CODE           	15CBA	0000	282
		_RTC_Clock_Enab		CODE           	17A20	0000	80

RTC.c estimated size: 2768

system.c
		_ConfigureOscil		CODE           	17CFA	0000	6

system.c estimated size: 6

LCD.c
		_PulseEnablePin		CODE           	17CBC	0000	62
		_LCD_Scroll    		CODE           	14B68	0000	584
		_SendLCDbyte   		CODE           	16440	0000	218
		_LCDPrintChar  		CODE           	06BE	0000	20
		_init_LCD      		CODE           	15A60	0000	310
		_ClearLCD      		CODE           	0662	0000	26
		_LCDScreenUpdat		CODE           	13684	0000	1354
		_SetLCDcursor  		CODE           	03DC	0000	52
		_LCDPrintString		CODE           	174CC	0000	124
		_LCDdisplayFeed		CODE           	17C7C	0000	64

LCD.c estimated size: 2814

C:\Program Files (x86)\Microchip\xc8\v1.33\sources\common\isdigit.c
		_isdigit       		CODE           	055E	0000	44

C:\Program Files (x86)\Microchip\xc8\v1.33\sources\common\isdigit.c estimated size: 44

