Microchip MPLAB XC8 Compiler V1.33 ()

Linker command line:

--edf=C:\Program Files (x86)\Microchip\xc8\v1.33\dat\en_msgs.txt -cs \
  -h+dist/xc8_pic18f4685/production\proj6_UART_RF_ADC_LCD_RTC.production.sym \
  --cmf=dist/xc8_pic18f4685/production\proj6_UART_RF_ADC_LCD_RTC.production.cmf \
  -z -Q18F4685 -oC:\Users\BLACKL~1\AppData\Local\Temp\s214.6 \
  -Mdist/xc8_pic18f4685/production/proj6_UART_RF_ADC_LCD_RTC.production.map \
  -E1 -ver=XC8 -ASTACK=05D6h-09ffh -pstack=STACK -ACODE=00h-017FFFh \
  -ACONST=00h-017FFFh -ASMALLCONST=0D00h-0DFFhx371 \
  -AMEDIUMCONST=0D00h-0FFFFh,010D00h-017FFFh -ACOMRAM=01h-05Fh \
  -AABS1=00h-0CFFh -ABIGRAM=01h-0CFFh -ARAM=060h-0FFh,0100h-01FFhx12 \
  -ABANK0=060h-0FFh -ABANK1=0100h-01FFh -ABANK2=0200h-02FFh \
  -ABANK3=0300h-03FFh -ABANK4=0400h-04FFh -ABANK5=0500h-05FFh \
  -ABANK6=0600h-06FFh -ABANK7=0700h-07FFh -ABANK8=0800h-08FFh \
  -ABANK9=0900h-09FFh -ABANK10=0A00h-0AFFh -ABANK11=0B00h-0BFFh \
  -ABANK12=0C00h-0CFFh -ASFR=0D00h-0DFFhx2,0F00h-0F5Fh,0F60h-0FFFh \
  -preset_vec=00h,intcode=08h,intcodelo=018h,powerup,init,end_init \
  -pramtop=0D00h -psmallconst=SMALLCONST -pmediumconst=MEDIUMCONST \
  -pconst=CONST -AFARRAM=00h-00h -ACONFIG=0300000h-030000Dh -pconfig=CONFIG \
  -AIDLOC=0200000h-0200007h -pidloc=IDLOC -AEEDATA=0F00000h-0F003FFh \
  -peeprom_data=EEDATA \
  -prdata=COMRAM,nvrram=COMRAM,nvbit=COMRAM,rbss=COMRAM,rbit=COMRAM \
  -pfarbss=FARRAM,fardata=FARRAM,nvFARRAM=FARRAM \
  -pintsave_regs=BIGRAM,bigbss=BIGRAM,bigdata=BIGRAM -pbss=RAM \
  -pidata=CODE,irdata=CODE,ibigdata=CODE,ifardata=CODE \
  C:\Users\BLACKL~1\AppData\Local\Temp\s214.obj \
  dist/xc8_pic18f4685/production\proj6_UART_RF_ADC_LCD_RTC.production.obj 

Object code version is 3.11

Machine type is 18F4685

Call graph: (short form)




                Name                               Link     Load   Length Selector   Space Scale
C:\Users\BLACKL~1\AppData\Local\Temp\s214.obj
                end_init                            368      368        4        C       0
                reset_vec                             0        0        4        0       0
                idloc                            200000   200000        8   200000       0
                config                           300000   300000        E   300000       0
dist/xc8_pic18f4685/production\proj6_UART_RF_ADC_LCD_RTC.production.obj
                intcodelo                            18       18      350        C       0
                intcode                               8        8       10        4       0
                mediumconst                        EF8E     EF8E     1072     77C7       0
                intcode_body                      16612    16612       66     8000       0
                text87                            169E8    169E8       3C     8000       0
                text86                            15C00    15C00       98     8000       0
                text85                            168D8    168D8       4C     8000       0
                text84                            16B7C    16B7C       2E     8000       0
                text83                            15AC4    15AC4       A2     8000       0
                text82                            16CA2    16CA2       16     8000       0
                text81                            16D02    16D02        E     8000       0
                text80                            16540    16540       6A     8000       0
                text79                            16B4E    16B4E       2E     8000       0
                text78                            16C28    16C28       26     8000       0
                text77                            16CCC    16CCC       14     8000       0
                text76                            16088    16088       88     8000       0
                text74                            16A24    16A24       36     8000       0
                text73                            14470    14470      19E     8000       0
                text72                            16C8C    16C8C       16     8000       0
                text71                            15B66    15B66       9A     8000       0
                text70                            165AA    165AA       68     8000       0
                text69                            16798    16798       58     8000       0
                text68                            15752    15752       B8     8000       0
                text67                            14070    14070      248     8000       0
                text66                            16380    16380       76     8000       0
                text65                            169AA    169AA       3E     8000       0
                text64                            154E2    154E2       DA     8000       0
                text63                            16C72    16C72       1A     8000       0
                text62                            1628C    1628C       7C     8000       0
                text61                            16A5A    16A5A       34     8000       0
                text60                            1696A    1696A       40     8000       0
                text59                            134D6    134D6      52A     8000       0
                text58                            16AF0    16AF0       30     8000       0
                text57                            164D6    164D6       6A     8000       0
                text56                            16CE0    16CE0       12     8000       0
                text55                            15F72    15F72       8C     8000       0
                text54                            15404    15404       DE     8000       0
                text53                            16C4E    16C4E       24     8000       0
                text52                            167F0    167F0       50     8000       0
                text51                            16BD6    16BD6       2A     8000       0
                text50                            1523C    1523C       E6     8000       0
                text49                            1580A    1580A       B4     8000       0
                text48                            15970    15970       B0     8000       0
                text47                            15322    15322       E2     8000       0
                text46                            1568E    1568E       C4     8000       0
                text45                            13DAC    13DAC      2C4     8000       0
                text44                            15E52    15E52       92     8000       0
                text43                            15DC0    15DC0       92     8000       0
                text42                            15D2E    15D2E       92     8000       0
                text41                            15066    15066       EE     8000       0
                text40                            1688C    1688C       4C     8000       0
                text39                            16840    16840       4C     8000       0
                text38                            15FFE    15FFE       8A     8000       0
                text37                            14F5C    14F5C      10A     8000       0
                text36                            14A90    14A90      158     8000       0
                text35                            1491A    1491A      176     8000       0
                text34                            1479E    1479E      17C     8000       0
                text33                            16A8E    16A8E       32     8000       0
                text32                            15154    15154       E8     8000       0
                text31                            155BC    155BC       D2     8000       0
                text30                            16308    16308       78     8000       0
                text29                            166DA    166DA       60     8000       0
                text28                            16BAA    16BAA       2C     8000       0
                text27                            12462    12462      B2A     8000       0
                text26                            14E42    14E42      11A     8000       0
                text25                            15C98    15C98       96     8000       0
                text24                            142B8    142B8      1B8     8000       0
                text23                            16192    16192       7E     8000       0
                text22                            16210    16210       7C     8000       0
                text21                            16B20    16B20       2E     8000       0
                text20                            15EE4    15EE4       8E     8000       0
                text19                            10000    10000     2462     8000       0
                text18                            16D2A    16D2A        2     8000       0
                text17                            16D10    16D10        C     8000       0
                text16                            15A20    15A20       A4     8000       0
                text15                            1673A    1673A       5E     8000       0
                text14                            163F6    163F6       74     8000       0
                text13                            16AC0    16AC0       30     8000       0
                text12                            16D1C    16D1C        A     8000       0
                text11                            158BE    158BE       B2     8000       0
                text10                            16CB8    16CB8       14     8000       0
                text9                             12F8C    12F8C      54A     8000       0
                text8                             1460E    1460E      190     8000       0
                text7                             1646A    1646A       6C     8000       0
                text6                             16C00    16C00       28     8000       0
                text5                             14D1E    14D1E      124     8000       0
                text4                             16924    16924       46     8000       0
                text3                             16110    16110       82     8000       0
                text2                             16CF2    16CF2       10     8000       0
                text1                             14BE8    14BE8      136     8000       0
                text0                             13A00    13A00      3AC     8000       0
                cstackCOMRAM                          1        1       26        1       1
                cstackBANK0                          60       60       78       60       1
                cstackBANK1                         16D      16D       5B      100       1
                cstackBANK2                         200      200       67      200       1
                cstackBANK5                         500      500       D6      500       1
                bssBANK4                            400      400       64      400       1
                bssBANK3                            300      300       C8      300       1
                dataBANK1                           1C8      1C8        4      100       1
                bssBANK1                            100      100       6D      100       1
                bssBANK0                             D8       D8       21       60       1
                bssCOMRAM                            27       27       20        1       1
                cinit                             16678    16678       62     8000       0
                idataBANK1                        16D26    16D26        4     8000       0

TOTAL           Name                               Link     Load   Length     Space
        CLASS   STACK          

        CLASS   CODE           
                end_init                            368      368        4         0
                intcodelo                            18       18      350         0
                intcode                               8        8       10         0
                reset_vec                             0        0        4         0
                intcode_body                      16612    16612       66         0
                text87                            169E8    169E8       3C         0
                text86                            15C00    15C00       98         0
                text85                            168D8    168D8       4C         0
                text84                            16B7C    16B7C       2E         0
                text83                            15AC4    15AC4       A2         0
                text82                            16CA2    16CA2       16         0
                text81                            16D02    16D02        E         0
                text80                            16540    16540       6A         0
                text79                            16B4E    16B4E       2E         0
                text78                            16C28    16C28       26         0
                text77                            16CCC    16CCC       14         0
                text76                            16088    16088       88         0
                text74                            16A24    16A24       36         0
                text73                            14470    14470      19E         0
                text72                            16C8C    16C8C       16         0
                text71                            15B66    15B66       9A         0
                text70                            165AA    165AA       68         0
                text69                            16798    16798       58         0
                text68                            15752    15752       B8         0
                text67                            14070    14070      248         0
                text66                            16380    16380       76         0
                text65                            169AA    169AA       3E         0
                text64                            154E2    154E2       DA         0
                text63                            16C72    16C72       1A         0
                text62                            1628C    1628C       7C         0
                text61                            16A5A    16A5A       34         0
                text60                            1696A    1696A       40         0
                text59                            134D6    134D6      52A         0
                text58                            16AF0    16AF0       30         0
                text57                            164D6    164D6       6A         0
                text56                            16CE0    16CE0       12         0
                text55                            15F72    15F72       8C         0
                text54                            15404    15404       DE         0
                text53                            16C4E    16C4E       24         0
                text52                            167F0    167F0       50         0
                text51                            16BD6    16BD6       2A         0
                text50                            1523C    1523C       E6         0
                text49                            1580A    1580A       B4         0
                text48                            15970    15970       B0         0
                text47                            15322    15322       E2         0
                text46                            1568E    1568E       C4         0
                text45                            13DAC    13DAC      2C4         0
                text44                            15E52    15E52       92         0
                text43                            15DC0    15DC0       92         0
                text42                            15D2E    15D2E       92         0
                text41                            15066    15066       EE         0
                text40                            1688C    1688C       4C         0
                text39                            16840    16840       4C         0
                text38                            15FFE    15FFE       8A         0
                text37                            14F5C    14F5C      10A         0
                text36                            14A90    14A90      158         0
                text35                            1491A    1491A      176         0
                text34                            1479E    1479E      17C         0
                text33                            16A8E    16A8E       32         0
                text32                            15154    15154       E8         0
                text31                            155BC    155BC       D2         0
                text30                            16308    16308       78         0
                text29                            166DA    166DA       60         0
                text28                            16BAA    16BAA       2C         0
                text27                            12462    12462      B2A         0
                text26                            14E42    14E42      11A         0
                text25                            15C98    15C98       96         0
                text24                            142B8    142B8      1B8         0
                text23                            16192    16192       7E         0
                text22                            16210    16210       7C         0
                text21                            16B20    16B20       2E         0
                text20                            15EE4    15EE4       8E         0
                text19                            10000    10000     2462         0
                text18                            16D2A    16D2A        2         0
                text17                            16D10    16D10        C         0
                text16                            15A20    15A20       A4         0
                text15                            1673A    1673A       5E         0
                text14                            163F6    163F6       74         0
                text13                            16AC0    16AC0       30         0
                text12                            16D1C    16D1C        A         0
                text11                            158BE    158BE       B2         0
                text10                            16CB8    16CB8       14         0
                text9                             12F8C    12F8C      54A         0
                text8                             1460E    1460E      190         0
                text7                             1646A    1646A       6C         0
                text6                             16C00    16C00       28         0
                text5                             14D1E    14D1E      124         0
                text4                             16924    16924       46         0
                text3                             16110    16110       82         0
                text2                             16CF2    16CF2       10         0
                text1                             14BE8    14BE8      136         0
                text0                             13A00    13A00      3AC         0
                cinit                             16678    16678       62         0
                idataBANK1                        16D26    16D26        4         0

        CLASS   CONST          

        CLASS   SMALLCONST     

        CLASS   MEDIUMCONST    
                mediumconst                        EF8E     EF8E     1072         0

        CLASS   COMRAM         
                cstackCOMRAM                          1        1       26         1
                bssCOMRAM                            27       27       20         1

        CLASS   ABS1           

        CLASS   BIGRAM         

        CLASS   RAM            

        CLASS   BANK0          
                cstackBANK0                          60       60       78         1
                bssBANK0                             D8       D8       21         1

        CLASS   BANK1          
                cstackBANK1                         16D      16D       5B         1
                dataBANK1                           1C8      1C8        4         1
                bssBANK1                            100      100       6D         1

        CLASS   BANK2          
                cstackBANK2                         200      200       67         1

        CLASS   BANK3          
                bssBANK3                            300      300       C8         1

        CLASS   BANK4          
                bssBANK4                            400      400       64         1

        CLASS   BANK5          
                cstackBANK5                         500      500       D6         1

        CLASS   BANK6          

        CLASS   BANK7          

        CLASS   BANK8          

        CLASS   BANK9          

        CLASS   BANK10         

        CLASS   BANK11         

        CLASS   BANK12         

        CLASS   SFR            

        CLASS   FARRAM         

        CLASS   CONFIG         
                config                           300000   300000        E         0

        CLASS   IDLOC          
                idloc                            200000   200000        8         0

        CLASS   EEDATA         



SEGMENTS        Name                           Load    Length   Top    Selector   Space  Class

                reset_vec                      000000  000004  000004         0       0  CODE    
                cstackCOMRAM                   000001  000046  000047         1       1  COMRAM  
                intcode                        000008  000010  000018         4       0  CODE    
                intcodelo                      000018  000354  00036C         C       0  CODE    
                cstackBANK0                    000060  000099  0000F9        60       1  BANK0   
                bssBANK1                       000100  0000CC  0001CC       100       1  BANK1   
                cstackBANK2                    000200  000067  000267       200       1  BANK2   
                bssBANK3                       000300  0000C8  0003C8       300       1  BANK3   
                bssBANK4                       000400  000064  000464       400       1  BANK4   
                cstackBANK5                    000500  0000D6  0005D6       500       1  BANK5   
                mediumconst                    00EF8E  001072  010000      77C7       0  MEDIUMCO
                text19                         010000  006D2C  016D2C      8000       0  CODE    
                idloc                          200000  000008  200008    200000       0  IDLOC   
                config                         300000  00000E  30000E    300000       0  CONFIG  


UNUSED ADDRESS RANGES

        Name                Unused          Largest block    Delta
        BANK0            0000F9-0000FF                7
        BANK1            0001CC-0001FF               34
        BANK10           000A00-000AFF              100
        BANK11           000B00-000BFF              100
        BANK12           000C00-000CFF              100
        BANK2            000267-0002FF               99
        BANK3            0003C8-0003FF               38
        BANK4            000464-0004FF               9C
        BANK5            0005D6-0005FF               2A
        BANK6            000600-0006FF              100
        BANK7            000700-0007FF              100
        BANK8            000800-0008FF              100
        BANK9            000900-0009FF              100
        BIGRAM           000047-00005F               19
                         0000F9-0000FF                7
                         0001CC-0001FF               34
                         000267-0002FF               99
                         0003C8-0003FF               38
                         000464-0004FF               9C
                         0005D6-000CFF              72A
        CODE             000004-000007                4
                         00036C-00EF8D             EC22
                         016D2C-017FFF             12D4
        COMRAM           000047-00005F               19
        CONST            000004-000007                4
                         00036C-00EF8D             EC22
                         016D2C-017FFF             12D4
        EEDATA           F00000-F003FF              400
        MEDIUMCONST      000D00-00EF8D             E28E
                         016D2C-017FFF             12D4
        RAM              0000F9-0000FF                7
                         0001CC-0001FF               34
                         000267-0002FF               99
                         0003C8-0003FF               38
                         000464-0004FF               9C
                         0005D6-000CFF              100
        SFR              000D00-000FFF              100
        SMALLCONST       000D00-00EF8D              100
                         016D2C-017FFF              100
        STACK            0005D6-0009FF              42A

                                  Symbol Table

?_GetEnteredNumber                     cstackBANK1  000181
?_I2C_Read_At_Address                  cstackBANK1  00017E
?_InternalADC_Read                     cstackBANK1  000180
?___aldiv                              cstackBANK1  000181
?___awdiv                              cstackBANK1  00017B
?___awmod                              cstackBANK1  00017B
?___ftdiv                              cstackBANK1  000187
?___ftmul                              cstackBANK1  000196
?___ftpack                             cstackBANK1  00017B
?___fttol                              cstackBANK1  0001A5
?___lbtoft                             cstackBANK1  000183
?___lwdiv                              cstackBANK1  00017B
?___lwmod                              cstackBANK1  000182
?___lwtoft                             cstackBANK1  000183
?___wmul                               cstackBANK1  00017B
?_sprintf                              cstackBANK1  000187
BufferCopy@count                       cstackBANK1  000187
BufferCopy@from                        cstackBANK1  000183
BufferCopy@i                           cstackBANK1  000189
BufferCopy@shift                       cstackBANK1  000188
BufferCopy@to                          cstackBANK1  000185
Command@ADC_Value                      cstackBANK5  0005C8
Command@Input                          cstackBANK1  0001C0
Command@RTC_Battery_Value              cstackBANK5  0005CA
Command@RTC_Battery_Value_HIGH_decimal cstackBANK5  0005CC
Command@RTC_Battery_Value_LOW_decimal  cstackBANK5  0005CE
Command@buf                            cstackBANK5  000500
Command@channel                        cstackBANK5  0005D2
Command@contrast                       cstackBANK5  0005D0
Command@duty                           cstackBANK5  0005D4
EnableInternalADC@channels             cstackBANK1  00017C
EnableInternalADC@config               cstackBANK1  00017B
GetEnteredNumber@This                  cstackBANK1  000181
GetEnteredNumber@i                     cstackBANK1  000187
GetEnteredNumber@negative              cstackBANK1  000188
GetEnteredNumber@temp                  cstackBANK1  000189
I2C_Read_At_Address@I2Caddress         cstackBANK1  000180
I2C_Read_At_Address@Register           cstackBANK1  00017E
I2C_Read_Sequential@I2Caddress         cstackBANK1  000184
I2C_Read_Sequential@Register           cstackBANK1  000180
I2C_Read_Sequential@length             cstackBANK1  000183
I2C_Read_Sequential@rdptr              cstackBANK1  000181
I2C_Write_At_Address@I2Caddress        cstackBANK1  000182
I2C_Write_At_Address@Register          cstackBANK1  00017E
I2C_Write_At_Address@data              cstackBANK1  00017F
InitUART@baudconfig                    cstackBANK1  000186
InitUART@config                        cstackBANK1  000187
InitUART@spbrg                         cstackBANK1  000184
InitUART@temp                          cstackBANK1  000182
Init_I2C_Master@baud                   cstackBANK1  00017D
InternalADC_Read@channel               cstackBANK1  000184
LCDPrintChar@character                 cstackBANK1  000189
LCDPrintString@Text                    cstackBANK1  000189
LCDPrintString@c                       cstackBANK1  00018B
LCD_Scroll@This                        cstackBANK1  00018A
LCDdisplayFeedback@Text                cstackBANK1  00018D
Multiple_I2C_Read@length               cstackBANK1  00017E
Multiple_I2C_Read@rdptr                cstackBANK1  00017C
One_Config1@pin                        cstackBANK1  000185
One_Config2@pin                        cstackBANK1  000185
OpenI2C@slew                           cstackBANK1  00017B
OpenI2C@sync_mode                      cstackBANK1  00017C
OpenUSART@config                       cstackBANK1  000180
OpenUSART@spbrg                        cstackBANK1  00017B
Parse_Time@TempTime                    cstackBANK1  00017F
Parse_Time@This                        cstackBANK1  00017B
Parse_Time@temp                        cstackBANK1  00017E
READ_RTC_TIME@Error                    cstackBANK1  00018C
READ_RTC_TIME@temp                     cstackBANK1  000185
RTC_Clock_Enable@Error                 cstackBANK1  000185
RTC_Clock_Enable@tempSeconds           cstackBANK1  000186
RTC_TIME_NONMilitary@Error             cstackBANK1  000186
RTC_TIME_NONMilitary@temphours         cstackBANK1  000188
ReadUSART@data                         cstackBANK1  00017B
RemoveSpaces@That                      cstackBANK2  000200
RemoveSpaces@This                      cstackBANK1  00018A
RemoveSpaces@address                   cstackBANK2  000264
RemoveSpaces@i                         cstackBANK2  000266
SET_RTC_TIME@Error                     cstackBANK1  000197
SET_RTC_TIME@SetTime                   cstackBANK1  000183
SET_RTC_TIME@temp                      cstackBANK1  000190
SendLCDbyte@LSB_nibble                 cstackBANK1  000188
SendLCDbyte@MSB_nibble                 cstackBANK1  000187
SendLCDbyte@data                       cstackBANK1  000186
SendLCDbyte@isCommand                  cstackBANK1  000185
Send_Config1@data                      cstackBANK1  000186
Send_Config1@i                         cstackBANK1  00018B
Send_Config1@pin                       cstackBANK1  00018C
Send_Config2@data                      cstackBANK1  000186
Send_Config2@i                         cstackBANK1  00018B
Send_Config2@pin                       cstackBANK1  00018A
SetContrast@Duty                       cstackBANK1  0001BF
SetContrast@LSB                        cstackBANK1  0001BC
SetContrast@MSB                        cstackBANK1  0001BB
SetContrast@temp                       cstackBANK1  0001BD
SetContrast@tempPR2                    cstackBANK1  0001B8
SetDuty@Duty                           cstackBANK1  0001B8
SetDuty@LSB                            cstackBANK1  0001BD
SetDuty@MSB                            cstackBANK1  0001BC
SetDuty@temp                           cstackBANK1  0001BE
SetDuty@tempPR2                        cstackBANK1  0001B9
SetFreq@freq                           cstackBANK1  00018F
SetFreq@temp                           cstackBANK1  000195
SetLCDcursor@Col                       cstackBANK1  000189
SetLCDcursor@Row                       cstackBANK1  00018A
SetLCDcursor@address                   cstackBANK1  00018B
SprintDate@DisplayTime                 cstackBANK1  0001B0
SprintDate@Military                    cstackBANK1  0001B9
SprintDate@ReturnBuf                   cstackBANK1  0001AE
StartsWith@That                        cstackBANK1  00017D
StartsWith@This                        cstackBANK1  00017B
StringAddEqual@Input                   cstackBANK1  00018A
StringAddEqual@firstnumber             cstackBANK2  000264
StringAddEqual@i                       cstackBANK2  000265
StringAddEqual@j                       cstackBANK2  000266
StringAddEqual@temp                    cstackBANK2  000200
StringContains@That                    cstackBANK1  00017D
StringContains@This                    cstackBANK1  00017B
StringMatch@That                       cstackBANK1  00017D
StringMatch@This                       cstackBANK1  00017B
UARTstring@data                        cstackBANK1  00017C
WriteI2C@data_out                      cstackBANK1  00017D
WriteUSART@data                        cstackBANK1  00017B
Zero_Config1@pin                       cstackBANK1  000185
Zero_Config2@pin                       cstackBANK1  000185
_ADCON0                                (abs)        000FC2
_ADCON1                                (abs)        000FC1
_ADCON2                                (abs)        000FC0
_ADRESH                                (abs)        000FC4
_ADRESL                                (abs)        000FC3
_Aux2OFF                               mediumconst  00F00D
_Aux2ON                                mediumconst  00F01D
_AuxOFF                                mediumconst  00F02D
_AuxON                                 mediumconst  00F03D
_BAUDCON                               (abs)        000FB8
_BedOFF                                mediumconst  00F04D
_BedON                                 mediumconst  00F05D
_BufferCopy                            text68       015752
_CCP1CON                               (abs)        000FBD
_CCPR1L                                (abs)        000FBE
_ClearLCD                              text63       016C72
_Command                               text19       010000
_ConfigureOscillator                   text18       016D2A
_ContrastPWM_init                      text17       016D10
_ECCP1CON                              (abs)        000FBA
_ECCPR1L                               (abs)        000FBB
_EnableInternalADC                     text16       015A20
_GetEnteredNumber                      text73       014470
_I2C_Read_At_Address                   text5        014D1E
_I2C_Read_Sequential                   text54       015404
_I2C_Write_At_Address                  text48       015970
_INTCONbits                            (abs)        000FF2
_IPR1bits                              (abs)        000F9F
_IdleI2C                               text56       016CE0
_InitApp                               text15       01673A
_InitUART                              text11       0158BE
_Init_I2C_Master                       text52       0167F0
_InternalADC_Read                      text70       0165AA
_LATA                                  (abs)        000F89
_LATC                                  (abs)        000F8B
_LATD                                  (abs)        000F8C
_LATE                                  (abs)        000F8D
_LCDPrintChar                          text10       016CB8
_LCDPrintString                        text62       01628C
_LCDScreenUpdate                       text9        012F8C
_LCD_Scroll                            text67       014070
_LCDclearCount                         dataBANK1    0001C8
_LCDdisplayFeedback                    text60       01696A
_LCDwait                               bssBANK1     000109
_Multiple_I2C_Read                     text57       0164D6
_NowTime                               bssBANK1     000100
_One_Config1                           text44       015E52
_One_Config2                           text40       01688C
_OpenI2C                               text53       016C4E
_OpenUSART                             text14       0163F6
_PIE1                                  (abs)        000F9D
_PIE1bits                              (abs)        000F9D
_PIR1bits                              (abs)        000F9E
_PIR2bits                              (abs)        000FA1
_PR2                                   (abs)        000FCB
_PWM_init                              text6        016C00
_Parse_Time                            text59       0134D6
_PulseEnablePin                        text65       0169AA
_RCONbits                              (abs)        000FD0
_RCREG                                 (abs)        000FAE
_RCSTA                                 (abs)        000FAB
_RCSTAbits                             (abs)        000FAB
_READ_RTC_TIME                         text50       01523C
_RTC_Clock_Enable                      text4        016924
_RTC_INIT                              text2        016CF2
_RTC_TIME_NONMilitary                  text3        016110
_ReadUSART                             text13       016AC0
_RemoveSpaces                          text49       01580A
_ResetI2C                              text51       016BD6
_Rxdata                                bssBANK3     000364
_SET_RTC_TIME                          text45       013DAC
_SPBRG                                 (abs)        000FAF
_SPBRGH                                (abs)        000FB0
_SSPADD                                (abs)        000FC8
_SSPBUF                                (abs)        000FC9
_SSPCON1                               (abs)        000FC6
_SSPCON1bits                           (abs)        000FC6
_SSPCON2                               (abs)        000FC5
_SSPCON2bits                           (abs)        000FC5
_SSPSTAT                               (abs)        000FC7
_SSPSTATbits                           (abs)        000FC7
_ScrollDisplayPosition                 bssBANK1     00010A
_ScrollFIFOCount                       bssBANK1     00010B
_Scroll_1                              bssBANK1     00010D
_Scroll_10                             bssBANK0     0000D9
_Scroll_2                              bssBANK1     00011D
_Scroll_3                              bssBANK1     00012D
_Scroll_4                              bssBANK1     00013D
_Scroll_5                              bssBANK1     00014D
_Scroll_6                              bssBANK1     00015D
_Scroll_7                              bssCOMRAM    000027
_Scroll_8                              bssCOMRAM    000037
_Scroll_9                              bssBANK0     0000E9
_SendLCDbyte                           text64       0154E2
_Send_Config1                          text41       015066
_Send_Config2                          text38       015FFE
_SetContrast                           text32       015154
_SetDuty                               text31       0155BC
_SetFreq                               text7        01646A
_SetLCDcursor                          text61       016A5A
_SprintDate                            text26       014E42
_StartsWith                            text25       015C98
_StringAddEqual                        text24       0142B8
_StringContains                        text23       016192
_StringMatch                           text22       016210
_SubLightOFF                           mediumconst  00F06D
_SubLightON                            mediumconst  00F07D
_T2CON                                 (abs)        000FCA
_TRISAbits                             (abs)        000F92
_TRISCbits                             (abs)        000F94
_TRISDbits                             (abs)        000F95
_TRISEbits                             (abs)        000F96
_TXREG                                 (abs)        000FAD
_TXSTA                                 (abs)        000FAC
_TXSTAbits                             (abs)        000FAC
_TXToiletAlexBathroom                  mediumconst  00EF8F
_TXToiletMyBathroom                    mediumconst  00EF9B
_TXdataBedroomCLOSED                   mediumconst  00EFA7
_TXdataBedroomOPENED                   mediumconst  00EFB3
_TXdataD                               mediumconst  00F0AD
_TXdataE                               mediumconst  00F0B9
_TXdataF                               mediumconst  00F0C5
_TXdataFrontCLOSED                     mediumconst  00EFBF
_TXdataFrontOPENED                     mediumconst  00EFCB
_TXdataLabCLOSED                       mediumconst  00EFD7
_TXdataLabOPENED                       mediumconst  00EFE3
_Txdata                                bssBANK4     000400
_UARTstring                            text71       015B66
_USART_Status                          bssBANK1     00010C
_WriteI2C                              text55       015F72
_WriteUSART                            text72       016C8C
_Zero_Config1                          text43       015DC0
_Zero_Config2                          text39       016840
__CFG_BBSIZ$1024                       (abs)        000000
__CFG_BOREN$BOHW                       (abs)        000000
__CFG_BORV$3                           (abs)        000000
__CFG_CP0$OFF                          (abs)        000000
__CFG_CP1$OFF                          (abs)        000000
__CFG_CP2$OFF                          (abs)        000000
__CFG_CP3$OFF                          (abs)        000000
__CFG_CP4$OFF                          (abs)        000000
__CFG_CP5$OFF                          (abs)        000000
__CFG_CPB$OFF                          (abs)        000000
__CFG_CPD$OFF                          (abs)        000000
__CFG_EBTR0$OFF                        (abs)        000000
__CFG_EBTR1$OFF                        (abs)        000000
__CFG_EBTR2$OFF                        (abs)        000000
__CFG_EBTR3$OFF                        (abs)        000000
__CFG_EBTR4$OFF                        (abs)        000000
__CFG_EBTR5$OFF                        (abs)        000000
__CFG_EBTRB$OFF                        (abs)        000000
__CFG_FCMEN$OFF                        (abs)        000000
__CFG_IESO$OFF                         (abs)        000000
__CFG_LPT1OSC$OFF                      (abs)        000000
__CFG_LVP$OFF                          (abs)        000000
__CFG_MCLRE$ON                         (abs)        000000
__CFG_OSC$HSPLL                        (abs)        000000
__CFG_PBADEN$ON                        (abs)        000000
__CFG_PWRT$ON                          (abs)        000000
__CFG_STVREN$ON                        (abs)        000000
__CFG_WDT$OFF                          (abs)        000000
__CFG_WDTPS$32768                      (abs)        000000
__CFG_WRT0$OFF                         (abs)        000000
__CFG_WRT1$OFF                         (abs)        000000
__CFG_WRT2$OFF                         (abs)        000000
__CFG_WRT3$OFF                         (abs)        000000
__CFG_WRT4$OFF                         (abs)        000000
__CFG_WRT5$OFF                         (abs)        000000
__CFG_WRTB$OFF                         (abs)        000000
__CFG_WRTC$OFF                         (abs)        000000
__CFG_WRTD$OFF                         (abs)        000000
__CFG_XINST$OFF                        (abs)        000000
__HRAM                                 (abs)        000000
__Habs1                                abs1         000000
__Hbank0                               bank0        000000
__Hbank1                               bank1        000000
__Hbank10                              bank10       000000
__Hbank11                              bank11       000000
__Hbank12                              bank12       000000
__Hbank2                               bank2        000000
__Hbank3                               bank3        000000
__Hbank4                               bank4        000000
__Hbank5                               bank5        000000
__Hbank6                               bank6        000000
__Hbank7                               bank7        000000
__Hbank8                               bank8        000000
__Hbank9                               bank9        000000
__Hbigbss                              bigbss       000000
__Hbigdata                             bigdata      000000
__Hbigram                              bigram       000000
__Hbss                                 bss          000000
__HbssBANK0                            bssBANK0     000000
__HbssBANK1                            bssBANK1     000000
__HbssBANK3                            bssBANK3     000000
__HbssBANK4                            bssBANK4     000000
__HbssCOMRAM                           bssCOMRAM    000000
__Hcinit                               cinit        000000
__Hclrtext                             clrtext      000000
__Hcomram                              comram       000000
__Hconfig                              config       30000E
__Hconst                               const        000000
__HcstackBANK0                         cstackBANK0  000000
__HcstackBANK1                         cstackBANK1  000000
__HcstackBANK2                         cstackBANK2  000000
__HcstackBANK5                         cstackBANK5  000000
__HcstackCOMRAM                        cstackCOMRAM 000000
__Hdata                                data         000000
__HdataBANK1                           dataBANK1    000000
__Heeprom_data                         eeprom_data  000000
__Hend_init                            end_init     00036C
__Hfarbss                              farbss       000000
__Hfardata                             fardata      000000
__Hibigdata                            ibigdata     000000
__Hidata                               idata        000000
__HidataBANK1                          idataBANK1   000000
__Hidloc                               idloc        200008
__Hifardata                            ifardata     000000
__Hinit                                init         000368
__Hintcode                             intcode      000018
__Hintcode_body                        intcode_body 000000
__Hintcodelo                           intcodelo    000368
__Hintentry                            intentry     000000
__Hintret                              intret       000000
__Hintsave_regs                        intsave_regs 000000
__Hirdata                              irdata       000000
__Hmediumconst                         mediumconst  010000
__HnvFARRAM                            nvFARRAM     000000
__Hnvbit                               nvbit        000000
__Hnvrram                              nvrram       000000
__Hparam                               param1       000000
__Hparam1                              param1       000000
__Hpowerup                             powerup      000368
__Hram                                 ram          000000
__Hramtop                              ramtop       000D00
__Hrbit                                rbit         000000
__Hrbss                                rbss         000000
__Hrdata                               rdata        000000
__Hreset_vec                           reset_vec    000004
__Hsfr                                 sfr          000000
__Hsmallconst                          smallconst   000000
__Hspace_0                             (abs)        30000E
__Hspace_1                             (abs)        0005D6
__Hspace_2                             (abs)        000000
__Hstack                               stack        000000
__Hstruct                              struct       000000
__Htemp                                temp         000000
__Htext                                text         000000
__Htext0                               text0        000000
__Htext1                               text1        000000
__Htext10                              text10       000000
__Htext11                              text11       000000
__Htext12                              text12       000000
__Htext13                              text13       000000
__Htext14                              text14       000000
__Htext15                              text15       000000
__Htext16                              text16       000000
__Htext17                              text17       000000
__Htext18                              text18       000000
__Htext19                              text19       000000
__Htext2                               text2        000000
__Htext20                              text20       000000
__Htext21                              text21       000000
__Htext22                              text22       000000
__Htext23                              text23       000000
__Htext24                              text24       000000
__Htext25                              text25       000000
__Htext26                              text26       000000
__Htext27                              text27       000000
__Htext28                              text28       000000
__Htext29                              text29       000000
__Htext3                               text3        000000
__Htext30                              text30       000000
__Htext31                              text31       000000
__Htext32                              text32       000000
__Htext33                              text33       000000
__Htext34                              text34       000000
__Htext35                              text35       000000
__Htext36                              text36       000000
__Htext37                              text37       000000
__Htext38                              text38       000000
__Htext39                              text39       000000
__Htext4                               text4        000000
__Htext40                              text40       000000
__Htext41                              text41       000000
__Htext42                              text42       000000
__Htext43                              text43       000000
__Htext44                              text44       000000
__Htext45                              text45       000000
__Htext46                              text46       000000
__Htext47                              text47       000000
__Htext48                              text48       000000
__Htext49                              text49       000000
__Htext5                               text5        000000
__Htext50                              text50       000000
__Htext51                              text51       000000
__Htext52                              text52       000000
__Htext53                              text53       000000
__Htext54                              text54       000000
__Htext55                              text55       000000
__Htext56                              text56       000000
__Htext57                              text57       000000
__Htext58                              text58       000000
__Htext59                              text59       000000
__Htext6                               text6        000000
__Htext60                              text60       000000
__Htext61                              text61       000000
__Htext62                              text62       000000
__Htext63                              text63       000000
__Htext64                              text64       000000
__Htext65                              text65       000000
__Htext66                              text66       000000
__Htext67                              text67       000000
__Htext68                              text68       000000
__Htext69                              text69       000000
__Htext7                               text7        000000
__Htext70                              text70       000000
__Htext71                              text71       000000
__Htext72                              text72       000000
__Htext73                              text73       000000
__Htext74                              text74       000000
__Htext76                              text76       000000
__Htext77                              text77       000000
__Htext78                              text78       000000
__Htext79                              text79       000000
__Htext8                               text8        000000
__Htext80                              text80       000000
__Htext81                              text81       000000
__Htext82                              text82       000000
__Htext83                              text83       000000
__Htext84                              text84       000000
__Htext85                              text85       000000
__Htext86                              text86       000000
__Htext87                              text87       000000
__Htext9                               text9        000000
__LRAM                                 (abs)        000001
__Labs1                                abs1         000000
__Lbank0                               bank0        000000
__Lbank1                               bank1        000000
__Lbank10                              bank10       000000
__Lbank11                              bank11       000000
__Lbank12                              bank12       000000
__Lbank2                               bank2        000000
__Lbank3                               bank3        000000
__Lbank4                               bank4        000000
__Lbank5                               bank5        000000
__Lbank6                               bank6        000000
__Lbank7                               bank7        000000
__Lbank8                               bank8        000000
__Lbank9                               bank9        000000
__Lbigbss                              bigbss       000000
__Lbigdata                             bigdata      000000
__Lbigram                              bigram       000000
__Lbss                                 bss          000000
__LbssBANK0                            bssBANK0     000000
__LbssBANK1                            bssBANK1     000000
__LbssBANK3                            bssBANK3     000000
__LbssBANK4                            bssBANK4     000000
__LbssCOMRAM                           bssCOMRAM    000000
__Lcinit                               cinit        000000
__Lclrtext                             clrtext      000000
__Lcomram                              comram       000000
__Lconfig                              config       300000
__Lconst                               const        000000
__LcstackBANK0                         cstackBANK0  000000
__LcstackBANK1                         cstackBANK1  000000
__LcstackBANK2                         cstackBANK2  000000
__LcstackBANK5                         cstackBANK5  000000
__LcstackCOMRAM                        cstackCOMRAM 000000
__Ldata                                data         000000
__LdataBANK1                           dataBANK1    000000
__Leeprom_data                         eeprom_data  000000
__Lend_init                            end_init     000368
__Lfarbss                              farbss       000000
__Lfardata                             fardata      000000
__Libigdata                            ibigdata     000000
__Lidata                               idata        000000
__LidataBANK1                          idataBANK1   000000
__Lidloc                               idloc        200000
__Lifardata                            ifardata     000000
__Linit                                init         000368
__Lintcode                             intcode      000008
__Lintcode_body                        intcode_body 000000
__Lintcodelo                           intcodelo    000018
__Lintentry                            intentry     000000
__Lintret                              intret       000000
__Lintsave_regs                        intsave_regs 000000
__Lirdata                              irdata       000000
__Lmediumconst                         mediumconst  00EF8E
__LnvFARRAM                            nvFARRAM     000000
__Lnvbit                               nvbit        000000
__Lnvrram                              nvrram       000000
__Lparam                               param1       000000
__Lparam1                              param1       000000
__Lpowerup                             powerup      000368
__Lram                                 ram          000000
__Lramtop                              ramtop       000D00
__Lrbit                                rbit         000000
__Lrbss                                rbss         000000
__Lrdata                               rdata        000000
__Lreset_vec                           reset_vec    000000
__Lsfr                                 sfr          000000
__Lsmallconst                          smallconst   000000
__Lspace_0                             (abs)        000000
__Lspace_1                             (abs)        000000
__Lspace_2                             (abs)        000000
__Lstack                               stack        000000
__Lstruct                              struct       000000
__Ltemp                                temp         000000
__Ltext                                text         000000
__Ltext0                               text0        000000
__Ltext1                               text1        000000
__Ltext10                              text10       000000
__Ltext11                              text11       000000
__Ltext12                              text12       000000
__Ltext13                              text13       000000
__Ltext14                              text14       000000
__Ltext15                              text15       000000
__Ltext16                              text16       000000
__Ltext17                              text17       000000
__Ltext18                              text18       000000
__Ltext19                              text19       000000
__Ltext2                               text2        000000
__Ltext20                              text20       000000
__Ltext21                              text21       000000
__Ltext22                              text22       000000
__Ltext23                              text23       000000
__Ltext24                              text24       000000
__Ltext25                              text25       000000
__Ltext26                              text26       000000
__Ltext27                              text27       000000
__Ltext28                              text28       000000
__Ltext29                              text29       000000
__Ltext3                               text3        000000
__Ltext30                              text30       000000
__Ltext31                              text31       000000
__Ltext32                              text32       000000
__Ltext33                              text33       000000
__Ltext34                              text34       000000
__Ltext35                              text35       000000
__Ltext36                              text36       000000
__Ltext37                              text37       000000
__Ltext38                              text38       000000
__Ltext39                              text39       000000
__Ltext4                               text4        000000
__Ltext40                              text40       000000
__Ltext41                              text41       000000
__Ltext42                              text42       000000
__Ltext43                              text43       000000
__Ltext44                              text44       000000
__Ltext45                              text45       000000
__Ltext46                              text46       000000
__Ltext47                              text47       000000
__Ltext48                              text48       000000
__Ltext49                              text49       000000
__Ltext5                               text5        000000
__Ltext50                              text50       000000
__Ltext51                              text51       000000
__Ltext52                              text52       000000
__Ltext53                              text53       000000
__Ltext54                              text54       000000
__Ltext55                              text55       000000
__Ltext56                              text56       000000
__Ltext57                              text57       000000
__Ltext58                              text58       000000
__Ltext59                              text59       000000
__Ltext6                               text6        000000
__Ltext60                              text60       000000
__Ltext61                              text61       000000
__Ltext62                              text62       000000
__Ltext63                              text63       000000
__Ltext64                              text64       000000
__Ltext65                              text65       000000
__Ltext66                              text66       000000
__Ltext67                              text67       000000
__Ltext68                              text68       000000
__Ltext69                              text69       000000
__Ltext7                               text7        000000
__Ltext70                              text70       000000
__Ltext71                              text71       000000
__Ltext72                              text72       000000
__Ltext73                              text73       000000
__Ltext74                              text74       000000
__Ltext76                              text76       000000
__Ltext77                              text77       000000
__Ltext78                              text78       000000
__Ltext79                              text79       000000
__Ltext8                               text8        000000
__Ltext80                              text80       000000
__Ltext81                              text81       000000
__Ltext82                              text82       000000
__Ltext83                              text83       000000
__Ltext84                              text84       000000
__Ltext85                              text85       000000
__Ltext86                              text86       000000
__Ltext87                              text87       000000
__Ltext9                               text9        000000
__S0                                   (abs)        30000E
__S1                                   (abs)        0005D6
__S2                                   (abs)        000000
___aldiv                               text8        01460E
___aldiv@counter                       cstackBANK1  000189
___aldiv@dividend                      cstackBANK1  000181
___aldiv@divisor                       cstackBANK1  000185
___aldiv@quotient                      cstackBANK1  00018B
___aldiv@sign                          cstackBANK1  00018A
___awdiv                               text47       015322
___awdiv@counter                       cstackBANK1  00017F
___awdiv@dividend                      cstackBANK1  00017B
___awdiv@divisor                       cstackBANK1  00017D
___awdiv@quotient                      cstackBANK1  000181
___awdiv@sign                          cstackBANK1  000180
___awmod                               text46       01568E
___awmod@counter                       cstackBANK1  00017F
___awmod@dividend                      cstackBANK1  00017B
___awmod@divisor                       cstackBANK1  00017D
___awmod@sign                          cstackBANK1  000180
___ftdiv                               text36       014A90
___ftdiv@cntr                          cstackBANK1  000190
___ftdiv@exp                           cstackBANK1  000194
___ftdiv@f1                            cstackBANK1  000187
___ftdiv@f2                            cstackBANK1  00018A
___ftdiv@f3                            cstackBANK1  000191
___ftdiv@sign                          cstackBANK1  000195
___ftmul                               text35       01491A
___ftmul@cntr                          cstackBANK1  0001A3
___ftmul@exp                           cstackBANK1  00019F
___ftmul@f1                            cstackBANK1  000196
___ftmul@f2                            cstackBANK1  000199
___ftmul@f3_as_product                 cstackBANK1  0001A0
___ftmul@sign                          cstackBANK1  0001A4
___ftpack                              text37       014F5C
___ftpack@arg                          cstackBANK1  00017B
___ftpack@exp                          cstackBANK1  00017E
___ftpack@sign                         cstackBANK1  00017F
___fttol                               text34       01479E
___fttol@exp1                          cstackBANK1  0001B3
___fttol@f1                            cstackBANK1  0001A5
___fttol@lval                          cstackBANK1  0001AF
___fttol@sign1                         cstackBANK1  0001AE
___inthi_sp                            stack        000000
___intlo_sp                            stack        000000
___lbtoft                              text33       016A8E
___lbtoft@c                            cstackBANK1  000186
___lwdiv                               text30       016308
___lwdiv@counter                       cstackBANK1  00017F
___lwdiv@dividend                      cstackBANK1  00017B
___lwdiv@divisor                       cstackBANK1  00017D
___lwdiv@quotient                      cstackBANK1  000180
___lwmod                               text29       0166DA
___lwmod@counter                       cstackBANK1  000186
___lwmod@dividend                      cstackBANK1  000182
___lwmod@divisor                       cstackBANK1  000184
___lwtoft                              text21       016B20
___lwtoft@c                            cstackBANK1  000183
___sp                                  stack        000000
___wmul                                text74       016A24
___wmul@multiplicand                   cstackBANK1  00017D
___wmul@multiplier                     cstackBANK1  00017B
___wmul@product                        cstackBANK1  00017F
__accesstop                            (abs)        000060
__activetblptr                         (abs)        000003
__end_of_Aux2OFF                       mediumconst  00F01D
__end_of_Aux2ON                        mediumconst  00F02D
__end_of_AuxOFF                        mediumconst  00F03D
__end_of_AuxON                         mediumconst  00F04D
__end_of_BedOFF                        mediumconst  00F05D
__end_of_BedON                         mediumconst  00F06D
__end_of_BufferCopy                    text68       01580A
__end_of_ClearLCD                      text63       016C8C
__end_of_Command                       text19       012462
__end_of_ConfigureOscillator           text18       016D2C
__end_of_ContrastPWM_init              text17       016D1C
__end_of_EnableInternalADC             text16       015AC4
__end_of_GetEnteredNumber              text73       01460E
__end_of_I2C_Read_At_Address           text5        014E42
__end_of_I2C_Read_Sequential           text54       0154E2
__end_of_I2C_Write_At_Address          text48       015A20
__end_of_IdleI2C                       text56       016CF2
__end_of_InitApp                       text15       016798
__end_of_InitUART                      text11       015970
__end_of_Init_I2C_Master               text52       016840
__end_of_InternalADC_Read              text70       016612
__end_of_LCDPrintChar                  text10       016CCC
__end_of_LCDPrintString                text62       016308
__end_of_LCDScreenUpdate               text9        0134D6
__end_of_LCD_Scroll                    text67       0142B8
__end_of_LCDdisplayFeedback            text60       0169AA
__end_of_Multiple_I2C_Read             text57       016540
__end_of_One_Config1                   text44       015EE4
__end_of_One_Config2                   text40       0168D8
__end_of_OpenI2C                       text53       016C72
__end_of_OpenUSART                     text14       01646A
__end_of_PWM_init                      text6        016C28
__end_of_Parse_Time                    text59       013A00
__end_of_PulseEnablePin                text65       0169E8
__end_of_READ_RTC_TIME                 text50       015322
__end_of_RTC_Clock_Enable              text4        01696A
__end_of_RTC_INIT                      text2        016D02
__end_of_RTC_TIME_NONMilitary          text3        016192
__end_of_ReadUSART                     text13       016AF0
__end_of_RemoveSpaces                  text49       0158BE
__end_of_ResetI2C                      text51       016C00
__end_of_SET_RTC_TIME                  text45       014070
__end_of_SendLCDbyte                   text64       0155BC
__end_of_Send_Config1                  text41       015154
__end_of_Send_Config2                  text38       016088
__end_of_SetContrast                   text32       01523C
__end_of_SetDuty                       text31       01568E
__end_of_SetFreq                       text7        0164D6
__end_of_SetLCDcursor                  text61       016A8E
__end_of_SprintDate                    text26       014F5C
__end_of_StartsWith                    text25       015D2E
__end_of_StringAddEqual                text24       014470
__end_of_StringContains                text23       016210
__end_of_StringMatch                   text22       01628C
__end_of_SubLightOFF                   mediumconst  00F07D
__end_of_SubLightON                    mediumconst  00F08D
__end_of_TXToiletAlexBathroom          mediumconst  00EF9B
__end_of_TXToiletMyBathroom            mediumconst  00EFA7
__end_of_TXdataBedroomCLOSED           mediumconst  00EFB3
__end_of_TXdataBedroomOPENED           mediumconst  00EFBF
__end_of_TXdataD                       mediumconst  00F0B9
__end_of_TXdataE                       mediumconst  00F0C5
__end_of_TXdataF                       mediumconst  00F0D1
__end_of_TXdataFrontCLOSED             mediumconst  00EFCB
__end_of_TXdataFrontOPENED             mediumconst  00EFD7
__end_of_TXdataLabCLOSED               mediumconst  00EFE3
__end_of_TXdataLabOPENED               mediumconst  00EFEF
__end_of_UARTstring                    text71       015C00
__end_of_WriteI2C                      text55       015FFE
__end_of_WriteUSART                    text72       016CA2
__end_of_Zero_Config1                  text43       015E52
__end_of_Zero_Config2                  text39       01688C
__end_of___aldiv                       text8        01479E
__end_of___awdiv                       text47       015404
__end_of___awmod                       text46       015752
__end_of___ftdiv                       text36       014BE8
__end_of___ftmul                       text35       014A90
__end_of___ftpack                      text37       015066
__end_of___fttol                       text34       01491A
__end_of___lbtoft                      text33       016AC0
__end_of___lwdiv                       text30       016380
__end_of___lwmod                       text29       01673A
__end_of___lwtoft                      text21       016B4E
__end_of___wmul                        text74       016A5A
__end_of__initialization               cinit        0166D4
__end_of__stringdata                   mediumconst  00FFFF
__end_of_baudUSART                     text12       016D26
__end_of_cleanBuffer                   text69       0167F0
__end_of_delayUS                       text66       0163F6
__end_of_dpowers                       mediumconst  00F005
__end_of_f_Config1                     text42       015DC0
__end_of_fanOFF                        mediumconst  00F09D
__end_of_fanON                         mediumconst  00F0AD
__end_of_hexpowers                     mediumconst  00F00D
__end_of_high_isr                      intcode_body 016678
__end_of_init_LCD                      text1        014D1E
__end_of_isdigit                       text28       016BD6
__end_of_low_isr                       intcodelo    000368
__end_of_lowercase                     text20       015F72
__end_of_main                          text0        013DAC
__end_of_octpowers                     mediumconst  00EFFB
__end_of_readI2C                       text58       016B20
__end_of_sprintf                       text27       012F8C
__end_ofi1_BufferCopy                  text86       015C98
__end_ofi1_ClearLCD                    text82       016CB8
__end_ofi1_LCDPrintChar                text81       016D10
__end_ofi1_LCDPrintString              text80       0165AA
__end_ofi1_PulseEnablePin              text84       016BAA
__end_ofi1_ReadUSART                   text79       016B7C
__end_ofi1_SendLCDbyte                 text83       015B66
__end_ofi1_SetLCDcursor                text78       016C4E
__end_ofi1_UARTstring                  text76       016110
__end_ofi1_WriteUSART                  text77       016CE0
__end_ofi1_cleanBuffer                 text87       016A24
__end_ofi1_delayUS                     text85       016924
__initialization                       cinit        016678
__mediumconst                          mediumconst  00EF8E
__pbssBANK0                            bssBANK0     0000D8
__pbssBANK1                            bssBANK1     000100
__pbssBANK3                            bssBANK3     000300
__pbssBANK4                            bssBANK4     000400
__pbssCOMRAM                           bssCOMRAM    000027
__pcinit                               cinit        016678
__pcstackBANK0                         cstackBANK0  000060
__pcstackBANK1                         cstackBANK1  00016D
__pcstackBANK2                         cstackBANK2  000200
__pcstackBANK5                         cstackBANK5  000500
__pcstackCOMRAM                        cstackCOMRAM 000001
__pdataBANK1                           dataBANK1    0001C8
__pidataBANK1                          idataBANK1   016D26
__pintcode                             intcode      000008
__pintcode_body                        intcode_body 016612
__pintcodelo                           intcodelo    000018
__pmediumconst                         mediumconst  00EF8E
__ptext0                               text0        013A00
__ptext1                               text1        014BE8
__ptext10                              text10       016CB8
__ptext11                              text11       0158BE
__ptext12                              text12       016D1C
__ptext13                              text13       016AC0
__ptext14                              text14       0163F6
__ptext15                              text15       01673A
__ptext16                              text16       015A20
__ptext17                              text17       016D10
__ptext18                              text18       016D2A
__ptext19                              text19       010000
__ptext2                               text2        016CF2
__ptext20                              text20       015EE4
__ptext21                              text21       016B20
__ptext22                              text22       016210
__ptext23                              text23       016192
__ptext24                              text24       0142B8
__ptext25                              text25       015C98
__ptext26                              text26       014E42
__ptext27                              text27       012462
__ptext28                              text28       016BAA
__ptext29                              text29       0166DA
__ptext3                               text3        016110
__ptext30                              text30       016308
__ptext31                              text31       0155BC
__ptext32                              text32       015154
__ptext33                              text33       016A8E
__ptext34                              text34       01479E
__ptext35                              text35       01491A
__ptext36                              text36       014A90
__ptext37                              text37       014F5C
__ptext38                              text38       015FFE
__ptext39                              text39       016840
__ptext4                               text4        016924
__ptext40                              text40       01688C
__ptext41                              text41       015066
__ptext42                              text42       015D2E
__ptext43                              text43       015DC0
__ptext44                              text44       015E52
__ptext45                              text45       013DAC
__ptext46                              text46       01568E
__ptext47                              text47       015322
__ptext48                              text48       015970
__ptext49                              text49       01580A
__ptext5                               text5        014D1E
__ptext50                              text50       01523C
__ptext51                              text51       016BD6
__ptext52                              text52       0167F0
__ptext53                              text53       016C4E
__ptext54                              text54       015404
__ptext55                              text55       015F72
__ptext56                              text56       016CE0
__ptext57                              text57       0164D6
__ptext58                              text58       016AF0
__ptext59                              text59       0134D6
__ptext6                               text6        016C00
__ptext60                              text60       01696A
__ptext61                              text61       016A5A
__ptext62                              text62       01628C
__ptext63                              text63       016C72
__ptext64                              text64       0154E2
__ptext65                              text65       0169AA
__ptext66                              text66       016380
__ptext67                              text67       014070
__ptext68                              text68       015752
__ptext69                              text69       016798
__ptext7                               text7        01646A
__ptext70                              text70       0165AA
__ptext71                              text71       015B66
__ptext72                              text72       016C8C
__ptext73                              text73       014470
__ptext74                              text74       016A24
__ptext76                              text76       016088
__ptext77                              text77       016CCC
__ptext78                              text78       016C28
__ptext79                              text79       016B4E
__ptext8                               text8        01460E
__ptext80                              text80       016540
__ptext81                              text81       016D02
__ptext82                              text82       016CA2
__ptext83                              text83       015AC4
__ptext84                              text84       016B7C
__ptext85                              text85       0168D8
__ptext86                              text86       015C00
__ptext87                              text87       0169E8
__ptext9                               text9        012F8C
__ramtop                               ramtop       000D00
__size_of_BufferCopy                   (abs)        000000
__size_of_ClearLCD                     (abs)        000000
__size_of_Command                      (abs)        000000
__size_of_ConfigureOscillator          (abs)        000000
__size_of_ContrastPWM_init             (abs)        000000
__size_of_EnableInternalADC            (abs)        000000
__size_of_GetEnteredNumber             (abs)        000000
__size_of_I2C_Read_At_Address          (abs)        000000
__size_of_I2C_Read_Sequential          (abs)        000000
__size_of_I2C_Write_At_Address         (abs)        000000
__size_of_IdleI2C                      (abs)        000000
[...]
      Locals:         1       0       0       0       0       0       0       0       0       0       0       0       0       0
      Temps:          0       0       0       0       0       0       0       0       0       0       0       0       0       0
      Totals:         1       0       0       0       0       0       0       0       0       0       0       0       0       0
Total ram usage:        1 bytes
 Hardware stack levels used:    1
 Hardware stack levels required when called:    4
 This function calls:
		i1_SendLCDbyte
 This function is called by:
		_low_isr
 This function uses a non-reentrant model


 *************** function i1_ClearLCD *****************
 Defined at:
		line 180 in file "LCD.c"
 Parameters:    Size  Location     Type
		None
 Auto vars:     Size  Location     Type
		None
 Return value:  Size  Location     Type
		None               void
 Registers used:
		wreg, status,2, status,0, cstack
 Tracked objects:
		On entry : 
		On exit  : 
		Unchanged: 
 Data sizes:     COMRAM   BANK0   BANK1   BANK2   BANK3   BANK4   BANK5   BANK6   BANK7   BANK8   BANK9  BANK10  BANK11  BANK12
      Params:         0       0       0       0       0       0       0       0       0       0       0       0       0       0
      Locals:         0       0       0       0       0       0       0       0       0       0       0       0       0       0
      Temps:          0       0       0       0       0       0       0       0       0       0       0       0       0       0
      Totals:         0       0       0       0       0       0       0       0       0       0       0       0       0       0
Total ram usage:        0 bytes
 Hardware stack levels used:    1
 Hardware stack levels required when called:    4
 This function calls:
		i1_SendLCDbyte
 This function is called by:
		_low_isr
 This function uses a non-reentrant model


 *************** function i1_SendLCDbyte *****************
 Defined at:
		line 73 in file "LCD.c"
 Parameters:    Size  Location     Type
  data            1    wreg     unsigned char 
  isCommand       1   10[COMRAM] unsigned char 
 Auto vars:     Size  Location     Type
  data            1   11[COMRAM] unsigned char 
  SendLCDbyte     1   13[COMRAM] unsigned char 
  SendLCDbyte     1   12[COMRAM] unsigned char 
 Return value:  Size  Location     Type
		None               void
 Registers used:
		wreg, status,2, status,0, cstack
 Tracked objects:
		On entry : 
		On exit  : 
		Unchanged: 
 Data sizes:     COMRAM   BANK0   BANK1   BANK2   BANK3   BANK4   BANK5   BANK6   BANK7   BANK8   BANK9  BANK10  BANK11  BANK12
      Params:         1       0       0       0       0       0       0       0       0       0       0       0       0       0
      Locals:         3       0       0       0       0       0       0       0       0       0       0       0       0       0
      Temps:          0       0       0       0       0       0       0       0       0       0       0       0       0       0
      Totals:         4       0       0       0       0       0       0       0       0       0       0       0       0       0
Total ram usage:        4 bytes
 Hardware stack levels used:    1
 Hardware stack levels required when called:    3
 This function calls:
		i1_PulseEnablePin
		i1_delayUS
 This function is called by:
		i1_SetLCDcursor
		i1_ClearLCD
		i1_LCDPrintString
		i1_LCDPrintChar
 This function uses a non-reentrant model


 *************** function i1_PulseEnablePin *****************
 Defined at:
		line 138 in file "LCD.c"
 Parameters:    Size  Location     Type
		None
 Auto vars:     Size  Location     Type
		None
 Return value:  Size  Location     Type
		None               void
 Registers used:
		wreg, status,2, status,0, cstack
 Tracked objects:
		On entry : 
		On exit  : 
		Unchanged: 
 Data sizes:     COMRAM   BANK0   BANK1   BANK2   BANK3   BANK4   BANK5   BANK6   BANK7   BANK8   BANK9  BANK10  BANK11  BANK12
      Params:         0       0       0       0       0       0       0       0       0       0       0       0       0       0
      Locals:         0       0       0       0       0       0       0       0       0       0       0       0       0       0
      Temps:          0       0       0       0       0       0       0       0       0       0       0       0       0       0
      Totals:         0       0       0       0       0       0       0       0       0       0       0       0       0       0
Total ram usage:        0 bytes
 Hardware stack levels used:    1
 Hardware stack levels required when called:    2
 This function calls:
		i1_delayUS
 This function is called by:
		i1_SendLCDbyte
 This function uses a non-reentrant model


 *************** function i1_delayUS *****************
 Defined at:
		line 30 in file "MISC.c"
 Parameters:    Size  Location     Type
  US              4    0[COMRAM] long 
 Auto vars:     Size  Location     Type
  delayUS         4    5[COMRAM] long 
  delayUS         1    9[COMRAM] unsigned char 
 Return value:  Size  Location     Type
		None               void
 Registers used:
		wreg, status,2, status,0
 Tracked objects:
		On entry : 
		On exit  : 
		Unchanged: 
 Data sizes:     COMRAM   BANK0   BANK1   BANK2   BANK3   BANK4   BANK5   BANK6   BANK7   BANK8   BANK9  BANK10  BANK11  BANK12
      Params:         4       0       0       0       0       0       0       0       0       0       0       0       0       0
      Locals:         5       0       0       0       0       0       0       0       0       0       0       0       0       0
      Temps:          1       0       0       0       0       0       0       0       0       0       0       0       0       0
      Totals:        10       0       0       0       0       0       0       0       0       0       0       0       0       0
Total ram usage:       10 bytes
 Hardware stack levels used:    1
 Hardware stack levels required when called:    1
 This function calls:
		Nothing
 This function is called by:
		i1_SendLCDbyte
		i1_PulseEnablePin
 This function uses a non-reentrant model


 *************** function i1_BufferCopy *****************
 Defined at:
		line 52 in file "MISC.c"
 Parameters:    Size  Location     Type
  from            2    8[COMRAM] PTR unsigned char 
		 -> STR_275(5), STR_274(5), STR_273(10), STR_272(16), 
		 -> STR_271(11), STR_270(12), STR_269(9), STR_268(14), 
		 -> STR_251(6), STR_250(9), STR_249(14), STR_233(4), 
		 -> STR_232(5), STR_231(8), STR_230(10), STR_229(9), 
		 -> STR_198(2), STR_197(10), STR_196(9), STR_177(10), 
		 -> STR_176(10), STR_175(13), STR_160(10), STR_159(10), 
		 -> STR_158(17), STR_138(6), STR_137(6), STR_136(9), 
		 -> STR_135(10), STR_110(7), STR_109(4), STR_108(6), 
		 -> STR_107(9), STR_106(13), STR_75(4), STR_74(6), 
		 -> STR_73(9), STR_72(14), STR_50(5), STR_49(5), 
		 -> STR_48(9), STR_47(9), StringAddEqual@temp(100), RemoveSpaces@That(100), 
		 -> low_isr@TEMP_Rxdata(100), 
  to              2   10[COMRAM] PTR unsigned char 
		 -> Scroll_10(16), Scroll_9(16), Scroll_8(16), Scroll_7(16), 
		 -> Scroll_6(16), Scroll_5(16), Scroll_4(16), Scroll_3(16), 
		 -> Scroll_2(16), Scroll_1(16), Rxdata(100), 
  count           1   12[COMRAM] unsigned char 
  shift           1   13[COMRAM] unsigned char 
 Auto vars:     Size  Location     Type
  BufferCopy      1   14[COMRAM] unsigned char 
 Return value:  Size  Location     Type
		None               void
 Registers used:
		wreg, fsr1l, fsr1h, fsr2l, fsr2h, status,2, status,0, tblptrl, tblptrh, tblptru, prodl, prodh, cstack
 Tracked objects:
		On entry : 
		On exit  : 
		Unchanged: 
 Data sizes:     COMRAM   BANK0   BANK1   BANK2   BANK3   BANK4   BANK5   BANK6   BANK7   BANK8   BANK9  BANK10  BANK11  BANK12
      Params:         6       0       0       0       0       0       0       0       0       0       0       0       0       0
      Locals:         1       0       0       0       0       0       0       0       0       0       0       0       0       0
      Temps:          0       0       0       0       0       0       0       0       0       0       0       0       0       0
      Totals:         7       0       0       0       0       0       0       0       0       0       0       0       0       0
Total ram usage:        7 bytes
 Hardware stack levels used:    1
 Hardware stack levels required when called:    2
 This function calls:
		i1_cleanBuffer
 This function is called by:
		_low_isr
 This function uses a non-reentrant model


 *************** function i1_cleanBuffer *****************
 Defined at:
		line 43 in file "MISC.c"
 Parameters:    Size  Location     Type
  data            2    0[COMRAM] PTR unsigned char 
		 -> Scroll_10(16), Scroll_9(16), Scroll_8(16), Scroll_7(16), 
		 -> Scroll_6(16), Scroll_5(16), Scroll_4(16), Scroll_3(16), 
		 -> Scroll_2(16), Scroll_1(16), StringAddEqual@temp(100), RemoveSpaces@That(100), 
		 -> Rxdata(100), low_isr@TEMP_Rxdata(100), 
  count           2    2[COMRAM] int 
 Auto vars:     Size  Location     Type
  cleanBuffer     1    7[COMRAM] unsigned char 
 Return value:  Size  Location     Type
		None               void
 Registers used:
		wreg, fsr2l, fsr2h, status,2, status,0, prodl, prodh
 Tracked objects:
		On entry : 
		On exit  : 
		Unchanged: 
 Data sizes:     COMRAM   BANK0   BANK1   BANK2   BANK3   BANK4   BANK5   BANK6   BANK7   BANK8   BANK9  BANK10  BANK11  BANK12
      Params:         4       0       0       0       0       0       0       0       0       0       0       0       0       0
      Locals:         1       0       0       0       0       0       0       0       0       0       0       0       0       0
      Temps:          3       0       0       0       0       0       0       0       0       0       0       0       0       0
      Totals:         8       0       0       0       0       0       0       0       0       0       0       0       0       0
Total ram usage:        8 bytes
 Hardware stack levels used:    1
 Hardware stack levels required when called:    1
 This function calls:
		Nothing
 This function is called by:
		_low_isr
		i1_BufferCopy
 This function uses a non-reentrant model


 *************** function _high_isr *****************
 Defined at:
		line 34 in file "interrupts.c"
 Parameters:    Size  Location     Type
		None
 Auto vars:     Size  Location     Type
		None
 Return value:  Size  Location     Type
		None               void
 Registers used:
		None
 Tracked objects:
		On entry : 
		On exit  : 
		Unchanged: 
 Data sizes:     COMRAM   BANK0   BANK1   BANK2   BANK3   BANK4   BANK5   BANK6   BANK7   BANK8   BANK9  BANK10  BANK11  BANK12
      Params:         0       0       0       0       0       0       0       0       0       0       0       0       0       0
      Locals:         0       0       0       0       0       0       0       0       0       0       0       0       0       0
      Temps:          0       0      14       0       0       0       0       0       0       0       0       0       0       0
      Totals:         0       0      14       0       0       0       0       0       0       0       0       0       0       0
Total ram usage:       14 bytes
 Hardware stack levels used:    1
 This function calls:
		Nothing
 This function is called by:
		Interrupt level 2
 This function uses a non-reentrant model



MODULE INFORMATION

Module		Function		Class		Link	Load	Size
UART.c
		_OpenUSART     		CODE           	163F6	0000	116
		_InitUART      		CODE           	158BE	0000	178
		_UARTstring    		CODE           	15B66	0000	154
		_baudUSART     		CODE           	16D1C	0000	10
		_ReadUSART     		CODE           	16AC0	0000	48

UART.c estimated size: 506

C:\Program Files (x86)\Microchip\xc8\v1.33\sources\common\doprnt.c
		_sprintf       		CODE           	12462	0000	2858

C:\Program Files (x86)\Microchip\xc8\v1.33\sources\common\doprnt.c estimated size: 2858

C:\Program Files (x86)\Microchip\xc8\v1.33\sources\common\float.c
		___ftpack      		CODE           	14F5C	0000	266

C:\Program Files (x86)\Microchip\xc8\v1.33\sources\common\float.c estimated size: 266

C:\Program Files (x86)\Microchip\xc8\v1.33\sources\common\lwmod.c
		___lwmod       		CODE           	166DA	0000	96

C:\Program Files (x86)\Microchip\xc8\v1.33\sources\common\lwmod.c estimated size: 96

interrupts.c
		_high_isr      		CODE           	0008	0000	91760
		_low_isr       		CODE           	0018	0000	848

interrupts.c estimated size: 92608

C:\Program Files (x86)\Microchip\xc8\v1.33\sources\common\awmod.c
		___awmod       		CODE           	1568E	0000	196

C:\Program Files (x86)\Microchip\xc8\v1.33\sources\common\awmod.c estimated size: 196

C:\Program Files (x86)\Microchip\xc8\v1.33\sources\common\Umul16.c
		___wmul        		CODE           	16A24	0000	54

C:\Program Files (x86)\Microchip\xc8\v1.33\sources\common\Umul16.c estimated size: 54

I2C.c
		_Multiple_I2C_R		CODE           	164D6	0000	106
		_readI2C       		CODE           	16AF0	0000	48
		_Init_I2C_Maste		CODE           	167F0	0000	80
		_IdleI2C       		CODE           	16CE0	0000	18
		_I2C_Read_At_Ad		CODE           	14D1E	0000	292
		_ResetI2C      		CODE           	16BD6	0000	42
		_I2C_Read_Seque		CODE           	15404	0000	222
		_I2C_Write_At_A		CODE           	15970	0000	176
		_WriteI2C      		CODE           	15F72	0000	140
		_OpenI2C       		CODE           	16C4E	0000	36

I2C.c estimated size: 1160

StringCommand.c
		_Command       		CODE           	10000	0000	9314

StringCommand.c estimated size: 9314

RF.c
		_One_Config1   		CODE           	15E52	0000	146
		_One_Config2   		CODE           	1688C	0000	76
		_Send_Config1  		CODE           	15066	0000	238
		_Send_Config2  		CODE           	15FFE	0000	138
		_Zero_Config1  		CODE           	15DC0	0000	146
		_Zero_Config2  		CODE           	16840	0000	76
		_f_Config1     		CODE           	15D2E	0000	146

RF.c estimated size: 966

C:\Program Files (x86)\Microchip\xc8\v1.33\sources\common\ftmul.c
		___ftmul       		CODE           	1491A	0000	374

C:\Program Files (x86)\Microchip\xc8\v1.33\sources\common\ftmul.c estimated size: 374

C:\Program Files (x86)\Microchip\xc8\v1.33\sources\pic18\plib\USART\uwrite.c
		_WriteUSART    		CODE           	16C8C	0000	22

C:\Program Files (x86)\Microchip\xc8\v1.33\sources\pic18\plib\USART\uwrite.c estimated size: 22

C:\Program Files (x86)\Microchip\xc8\v1.33\sources\common\ftdiv.c
		___ftdiv       		CODE           	14A90	0000	344

C:\Program Files (x86)\Microchip\xc8\v1.33\sources\common\ftdiv.c estimated size: 344

C:\Program Files (x86)\Microchip\xc8\v1.33\sources\common\lwdiv.c
		___lwdiv       		CODE           	16308	0000	120

C:\Program Files (x86)\Microchip\xc8\v1.33\sources\common\lwdiv.c estimated size: 120

C:\Program Files (x86)\Microchip\xc8\v1.33\sources\common\awdiv.c
		___awdiv       		CODE           	15322	0000	226

C:\Program Files (x86)\Microchip\xc8\v1.33\sources\common\awdiv.c estimated size: 226

PWM.c
		_ContrastPWM_in		CODE           	16D10	0000	12
		_SetFreq       		CODE           	1646A	0000	108
		_SetDuty       		CODE           	155BC	0000	210
		_PWM_init      		CODE           	16C00	0000	40
		_SetContrast   		CODE           	15154	0000	232

PWM.c estimated size: 602

shared
		i1_ClearLCD    		CODE           	16CA2	0000	22
		i1_UARTstring  		CODE           	16088	0000	136
		__stringdata   		MEDIUMCONST    	F0D1	0000	3886
		_Aux2ON        		MEDIUMCONST    	F01D	0000	16
		_BedOFF        		MEDIUMCONST    	F04D	0000	16
		_fanON         		MEDIUMCONST    	F09D	0000	16
		_dpowers       		MEDIUMCONST    	EFFB	0000	10
		_SubLightON    		MEDIUMCONST    	F07D	0000	16
		_SubLightOFF   		MEDIUMCONST    	F06D	0000	16
		_TXdataE       		MEDIUMCONST    	F0B9	0000	12
		_TXdataBedroomO		MEDIUMCONST    	EFB3	0000	12
		_AuxOFF        		MEDIUMCONST    	F02D	0000	16
		_TXdataBedroomC		MEDIUMCONST    	EFA7	0000	12
		_TXToiletMyBath		MEDIUMCONST    	EF9B	0000	12
		i1_SetLCDcursor		CODE           	16C28	0000	38
		_BedON         		MEDIUMCONST    	F05D	0000	16
		_TXdataLabOPENE		MEDIUMCONST    	EFE3	0000	12
		i1_ReadUSART   		CODE           	16B4E	0000	46
		_TXdataLabCLOSE		MEDIUMCONST    	EFD7	0000	12
		__initializatio		CODE           	16678	0000	92
		i1_LCDPrintStri		CODE           	16540	0000	106
		_TXdataFrontOPE		MEDIUMCONST    	EFCB	0000	12
		_TXdataFrontCLO		MEDIUMCONST    	EFBF	0000	12
		_octpowers     		MEDIUMCONST    	EFEF	0000	12
		_Aux2OFF       		MEDIUMCONST    	F00D	0000	16
		_TXToiletAlexBa		MEDIUMCONST    	EF8F	0000	12
		_TXdataD       		MEDIUMCONST    	F0AD	0000	12
		i1_LCDPrintChar		CODE           	16D02	0000	14
		_AuxON         		MEDIUMCONST    	F03D	0000	16
		_hexpowers     		MEDIUMCONST    	F005	0000	8
		i1_SendLCDbyte 		CODE           	15AC4	0000	162
		i1_WriteUSART  		CODE           	16CCC	0000	20
		i1_BufferCopy  		CODE           	15C00	0000	152
		i1_cleanBuffer 		CODE           	169E8	0000	60
		i1_delayUS     		CODE           	168D8	0000	76
		_fanOFF        		MEDIUMCONST    	F08D	0000	16
		i1_PulseEnableP		CODE           	16B7C	0000	46
		_TXdataF       		MEDIUMCONST    	F0C5	0000	12

shared estimated size: 5178

C:\Program Files (x86)\Microchip\xc8\v1.33\sources\common\aldiv.c
		___aldiv       		CODE           	1460E	0000	400

C:\Program Files (x86)\Microchip\xc8\v1.33\sources\common\aldiv.c estimated size: 400

ADC.c
		_InternalADC_Re		CODE           	165AA	0000	104
		_EnableInternal		CODE           	15A20	0000	164

ADC.c estimated size: 268

MISC.c
		_StringContains		CODE           	16192	0000	126
		_BufferCopy    		CODE           	15752	0000	184
		_cleanBuffer   		CODE           	16798	0000	88
		_GetEnteredNumb		CODE           	14470	0000	414
		_delayUS       		CODE           	16380	0000	118
		_RemoveSpaces  		CODE           	1580A	0000	180
		_StringAddEqual		CODE           	142B8	0000	440
		_StringMatch   		CODE           	16210	0000	124
		_StartsWith    		CODE           	15C98	0000	150
		_lowercase     		CODE           	15EE4	0000	142

MISC.c estimated size: 1966

C:\Program Files (x86)\Microchip\xc8\v1.33\sources\common\fttol.c
		___fttol       		CODE           	1479E	0000	380

C:\Program Files (x86)\Microchip\xc8\v1.33\sources\common\fttol.c estimated size: 380

C:\Program Files (x86)\Microchip\xc8\v1.33\sources\common\lbtoft.c
		___lbtoft      		CODE           	16A8E	0000	50

C:\Program Files (x86)\Microchip\xc8\v1.33\sources\common\lbtoft.c estimated size: 50

user.c
		_InitApp       		CODE           	1673A	0000	94

user.c estimated size: 94

main.c
		_main          		CODE           	13A00	0000	940

main.c estimated size: 940

C:\Program Files (x86)\Microchip\xc8\v1.33\sources\common\lwtoft.c
		___lwtoft      		CODE           	16B20	0000	46

C:\Program Files (x86)\Microchip\xc8\v1.33\sources\common\lwtoft.c estimated size: 46

RTC.c
		_RTC_TIME_NONMi		CODE           	16110	0000	130
		_SET_RTC_TIME  		CODE           	13DAC	0000	708
		_RTC_INIT      		CODE           	16CF2	0000	16
		_READ_RTC_TIME 		CODE           	1523C	0000	230
		_Parse_Time    		CODE           	134D6	0000	1322
		_SprintDate    		CODE           	14E42	0000	282
		_RTC_Clock_Enab		CODE           	16924	0000	70

RTC.c estimated size: 2758

system.c
		_ConfigureOscil		CODE           	16D2A	0000	2

system.c estimated size: 2

LCD.c
		_PulseEnablePin		CODE           	169AA	0000	62
		_LCD_Scroll    		CODE           	14070	0000	584
		_SendLCDbyte   		CODE           	154E2	0000	218
		_LCDPrintChar  		CODE           	16CB8	0000	20
		_init_LCD      		CODE           	14BE8	0000	310
		_ClearLCD      		CODE           	16C72	0000	26
		_LCDScreenUpdat		CODE           	12F8C	0000	1354
		_SetLCDcursor  		CODE           	16A5A	0000	52
		_LCDPrintString		CODE           	1628C	0000	124
		_LCDdisplayFeed		CODE           	1696A	0000	64

LCD.c estimated size: 2814

C:\Program Files (x86)\Microchip\xc8\v1.33\sources\common\isdigit.c
		_isdigit       		CODE           	16BAA	0000	44

C:\Program Files (x86)\Microchip\xc8\v1.33\sources\common\isdigit.c estimated size: 44

