Microchip MPLAB XC8 Compiler V1.34 ()

Linker command line:

--edf=C:\Program Files (x86)\Microchip\xc8\v1.34\dat\en_msgs.txt -cs \
  -h+dist/xc8_pic18f4685/production\Smart_Rf_PIC.production.sym \
  --cmf=dist/xc8_pic18f4685/production\Smart_Rf_PIC.production.cmf -z \
  -Q18F4685 -oC:\Users\DWHITF~1.TDY\AppData\Local\Temp\s2eg.6 \
  -Mdist/xc8_pic18f4685/production/Smart_Rf_PIC.production.map -E1 -ver=XC8 \
  -ASTACK=06E2h-0cffh -pstack=STACK -ACODE=00h-017FFFh -ACONST=00h-017FFFh \
  -ASMALLCONST=0D00h-0DFFhx371 -AMEDIUMCONST=0D00h-0FFFFh,010D00h-017FFFh \
  -ACOMRAM=01h-05Fh -AABS1=00h-0CFFh -ABIGRAM=01h-0CFFh \
  -ARAM=060h-0FFh,0100h-01FFhx12 -ABANK0=060h-0FFh -ABANK1=0100h-01FFh \
  -ABANK2=0200h-02FFh -ABANK3=0300h-03FFh -ABANK4=0400h-04FFh \
  -ABANK5=0500h-05FFh -ABANK6=0600h-06FFh -ABANK7=0700h-07FFh \
  -ABANK8=0800h-08FFh -ABANK9=0900h-09FFh -ABANK10=0A00h-0AFFh \
  -ABANK11=0B00h-0BFFh -ABANK12=0C00h-0CFFh \
  -ASFR=0D00h-0DFFhx2,0F00h-0F5Fh,0F60h-0FFFh \
  -preset_vec=00h,intcode=08h,intcodelo=018h,powerup,init,end_init \
  -pramtop=0D00h -psmallconst=SMALLCONST -pmediumconst=MEDIUMCONST \
  -pconst=CONST -AFARRAM=00h-00h -ACONFIG=0300000h-030000Dh -pconfig=CONFIG \
  -AIDLOC=0200000h-0200007h -pidloc=IDLOC -AEEDATA=0F00000h-0F003FFh \
  -peeprom_data=EEDATA \
  -prdata=COMRAM,nvrram=COMRAM,nvbit=COMRAM,rbss=COMRAM,rbit=COMRAM \
  -pfarbss=FARRAM,fardata=FARRAM,nvFARRAM=FARRAM \
  -pintsave_regs=BIGRAM,bigbss=BIGRAM,bigdata=BIGRAM -pbss=RAM \
  -pidata=CODE,irdata=CODE,ibigdata=CODE,ifardata=CODE -pparam1=BANK1 \
  C:\Users\DWHITF~1.TDY\AppData\Local\Temp\s2eg.obj \
  dist/xc8_pic18f4685/production\Smart_Rf_PIC.production.obj 

Object code version is 3.11

Machine type is 18F4685

Call graph: (short form)




                Name                               Link     Load   Length Selector   Space Scale
C:\Users\DWHITF~1.TDY\AppData\Local\Temp\s2eg.obj
                end_init                            4E8      4E8        4        C       0
                reset_vec                             0        0        4        0       0
                idloc                            200000   200000        8   200000       0
                config                           300000   300000        E   300000       0
dist/xc8_pic18f4685/production\Smart_Rf_PIC.production.obj
                intcodelo                            18       18      4D0        C       0
                intcode                               8        8       10        4       0
                mediumconst                        ECC0     ECC0     1340     7660       0
                intcode_body                        5C0      5C0       66        C       0
                text137                           145CA    145CA      35E     8000       0
                text136                             FF8      FF8       18        C       0
                text135                            1146     1146        A        C       0
                text134                            1118     1118        E        C       0
                text133                             D80      D80       32        C       0
                text132                           16690    16690       EE     8000       0
                text131                            107E     107E       16        C       0
                text130                             C46      C46       38        C       0
                text129                           170F6    170F6       B2     8000       0
                text128                           163B4    163B4       FA     8000       0
                text127                           16E16    16E16       BE     8000       0
                text126                            1068     1068       16        C       0
                text125                             EF2      EF2       2A        C       0
                text124                           174EC    174EC       9E     8000       0
                text123                             988      988       4C        C       0
                text122                           17CE2    17CE2       78     8000       0
                text121                           176BE    176BE       96     8000       0
                text120                             8EE      8EE       4E        C       0
                text119                           161BC    161BC       FE     8000       0
                text118                             B5C      B5C       3E        C       0
                text117                           172FE    172FE       A6     8000       0
                text116                             E6E      E6E       2E        C       0
                text115                           16C88    16C88       C8     8000       0
                text114                            1052     1052       16        C       0
                text113                            113C     113C        A        C       0
                text112                            1158     1158        8        C       0
                text111                            103C     103C       16        C       0
                text110                           17E44    17E44       70     8000       0
                text109                             E40      E40       2E        C       0
                text108                           141E8    141E8      3E2     8000       0
                text107                            110A     110A        E        C       0
                text106                             D4E      D4E       32        C       0
                text105                             A1C      A1C       42        C       0
                text103                            10BC     10BC       12        C       0
                text102                           17BF0    17BF0       7A     8000       0
                text101                           15052    15052      1D6     8000       0
                text100                             FA4      FA4       1E        C       0
                text99                              626      626       64        C       0
                text98                            17874    17874       8C     8000       0
                text97                            17448    17448       A4     8000       0
                text96                              556      556       6A        C       0
                text95                              7A6      7A6       5A        C       0
                text94                            16ED4    16ED4       BC     8000       0
                text93                            14E54    14E54      1FE     8000       0
                text92                            17F8C    17F8C       6C     8000       0
                text91                              D1C      D1C       32        C       0
                text90                            165A0    165A0       F0     8000       0
                text89                              FDE      FDE       1A        C       0
                text88                            17C6A    17C6A       78     8000       0
                text87                              B1E      B1E       3E        C       0
                text86                              C7E      C7E       36        C       0
                text85                            1387E    1387E      4D2     8000       0
                text84                              F64      F64       22        C       0
                text83                              68A      68A       62        C       0
                text82                             10A8     10A8       14        C       0
                text81                            17F20    17F20       6C     8000       0
                text80                            160B4    160B4      108     8000       0
                text79                              F40      F40       24        C       0
                text78                              8A0      8A0       4E        C       0
                text77                              F1C      F1C       24        C       0
                text76                            1677E    1677E       EA     8000       0
                text75                            17624    17624       9A     8000       0
                text74                            16AF2    16AF2       CE     8000       0
                text73                            16A22    16A22       D0     8000       0
                text72                            16F90    16F90       B4     8000       0
                text71                            14928    14928      2A4     8000       0
                text70                            17B76    17B76       7A     8000       0
                text69                            17AFC    17AFC       7A     8000       0
                text68                            17A82    17A82       7A     8000       0
                text67                            16948    16948       DA     8000       0
                text66                              ADE      ADE       40        C       0
                text65                              A9E      A9E       40        C       0
                text64                            17900    17900       84     8000       0
                text63                            17D5A    17D5A       76     8000       0
                text62                              CE8      CE8       34        C       0
                text61                            16D50    16D50       C6     8000       0
                text60                             10FC     10FC        E        C       0
                text59                            156B6    156B6      16A     8000       0
                text58                              B9A      B9A       3C        C       0
                text57                            15820    15820      156     8000       0
                text56                             1026     1026       16        C       0
                text55                              A5E      A5E       40        C       0
                text54                            16868    16868       E0     8000       0
                text53                              F86      F86       1E        C       0
                text52                              CB4      CB4       34        C       0
                text51                            17DD0    17DD0       74     8000       0
                text50                            173A4    173A4       A4     8000       0
                text49                              C0E      C0E       38        C       0
                text48                              E12      E12       2E        C       0
                text47                            1270E    1270E      C9E     8000       0
                text46                            14BCC    14BCC      288     8000       0
                text45                            15F94    15F94      120     8000       0
                text44                            15AC8    15AC8      152     8000       0
                text43                            1554A    1554A      16C     8000       0
                text42                            15976    15976      152     8000       0
                text41                              DE2      DE2       30        C       0
                text40                            16BC0    16BC0       C8     8000       0
                text39                            17044    17044       B2     8000       0
                text38                            164AE    164AE       F2     8000       0
                text37                            17754    17754       94     8000       0
                text36                            15228    15228      1B2     8000       0
                text35                            17984    17984       80     8000       0
                text34                            17A04    17A04       7E     8000       0
                text33                            17EB4    17EB4       6C     8000       0
                text32                              E9C      E9C       2C        C       0
                text31                            177E8    177E8       8C     8000       0
                text30                            10000    10000     270E     8000       0
                text29                             1150     1150        8        C       0
                text28                             1126     1126        C        C       0
                text27                            17258    17258       A6     8000       0
                text26                              74A      74A       5C        C       0
                text25                             1132     1132        A        C       0
                text24                            17FF8    17FF8        8     8000       0
                text23                              FC2      FC2       1C        C       0
                text22                            13D50    13D50      498     8000       0
                text21                            15D48    15D48      12C     8000       0
                text20                              800      800       52        C       0
                text19                              DB2      DB2       30        C       0
                text18                            15C1A    15C1A      12E     8000       0
                text17                              93C      93C       4C        C       0
                text16                              4EC      4EC       6A        C       0
                text15                             10DE     10DE       10        C       0
                text14                            153DA    153DA      170     8000       0
                text13                            162BA    162BA       FA     8000       0
                text12                            171A8    171A8       B0     8000       0
                text11                              EC8      EC8       2A        C       0
                text10                              852      852       4E        C       0
                text9                               BD6      BD6       38        C       0
                text8                              10EE     10EE        E        C       0
                text7                              116A     116A        4        C       0
                text6                               6EC      6EC       5E        C       0
                text5                              1166     1166        4        C       0
                text4                              1010     1010       16        C       0
                text3                               9D4      9D4       48        C       0
                text2                              10CE     10CE       10        C       0
                text1                             15E74    15E74      120     8000       0
                text0                             133AC    133AC      4D2     8000       0
                cstackCOMRAM                          1        1       4E        1       1
                cstackBANK0                          60       60       8E       60       1
                cstackBANK1                         166      166       61      100       1
                cstackBANK2                         200      200       67      200       1
                cstackBANK6                         600      600       E2      600       1
                bssBANK5                            500      500       64      500       1
                bssBANK4                            400      400       F4      400       1
                dataBANK3                           394      394       14      300       1
                bssBANK3                            300      300       94      300       1
                bssBANK2                            267      267       10      200       1
                dataBANK1                           1C7      1C7        6      100       1
                bssBANK1                            100      100       66      100       1
                bssBANK0                             EE       EE        B       60       1
                bssCOMRAM                            4F       4F       11        1       1
                cinit                             1758A    1758A       9A     8000       0
                idataBANK3                         1094     1094       14        C       0
                idataBANK1                         1160     1160        6        C       0

TOTAL           Name                               Link     Load   Length     Space
        CLASS   STACK          

        CLASS   CODE           
                end_init                            4E8      4E8        4         0
                intcodelo                            18       18      4D0         0
                intcode                               8        8       10         0
                reset_vec                             0        0        4         0
                intcode_body                        5C0      5C0       66         0
                text137                           145CA    145CA      35E         0
                text136                             FF8      FF8       18         0
                text135                            1146     1146        A         0
                text134                            1118     1118        E         0
                text133                             D80      D80       32         0
                text132                           16690    16690       EE         0
                text131                            107E     107E       16         0
                text130                             C46      C46       38         0
                text129                           170F6    170F6       B2         0
                text128                           163B4    163B4       FA         0
                text127                           16E16    16E16       BE         0
                text126                            1068     1068       16         0
                text125                             EF2      EF2       2A         0
                text124                           174EC    174EC       9E         0
                text123                             988      988       4C         0
                text122                           17CE2    17CE2       78         0
                text121                           176BE    176BE       96         0
                text120                             8EE      8EE       4E         0
                text119                           161BC    161BC       FE         0
                text118                             B5C      B5C       3E         0
                text117                           172FE    172FE       A6         0
                text116                             E6E      E6E       2E         0
                text115                           16C88    16C88       C8         0
                text114                            1052     1052       16         0
                text113                            113C     113C        A         0
                text112                            1158     1158        8         0
                text111                            103C     103C       16         0
                text110                           17E44    17E44       70         0
                text109                             E40      E40       2E         0
                text108                           141E8    141E8      3E2         0
                text107                            110A     110A        E         0
                text106                             D4E      D4E       32         0
                text105                             A1C      A1C       42         0
                text103                            10BC     10BC       12         0
                text102                           17BF0    17BF0       7A         0
                text101                           15052    15052      1D6         0
                text100                             FA4      FA4       1E         0
                text99                              626      626       64         0
                text98                            17874    17874       8C         0
                text97                            17448    17448       A4         0
                text96                              556      556       6A         0
                text95                              7A6      7A6       5A         0
                text94                            16ED4    16ED4       BC         0
                text93                            14E54    14E54      1FE         0
                text92                            17F8C    17F8C       6C         0
                text91                              D1C      D1C       32         0
                text90                            165A0    165A0       F0         0
                text89                              FDE      FDE       1A         0
                text88                            17C6A    17C6A       78         0
                text87                              B1E      B1E       3E         0
                text86                              C7E      C7E       36         0
                text85                            1387E    1387E      4D2         0
                text84                              F64      F64       22         0
                text83                              68A      68A       62         0
                text82                             10A8     10A8       14         0
                text81                            17F20    17F20       6C         0
                text80                            160B4    160B4      108         0
                text79                              F40      F40       24         0
                text78                              8A0      8A0       4E         0
                text77                              F1C      F1C       24         0
                text76                            1677E    1677E       EA         0
                text75                            17624    17624       9A         0
                text74                            16AF2    16AF2       CE         0
                text73                            16A22    16A22       D0         0
                text72                            16F90    16F90       B4         0
                text71                            14928    14928      2A4         0
                text70                            17B76    17B76       7A         0
                text69                            17AFC    17AFC       7A         0
                text68                            17A82    17A82       7A         0
                text67                            16948    16948       DA         0
                text66                              ADE      ADE       40         0
                text65                              A9E      A9E       40         0
                text64                            17900    17900       84         0
                text63                            17D5A    17D5A       76         0
                text62                              CE8      CE8       34         0
                text61                            16D50    16D50       C6         0
                text60                             10FC     10FC        E         0
                text59                            156B6    156B6      16A         0
                text58                              B9A      B9A       3C         0
                text57                            15820    15820      156         0
                text56                             1026     1026       16         0
                text55                              A5E      A5E       40         0
                text54                            16868    16868       E0         0
                text53                              F86      F86       1E         0
                text52                              CB4      CB4       34         0
                text51                            17DD0    17DD0       74         0
                text50                            173A4    173A4       A4         0
                text49                              C0E      C0E       38         0
                text48                              E12      E12       2E         0
                text47                            1270E    1270E      C9E         0
                text46                            14BCC    14BCC      288         0
                text45                            15F94    15F94      120         0
                text44                            15AC8    15AC8      152         0
                text43                            1554A    1554A      16C         0
                text42                            15976    15976      152         0
                text41                              DE2      DE2       30         0
                text40                            16BC0    16BC0       C8         0
                text39                            17044    17044       B2         0
                text38                            164AE    164AE       F2         0
                text37                            17754    17754       94         0
                text36                            15228    15228      1B2         0
                text35                            17984    17984       80         0
                text34                            17A04    17A04       7E         0
                text33                            17EB4    17EB4       6C         0
                text32                              E9C      E9C       2C         0
                text31                            177E8    177E8       8C         0
                text30                            10000    10000     270E         0
                text29                             1150     1150        8         0
                text28                             1126     1126        C         0
                text27                            17258    17258       A6         0
                text26                              74A      74A       5C         0
                text25                             1132     1132        A         0
                text24                            17FF8    17FF8        8         0
                text23                              FC2      FC2       1C         0
                text22                            13D50    13D50      498         0
                text21                            15D48    15D48      12C         0
                text20                              800      800       52         0
                text19                              DB2      DB2       30         0
                text18                            15C1A    15C1A      12E         0
                text17                              93C      93C       4C         0
                text16                              4EC      4EC       6A         0
                text15                             10DE     10DE       10         0
                text14                            153DA    153DA      170         0
                text13                            162BA    162BA       FA         0
                text12                            171A8    171A8       B0         0
                text11                              EC8      EC8       2A         0
                text10                              852      852       4E         0
                text9                               BD6      BD6       38         0
                text8                              10EE     10EE        E         0
                text7                              116A     116A        4         0
                text6                               6EC      6EC       5E         0
                text5                              1166     1166        4         0
                text4                              1010     1010       16         0
                text3                               9D4      9D4       48         0
                text2                              10CE     10CE       10         0
                text1                             15E74    15E74      120         0
                text0                             133AC    133AC      4D2         0
                cinit                             1758A    1758A       9A         0
                idataBANK3                         1094     1094       14         0
                idataBANK1                         1160     1160        6         0

        CLASS   CONST          

        CLASS   SMALLCONST     

        CLASS   MEDIUMCONST    
                mediumconst                        ECC0     ECC0     1340         0

        CLASS   COMRAM         
                cstackCOMRAM                          1        1       4E         1
                bssCOMRAM                            4F       4F       11         1

        CLASS   ABS1           

        CLASS   BIGRAM         

        CLASS   RAM            

        CLASS   BANK0          
                cstackBANK0                          60       60       8E         1
                bssBANK0                             EE       EE        B         1

        CLASS   BANK1          
                cstackBANK1                         166      166       61         1
                dataBANK1                           1C7      1C7        6         1
                bssBANK1                            100      100       66         1

        CLASS   BANK2          
                cstackBANK2                         200      200       67         1
                bssBANK2                            267      267       10         1

        CLASS   BANK3          
                dataBANK3                           394      394       14         1
                bssBANK3                            300      300       94         1

        CLASS   BANK4          
                bssBANK4                            400      400       F4         1

        CLASS   BANK5          
                bssBANK5                            500      500       64         1

        CLASS   BANK6          
                cstackBANK6                         600      600       E2         1

        CLASS   BANK7          

        CLASS   BANK8          

        CLASS   BANK9          

        CLASS   BANK10         

        CLASS   BANK11         

        CLASS   BANK12         

        CLASS   SFR            

        CLASS   FARRAM         

        CLASS   CONFIG         
                config                           300000   300000        E         0

        CLASS   IDLOC          
                idloc                            200000   200000        8         0

        CLASS   EEDATA         



SEGMENTS        Name                           Load    Length   Top    Selector   Space  Class

                reset_vec                      000000  000004  000004         0       0  CODE    
                cstackCOMRAM                   000001  00005F  000060         1       1  COMRAM  
                intcode                        000008  000010  000018         4       0  CODE    
                intcodelo                      000018  001156  00116E         C       0  CODE    
                cstackBANK0                    000060  000099  0000F9        60       1  BANK0   
                bssBANK1                       000100  0000CD  0001CD       100       1  BANK1   
                cstackBANK2                    000200  000077  000277       200       1  BANK2   
                bssBANK3                       000300  0000A8  0003A8       300       1  BANK3   
                bssBANK4                       000400  0000F4  0004F4       400       1  BANK4   
                bssBANK5                       000500  000064  000564       500       1  BANK5   
                cstackBANK6                    000600  0000E2  0006E2       600       1  BANK6   
                mediumconst                    00ECC0  001340  010000      7660       0  MEDIUMCO
                text30                         010000  008000  018000      8000       0  CODE    
                idloc                          200000  000008  200008    200000       0  IDLOC   
                config                         300000  00000E  30000E    300000       0  CONFIG  


UNUSED ADDRESS RANGES

        Name                Unused          Largest block    Delta
        BANK0            0000F9-0000FF                7
        BANK1            0001CD-0001FF               33
        BANK10           000A00-000AFF              100
        BANK11           000B00-000BFF              100
        BANK12           000C00-000CFF              100
        BANK2            000277-0002FF               89
        BANK3            0003A8-0003FF               58
        BANK4            0004F4-0004FF                C
        BANK5            000564-0005FF               9C
        BANK6            0006E2-0006FF               1E
        BANK7            000700-0007FF              100
        BANK8            000800-0008FF              100
        BANK9            000900-0009FF              100
        BIGRAM           0000F9-0000FF                7
                         0001CD-0001FF               33
                         000277-0002FF               89
                         0003A8-0003FF               58
                         0004F4-0004FF                C
                         000564-0005FF               9C
                         0006E2-000CFF              61E
        CODE             000004-000007                4
                         00116E-00ECBF             DB52
        CONST            000004-000007                4
                         00116E-00ECBF             DB52
        EEDATA           F00000-F003FF              400
        MEDIUMCONST      00116E-00ECBF             DB52
        RAM              0000F9-0000FF                7
                         0001CD-0001FF               33
                         000277-0002FF               89
                         0003A8-0003FF               58
                         0004F4-0004FF                C
                         000564-0005FF               9C
                         0006E2-000CFF              100
        SFR              000D00-000FFF              100
        SMALLCONST       00116E-00ECBF              100
        STACK            0006E2-000CFF              61E

                                  Symbol Table

?_GetBaud                              cstackBANK1  000174
?_GetEEPROM                            cstackBANK1  000198
?_GetEnteredNumber                     cstackBANK1  000180
?_GetMemoryBaud                        cstackBANK1  000177
?_GetMemoryChar                        cstackBANK1  000177
?_GetMemoryLong                        cstackBANK1  000177
?_I2C_Read_At_Address                  cstackBANK1  000176
?_InternalADC_Read                     cstackBANK1  000183
?_ReadEEPROM_1Byte                     cstackBANK1  000174
?_SetEEPROM                            cstackBANK1  0001A9
?___aldiv                              cstackBANK1  00017A
?___awdiv                              cstackBANK1  000174
?___awmod                              cstackBANK1  000174
?___ftdiv                              cstackBANK1  000180
?___ftmul                              cstackBANK1  00018F
?___ftpack                             cstackBANK1  000174
?___fttol                              cstackBANK1  00019E
?___lbtoft                             cstackBANK1  00017C
?___lldiv                              cstackBANK1  000174
?___llmod                              cstackBANK1  000181
?___lmul                               cstackBANK1  000174
?___lwmod                              cstackBANK1  000174
?___lwtoft                             cstackBANK1  00017C
?___wmul                               cstackBANK1  000174
?_sprintf                              cstackBANK1  00018A
?i1_GetMemoryBaud                      cstackCOMRAM 000004
?i1_GetMemoryLong                      cstackCOMRAM 000004
?i1_ReadEEPROM_1Byte                   cstackCOMRAM 000001
?i1_SetEEPROM                          cstackCOMRAM 000036
BufferCopy@count                       cstackBANK1  000180
BufferCopy@from                        cstackBANK1  00017C
BufferCopy@i                           cstackBANK1  000182
BufferCopy@shift                       cstackBANK1  000181
BufferCopy@to                          cstackBANK1  00017E
CheckSum_byte@Odd_Even                 cstackBANK1  000176
CheckSum_byte@Parity                   cstackBANK1  000179
CheckSum_byte@This                     cstackBANK1  000174
CheckSum_byte@ThisTemp                 cstackBANK1  000177
CheckSum_byte@i                        cstackBANK1  00017A
Command@ADC_Value                      cstackBANK6  0006C8
Command@BAUDtemp                       cstackBANK6  0006CE
Command@Input                          cstackBANK1  0001C2
Command@PARITYtemp                     cstackBANK6  0006D4
Command@RTC_Battery_Value              cstackBANK6  0006CA
Command@RTC_Battery_Value_HIGH_decimal cstackBANK6  0006CC
Command@RTC_Battery_Value_LOW_decimal  cstackBANK6  0006D2
Command@buf                            cstackBANK6  000600
Command@channel                        cstackBANK6  0006DA
Command@contrast                       cstackBANK6  0006D8
Command@duty                           cstackBANK6  0006DC
Command@tempLONG                       cstackBANK6  0006DE
EnableInternalADC@channels             cstackBANK1  000175
EnableInternalADC@config               cstackBANK1  000174
GetEEPROM@Temp                         cstackBANK1  0001A1
GetEnteredNumber@This                  cstackBANK1  000180
GetEnteredNumber@i                     cstackBANK1  000189
GetEnteredNumber@negative              cstackBANK1  00018A
GetEnteredNumber@temp                  cstackBANK1  00018B
GetMemoryBaud@BaudTempH                cstackBANK1  000193
GetMemoryBaud@BaudTempL                cstackBANK1  000196
GetMemoryBaud@BaudTempMH               cstackBANK1  000194
GetMemoryBaud@BaudTempML               cstackBANK1  000195
GetMemoryBaud@baud                     cstackBANK1  00018F
GetMemoryChar@AddressFirst             cstackBANK1  00017B
GetMemoryChar@H                        cstackBANK1  00017C
GetMemoryLong@AddressFirst             cstackBANK1  000197
GetMemoryLong@H                        cstackBANK1  000193
GetMemoryLong@L                        cstackBANK1  000196
GetMemoryLong@MH                       cstackBANK1  000194
GetMemoryLong@ML                       cstackBANK1  000195
GetMemoryLong@temp                     cstackBANK1  00018F
GetMemoryParity@Parity                 cstackBANK1  000177
I2C_Read_At_Address@I2Caddress         cstackBANK1  000178
I2C_Read_At_Address@Register           cstackBANK1  000176
I2C_Read_Sequential@I2Caddress         cstackBANK1  00017B
I2C_Read_Sequential@Register           cstackBANK1  000177
I2C_Read_Sequential@length             cstackBANK1  00017A
I2C_Read_Sequential@rdptr              cstackBANK1  000178
I2C_Write_At_Address@I2Caddress        cstackBANK1  00017A
I2C_Write_At_Address@Register          cstackBANK1  000176
I2C_Write_At_Address@data              cstackBANK1  000177
IRrawToNEC@Invert                      cstackCOMRAM 000005
IRrawToNEC@NEC                         cstackCOMRAM 000003
IRrawToNEC@NECtemp                     cstackCOMRAM 000008
IRrawToNEC@Pause                       cstackCOMRAM 00000C
IRrawToNEC@Raw                         cstackCOMRAM 000001
IRrawToNEC@StartBit                    cstackCOMRAM 00000F
IRrawToNEC@first                       cstackCOMRAM 00000D
IRrawToNEC@i                           cstackCOMRAM 00000E
ISNUMBER@ascii                         cstackBANK1  000174
InitUART@Baud                          cstackBANK1  000181
InitUART@baudconfig                    cstackBANK1  00018C
InitUART@config                        cstackBANK1  00018D
InitUART@parity                        cstackBANK1  000185
InitUART@spbrg                         cstackBANK1  00018A
InitUART@temp                          cstackBANK1  00018E
Init_I2C_Master@baud                   cstackBANK1  000176
InternalADC_Read@channel               cstackBANK1  000187
IsPrintableASCII@data                  cstackCOMRAM 000001
LCDPrintChar@character                 cstackBANK1  000182
LCDPrintString@Text                    cstackBANK1  000182
LCDPrintString@c                       cstackBANK1  000184
LCD_Scroll@This                        cstackBANK1  000183
LCDdisplayFeedback@Text                cstackBANK1  000186
Multiple_I2C_Read@length               cstackBANK1  000176
Multiple_I2C_Read@rdptr                cstackBANK1  000174
One_Config1@pin                        cstackBANK1  00017E
One_Config2@pin                        cstackBANK1  00017E
OpenI2C@slew                           cstackBANK1  000174
OpenI2C@sync_mode                      cstackBANK1  000175
OpenUSART@config                       cstackBANK1  000176
OpenUSART@spbrg                        cstackBANK1  000174
Parse_Time@TempTime                    cstackBANK1  000178
Parse_Time@This                        cstackBANK1  000174
Parse_Time@temp                        cstackBANK1  000177
READ_RTC_TIME@Error                    cstackBANK1  000185
READ_RTC_TIME@temp                     cstackBANK1  00017E
RTC_Clock_Enable@Error                 cstackBANK1  000180
RTC_Clock_Enable@tempSeconds           cstackBANK1  00017E
RTC_TIME_NONMilitary@Error             cstackBANK1  00017F
RTC_TIME_NONMilitary@temphours         cstackBANK1  000181
ReadEEPROM_1Byte@GIEstatus             cstackBANK1  000176
ReadEEPROM_1Byte@address               cstackBANK1  000174
ReadUSART@data                         cstackBANK1  000174
RemoveSpaces@That                      cstackBANK2  000200
RemoveSpaces@This                      cstackBANK1  000183
RemoveSpaces@address                   cstackBANK2  000264
RemoveSpaces@i                         cstackBANK2  000266
SET_RTC_TIME@Error                     cstackBANK1  000190
SET_RTC_TIME@SetTime                   cstackBANK1  00017C
SET_RTC_TIME@temp                      cstackBANK1  000189
SendLCDbyte@LSB_nibble                 cstackBANK1  000181
SendLCDbyte@MSB_nibble                 cstackBANK1  000180
SendLCDbyte@data                       cstackBANK1  00017F
SendLCDbyte@isCommand                  cstackBANK1  00017E
Send_Config1@data                      cstackBANK1  00017F
Send_Config1@i                         cstackBANK1  000183
Send_Config1@pin                       cstackBANK1  000184
Send_Config2@data                      cstackBANK1  00017F
Send_Config2@i                         cstackBANK1  000184
Send_Config2@pin                       cstackBANK1  000183
SetBaud@Baud                           cstackBANK1  0001B6
SetBaud@Parity                         cstackBANK1  0001BA
SetBaud@buf                            cstackBANK2  000200
SetBaud@status                         cstackBANK2  000232
SetContrast@Duty                       cstackBANK1  0001B4
SetContrast@LSB                        cstackBANK1  0001B1
SetContrast@MSB                        cstackBANK1  0001B0
SetContrast@temp                       cstackBANK1  0001B2
SetContrast@tempPR2                    cstackBANK1  0001AD
SetDuty@Duty                           cstackBANK1  0001AD
SetDuty@LSB                            cstackBANK1  0001B2
SetDuty@MSB                            cstackBANK1  0001B1
SetDuty@temp                           cstackBANK1  0001B3
SetDuty@tempPR2                        cstackBANK1  0001AE
SetEEPROM@Temp                         cstackBANK1  0001A9
SetEEPROM@burn                         cstackBANK1  0001B2
SetEEPROM@fail                         cstackBANK1  0001B6
SetFreq@freq                           cstackBANK1  000188
SetFreq@temp                           cstackBANK1  00018A
SetLCDcursor@Col                       cstackBANK1  000182
SetLCDcursor@Row                       cstackBANK1  000183
SetLCDcursor@address                   cstackBANK1  000184
SetMemoryBaud@Baud                     cstackBANK1  000197
SetMemoryBaud@BaudTempH                cstackBANK1  0001A3
SetMemoryBaud@BaudTempL                cstackBANK1  0001A6
SetMemoryBaud@BaudTempMH               cstackBANK1  0001A4
SetMemoryBaud@BaudTempML               cstackBANK1  0001A5
SetMemoryBaud@Test                     cstackBANK1  00019F
SetMemoryLong@AddressFirst             cstackBANK1  00019C
SetMemoryLong@Data                     cstackBANK1  000198
SetMemoryLong@H                        cstackBANK1  0001A5
SetMemoryLong@L                        cstackBANK1  0001A8
SetMemoryLong@MH                       cstackBANK1  0001A6
SetMemoryLong@ML                       cstackBANK1  0001A7
SetMemoryLong@Test                     cstackBANK1  0001A1
SetMemoryParity@Parity                 cstackBANK1  000179
SetMemoryParity@Test                   cstackBANK1  000178
SprintDate@DisplayTime                 cstackBANK1  0001B8
SprintDate@Military                    cstackBANK1  0001C1
SprintDate@ReturnBuf                   cstackBANK1  0001B6
StartsWith@That                        cstackBANK1  000176
StartsWith@This                        cstackBANK1  000174
StringAddEqual@Input                   cstackBANK1  000183
StringAddEqual@firstnumber             cstackBANK2  000264
StringAddEqual@i                       cstackBANK2  000265
StringAddEqual@j                       cstackBANK2  000266
StringAddEqual@temp                    cstackBANK2  000200
StringContains@That                    cstackBANK1  000176
StringContains@This                    cstackBANK1  000174
StringMatch@That                       cstackBANK1  000176
StringMatch@This                       cstackBANK1  000174
SyncEEPROMandGLOBAL@Temp               cstackBANK1  0001AA
UARTchar@NinethBit_override            cstackBANK1  00017B
UARTchar@NinethBit_override_data       cstackBANK1  00017C
UARTchar@data                          cstackBANK1  00017E
UARTstring@data                        cstackBANK1  00017F
UARTstringWAIT@data                    cstackBANK1  00017F
UseIRCode@Code                         cstackCOMRAM 000047
UseIRCode@NEC                          cstackCOMRAM 000049
UseIRCode@i                            cstackCOMRAM 00004E
WriteEEPROM_1Byte@GIEstatus            cstackBANK1  000177
WriteEEPROM_1Byte@address              cstackBANK1  000174
WriteEEPROM_1Byte@data                 cstackBANK1  000176
WriteI2C@data_out                      cstackBANK1  000175
Zero_Config1@pin                       cstackBANK1  00017E
Zero_Config2@pin                       cstackBANK1  00017E
_ADCON0                                (abs)        000FC2
_ADCON1                                (abs)        000FC1
_ADCON2                                (abs)        000FC0
_ADRESH                                (abs)        000FC4
_ADRESL                                (abs)        000FC3
_Aux2OFF                               mediumconst  00ED99
_Aux2ON                                mediumconst  00EDA9
_AuxOFF                                mediumconst  00EDB9
_AuxON                                 mediumconst  00EDC9
_BAUDCON                               (abs)        000FB8
_BedOFF                                mediumconst  00EDD9
_BedON                                 mediumconst  00EDE9
_BlueLEDcount                          dataBANK1    0001CB
_BufferCopy                            text94       016ED4
_CCP1CON                               (abs)        000FBD
_CCPR1L                                (abs)        000FBE
_CheckSum_byte                         text99       000626
_ClearLCD                              text89       000FDE
_Command                               text30       010000
_ConfigureOscillator                   text29       001150
_ContrastPWM_init                      text28       001126
_ECCP1CON                              (abs)        000FBA
_ECCPR1L                               (abs)        000FBB
_EEADR                                 (abs)        000FA9
_EEADRH                                (abs)        000FAA
_EECON1bits                            (abs)        000FA6
_EECON2                                (abs)        000FA7
_EEDATA                                (abs)        000FA8
_EEPROM_UNLOCK                         text56       001026
_EnableInternalADC                     text27       017258
_GetBaud                               text103      0010BC
_GetEEPROM                             text10       000852
_GetEnteredNumber                      text101      015052
_GetMemoryBaud                         text57       015820
_GetMemoryChar                         text11       000EC8
_GetMemoryLong                         text14       0153DA
_GetMemoryParity                       text53       000F86
_Global                                bssBANK1     000100
_I2C_Read_At_Address                   text18       015C1A
_I2C_Read_Sequential                   text80       0160B4
_I2C_Write_At_Address                  text74       016AF2
_INTCON2bits                           (abs)        000FF1
_INTCONbits                            (abs)        000FF2
_IPR1bits                              (abs)        000F9F
_IRRawCode                             bssBANK4     000464
_IR_NEC                                bssBANK0     0000F4
_IR_New_Code                           bssBANK0     0000F8
_IRfault                               bssCOMRAM    00004F
_IRpinOLD                              bssBANK0     0000F0
_IRrawCodeNum                          bssBANK0     0000F1
_IRrawCount                            bssBANK0     0000EE
_IRrawToNEC                            text137      0145CA
_ISNUMBER                              text100      000FA4
_IdleI2C                               text82       0010A8
_InitApp                               text26       00074A
_InitUART                              text59       0156B6
_Init_I2C_Master                       text78       0008A0
_InternalADC_Read                      text96       000556
_IsPrintableASCII                      text136      000FF8
_LATA                                  (abs)        000F89
_LATC                                  (abs)        000F8B
_LATD                                  (abs)        000F8C
_LATE                                  (abs)        000F8D
_LCDPrintChar                          text23       000FC2
_LCDPrintString                        text88       017C6A
_LCDScreenUpdate                       text22       013D50
_LCD_Scroll                            text93       014E54
_LCDclearCount                         dataBANK1    0001C7
_LCDdisplayFeedback                    text86       000C7E
_LCDwait                               bssBANK1     000112
_Multiple_I2C_Read                     text83       00068A
_NowTime                               bssBANK1     000109
_OSCCON                                (abs)        000FD3
_One_Config1                           text70       017B76
_One_Config2                           text66       000ADE
_OpenI2C                               text79       000F40
_OpenUSART                             text63       017D5A
_PIE1                                  (abs)        000F9D
_PIE1bits                              (abs)        000F9D
_PIR1bits                              (abs)        000F9E
_PIR2bits                              (abs)        000FA1
_PORTB                                 (abs)        000F81
_PR2                                   (abs)        000FCB
_PWM_init                              text19       000DB2
_Parse_Time                            text85       01387E
_PulseEnablePin                        text91       000D1C
_RCONbits                              (abs)        000FD0
_RCREG                                 (abs)        000FAE
_RCSTA                                 (abs)        000FAB
_RCSTAbits                             (abs)        000FAB
_READ_RTC_TIME                         text76       01677E
_RTC_Clock_Enable                      text17       00093C
_RTC_INIT                              text15       0010DE
_RTC_TIME_NONMilitary                  text16       0004EC
_ReadButton1                           text134      001118
_ReadEEPROM_1Byte                      text58       000B9A
_ReadIRpin                             text8        0010EE
_ReadUSART                             text62       000CE8
_RemoveSpaces                          text75       017624
_ResetI2C                              text77       000F1C
_Reset_Timer0                          text135      001146
_Reset_Timer1                          text25       001132
_Rxdata                                bssBANK3     000300
_SET_RTC_TIME                          text71       014928
_SPBRG                                 (abs)        000FAF
_SPBRGH                                (abs)        000FB0
_SSPADD                                (abs)        000FC8
_SSPBUF                                (abs)        000FC9
_SSPCON1                               (abs)        000FC6
_SSPCON1bits                           (abs)        000FC6
_SSPCON2                               (abs)        000FC5
_SSPCON2bits                           (abs)        000FC5
_SSPSTAT                               (abs)        000FC7
_SSPSTATbits                           (abs)        000FC7
_ScrollDisplayPosition                 bssBANK1     000113
_ScrollFIFOCount                       bssBANK1     000114
_Scroll_1                              bssBANK1     000116
_Scroll_10                             bssBANK3     000364
_Scroll_2                              bssBANK1     000126
_Scroll_3                              bssBANK1     000136
_Scroll_4                              bssBANK1     000146
_Scroll_5                              bssBANK1     000156
_Scroll_6                              bssCOMRAM    000050
_Scroll_7                              bssBANK2     000267
_Scroll_8                              bssBANK3     000374
_Scroll_9                              bssBANK3     000384
_SendLCDbyte                           text90       0165A0
_Send_Config1                          text67       016948
_Send_Config2                          text64       017900
_SetBaud                               text46       014BCC
_SetContrast                           text40       016BC0
_SetDuty                               text39       017044
_SetEEPROM                             text12       0171A8
_SetFreq                               text20       000800
_SetLCDcursor                          text87       000B1E
_SetMemoryBaud                         text54       016868
_SetMemoryLong                         text13       0162BA
_SetMemoryParity                       text52       000CB4
_SprintDate                            text38       0164AE
_Start_Timer0                          text7        00116A
_Start_Timer1                          text24       017FF8
_StartsWith                            text37       017754
_Stop_Timer0                           text5        001166
_StringAddEqual                        text36       015228
_StringContains                        text35       017984
_StringMatch                           text34       017A04
_SubLightOFF                           mediumconst  00EDF9
_SubLightON                            mediumconst  00EE09
_SyncEEPROMandGLOBAL                   text9        000BD6
_T0CONbits                             (abs)        000FD5
_T1CONbits                             (abs)        000FCD
_T2CON                                 (abs)        000FCA
_TMR0H                                 (abs)        000FD7
_TMR0L                                 (abs)        000FD6
_TMR1H                                 (abs)        000FCF
_TMR1L                                 (abs)        000FCE
_TRISAbits                             (abs)        000F92
_TRISBbits                             (abs)        000F93
_TRISCbits                             (abs)        000F94
_TRISDbits                             (abs)        000F95
_TRISEbits                             (abs)        000F96
_TXREG                                 (abs)        000FAD
_TXSTA                                 (abs)        000FAC
_TXSTAbits                             (abs)        000FAC
_TXToiletAlexBathroom                  mediumconst  00ED39
_TXToiletMyBathroom                    mediumconst  00ED45
_TX_OLD                                bssBANK0     0000F2
_TXdataBedroomCLOSED                   mediumconst  00ED51
_TXdataBedroomOPENED                   mediumconst  00ED5D
_TXdataD                               mediumconst  00EE39
_TXdataE                               mediumconst  00EE45
_TXdataF                               mediumconst  00EE51
_TXdataFrontCLOSED                     mediumconst  00ED69
_TXdataFrontOPENED                     mediumconst  00ED75
_TXdataLabCLOSED                       mediumconst  00ED81
_TXdataLabOPENED                       mediumconst  00ED8D
_Txdata                                bssBANK5     000500
_UARTchar                              text98       017874
_UARTstring                            text97       017448
_UARTstringWAIT                        text51       017DD0
_USART_Status                          bssBANK1     000115
_UseIRCode                             text119      0161BC
_Version                               dataBANK3    000394
_WriteEEPROM_1Byte                     text55       000A5E
_WriteI2C                              text81       017F20
_Zero_Config1                          text69       017AFC
_Zero_Config2                          text65       000A9E
__CFG_BBSIZ$1024                       (abs)        000000
__CFG_BOREN$BOHW                       (abs)        000000
__CFG_BORV$3                           (abs)        000000
__CFG_CP0$OFF                          (abs)        000000
__CFG_CP1$OFF                          (abs)        000000
__CFG_CP2$OFF                          (abs)        000000
__CFG_CP3$OFF                          (abs)        000000
__CFG_CP4$OFF                          (abs)        000000
__CFG_CP5$OFF                          (abs)        000000
__CFG_CPB$OFF                          (abs)        000000
__CFG_CPD$OFF                          (abs)        000000
__CFG_EBTR0$OFF                        (abs)        000000
__CFG_EBTR1$OFF                        (abs)        000000
__CFG_EBTR2$OFF                        (abs)        000000
__CFG_EBTR3$OFF                        (abs)        000000
__CFG_EBTR4$OFF                        (abs)        000000
__CFG_EBTR5$OFF                        (abs)        000000
__CFG_EBTRB$OFF                        (abs)        000000
__CFG_FCMEN$OFF                        (abs)        000000
__CFG_IESO$OFF                         (abs)        000000
__CFG_LPT1OSC$OFF                      (abs)        000000
__CFG_LVP$OFF                          (abs)        000000
__CFG_MCLRE$ON                         (abs)        000000
__CFG_OSC$HSPLL                        (abs)        000000
__CFG_PBADEN$ON                        (abs)        000000
__CFG_PWRT$ON                          (abs)        000000
__CFG_STVREN$ON                        (abs)        000000
__CFG_WDT$OFF                          (abs)        000000
__CFG_WDTPS$32768                      (abs)        000000
__CFG_WRT0$OFF                         (abs)        000000
__CFG_WRT1$OFF                         (abs)        000000
__CFG_WRT2$OFF                         (abs)        000000
__CFG_WRT3$OFF                         (abs)        000000
__CFG_WRT4$OFF                         (abs)        000000
__CFG_WRT5$OFF                         (abs)        000000
__CFG_WRTB$OFF                         (abs)        000000
__CFG_WRTC$OFF                         (abs)        000000
__CFG_WRTD$OFF                         (abs)        000000
__CFG_XINST$OFF                        (abs)        000000
__HRAM                                 (abs)        000000
__Habs1                                abs1         000000
__Hbank0                               bank0        000000
__Hbank1                               bank1        000000
__Hbank10                              bank10       000000
__Hbank11                              bank11       000000
__Hbank12                              bank12       000000
__Hbank2                               bank2        000000
__Hbank3                               bank3        000000
__Hbank4                               bank4        000000
__Hbank5                               bank5        000000
__Hbank6                               bank6        000000
__Hbank7                               bank7        000000
__Hbank8                               bank8        000000
__Hbank9                               bank9        000000
__Hbigbss                              bigbss       000000
__Hbigdata                             bigdata      000000
__Hbigram                              bigram       000000
__Hbss                                 bss          000000
__HbssBANK0                            bssBANK0     000000
__HbssBANK1                            bssBANK1     000000
__HbssBANK2                            bssBANK2     000000
__HbssBANK3                            bssBANK3     000000
__HbssBANK4                            bssBANK4     000000
__HbssBANK5                            bssBANK5     000000
__HbssCOMRAM                           bssCOMRAM    000000
__Hcinit                               cinit        000000
__Hclrtext                             clrtext      000000
__Hcomram                              comram       000000
__Hconfig                              config       30000E
__Hconst                               const        000000
__HcstackBANK0                         cstackBANK0  000000
__HcstackBANK1                         cstackBANK1  000000
__HcstackBANK2                         cstackBANK2  000000
__HcstackBANK6                         cstackBANK6  000000
__HcstackCOMRAM                        cstackCOMRAM 000000
__Hdata                                data         000000
__HdataBANK1                           dataBANK1    000000
__HdataBANK3                           dataBANK3    000000
__Heeprom_data                         eeprom_data  000000
__Hend_init                            end_init     0004EC
__Hfarbss                              farbss       000000
__Hfardata                             fardata      000000
__Hibigdata                            ibigdata     000000
__Hidata                               idata        000000
__HidataBANK1                          idataBANK1   000000
__HidataBANK3                          idataBANK3   000000
__Hidloc                               idloc        200008
__Hifardata                            ifardata     000000
__Hinit                                init         0004E8
__Hintcode                             intcode      000018
__Hintcode_body                        intcode_body 000000
__Hintcodelo                           intcodelo    0004E8
__Hintentry                            intentry     000000
__Hintret                              intret       000000
__Hintsave_regs                        intsave_regs 000000
__Hirdata                              irdata       000000
__Hmediumconst                         mediumconst  010000
__HnvFARRAM                            nvFARRAM     000000
__Hnvbit                               nvbit        000000
__Hnvrram                              nvrram       000000
__Hparam                               param1       000000
__Hparam1                              param1       000000
__Hpowerup                             powerup      0004E8
__Hram                                 ram          000000
__Hramtop                              ramtop       000D00
__Hrbit                                rbit         000000
__Hrbss                                rbss         000000
__Hrdata                               rdata        000000
__Hreset_vec                           reset_vec    000004
__Hsfr                                 sfr          000000
__Hsmallconst                          smallconst   000000
__Hspace_0                             (abs)        30000E
__Hspace_1                             (abs)        0006E2
__Hspace_2                             (abs)        000000
__Hstack                               stack        000000
__Hstruct                              struct       000000
__Htemp                                temp         000000
__Htext                                text         000000
__Htext0                               text0        000000
__Htext1                               text1        000000
__Htext10                              text10       000000
__Htext100                             text100      000000
__Htext101                             text101      000000
__Htext102                             text102      000000
__Htext103                             text103      000000
__Htext105                             text105      000000
__Htext106                             text106      000000
__Htext107                             text107      000000
__Htext108                             text108      000000
__Htext109                             text109      000000
__Htext11                              text11       000000
__Htext110                             text110      000000
__Htext111                             text111      000000
__Htext112                             text112      000000
__Htext113                             text113      000000
__Htext114                             text114      000000
__Htext115                             text115      000000
__Htext116                             text116      000000
__Htext117                             text117      000000
__Htext118                             text118      000000
__Htext119                             text119      000000
__Htext12                              text12       000000
__Htext120                             text120      000000
__Htext121                             text121      000000
__Htext122                             text122      000000
__Htext123                             text123      000000
__Htext124                             text124      000000
__Htext125                             text125      000000
__Htext126                             text126      000000
__Htext127                             text127      000000
__Htext128                             text128      000000
__Htext129                             text129      000000
__Htext13                              text13       000000
__Htext130                             text130      000000
__Htext131                             text131      000000
__Htext132                             text132      000000
__Htext133                             text133      000000
__Htext134                             text134      000000
__Htext135                             text135      000000
__Htext136                             text136      000000
__Htext137                             text137      000000
__Htext14                              text14       000000
__Htext15                              text15       000000
__Htext16                              text16       000000
__Htext17                              text17       000000
__Htext18                              text18       000000
__Htext19                              text19       000000
__Htext2                               text2        000000
__Htext20                              text20       000000
__Htext21                              text21       000000
__Htext22                              text22       000000
__Htext23                              text23       000000
__Htext24                              text24       000000
__Htext25                              text25       000000
__Htext26                              text26       000000
__Htext27                              text27       000000
__Htext28                              text28       000000
__Htext29                              text29       000000
__Htext3                               text3        000000
__Htext30                              text30       000000
__Htext31                              text31       000000
__Htext32                              text32       000000
__Htext33                              text33       000000
__Htext34                              text34       000000
__Htext35                              text35       000000
__Htext36                              text36       000000
__Htext37                              text37       000000
__Htext38                              text38       000000
__Htext39                              text39       000000
__Htext4                               text4        000000
__Htext40                              text40       000000
__Htext41                              text41       000000
__Htext42                              text42       000000
__Htext43                              text43       000000
__Htext44                              text44       000000
__Htext45                              text45       000000
__Htext46                              text46       000000
__Htext47                              text47       000000
__Htext48                              text48       000000
__Htext49                              text49       000000
__Htext5                               text5        000000
__Htext50                              text50       000000
__Htext51                              text51       000000
__Htext52                              text52       000000
__Htext53                              text53       000000
__Htext54                              text54       000000
__Htext55                              text55       000000
__Htext56                              text56       000000
__Htext57                              text57       000000
__Htext58                              text58       000000
__Htext59                              text59       000000
__Htext6                               text6        000000
__Htext60                              text60       000000
__Htext61                              text61       000000
__Htext62                              text62       000000
__Htext63                              text63       000000
__Htext64                              text64       000000
__Htext65                              text65       000000
__Htext66                              text66       000000
__Htext67                              text67       000000
__Htext68                              text68       000000
__Htext69                              text69       000000
__Htext7                               text7        000000
__Htext70                              text70       000000
__Htext71                              text71       000000
__Htext72                              text72       000000
__Htext73                              text73       000000
__Htext74                              text74       000000
__Htext75                              text75       000000
__Htext76                              text76       000000
__Htext77                              text77       000000
__Htext78                              text78       000000
__Htext79                              text79       000000
__Htext8                               text8        000000
__Htext80                              text80       000000
__Htext81                              text81       000000
__Htext82                              text82       000000
__Htext83                              text83       000000
__Htext84                              text84       000000
__Htext85                              text85       000000
__Htext86                              text86       000000
__Htext87                              text87       000000
__Htext88                              text88       000000
__Htext89                              text89       000000
__Htext9                               text9        000000
__Htext90                              text90       000000
__Htext91                              text91       000000
__Htext92                              text92       000000
__Htext93                              text93       000000
__Htext94                              text94       000000
__Htext95                              text95       000000
__Htext96                              text96       000000
__Htext97                              text97       000000
__Htext98                              text98       000000
__Htext99                              text99       000000
__LRAM                                 (abs)        000001
__Labs1                                abs1         000000
__Lbank0                               bank0        000000
__Lbank1                               bank1        000000
__Lbank10                              bank10       000000
__Lbank11                              bank11       000000
__Lbank12                              bank12       000000
__Lbank2                               bank2        000000
__Lbank3                               bank3        000000
__Lbank4                               bank4        000000
__Lbank5                               bank5        000000
__Lbank6                               bank6        000000
__Lbank7                               bank7        000000
__Lbank8                               bank8        000000
__Lbank9                               bank9        000000
__Lbigbss                              bigbss       000000
__Lbigdata                             bigdata      000000
__Lbigram                              bigram       000000
__Lbss                                 bss          000000
__LbssBANK0                            bssBANK0     000000
__LbssBANK1                            bssBANK1     000000
__LbssBANK2                            bssBANK2     000000
__LbssBANK3                            bssBANK3     000000
__LbssBANK4                            bssBANK4     000000
__LbssBANK5                            bssBANK5     000000
__LbssCOMRAM                           bssCOMRAM    000000
__Lcinit                               cinit        000000
__Lclrtext                             clrtext      000000
__Lcomram                              comram       000000
__Lconfig                              config       300000
__Lconst                               const        000000
__LcstackBANK0                         cstackBANK0  000000
__LcstackBANK1                         cstackBANK1  000000
__LcstackBANK2                         cstackBANK2  000000
__LcstackBANK6                         cstackBANK6  000000
__LcstackCOMRAM                        cstackCOMRAM 000000
__Ldata                                data         000000
__LdataBANK1                           dataBANK1    000000
__LdataBANK3                           dataBANK3    000000
__Leeprom_data                         eeprom_data  000000
__Lend_init                            end_init     0004E8
__Lfarbss                              farbss       000000
__Lfardata                             fardata      000000
__Libigdata                            ibigdata     000000
__Lidata                               idata        000000
__LidataBANK1                          idataBANK1   000000
__LidataBANK3                          idataBANK3   000000
__Lidloc                               idloc        200000
__Lifardata                            ifardata     000000
__Linit                                init         0004E8
__Lintcode                             intcode      000008
__Lintcode_body                        intcode_body 000000
__Lintcodelo                           intcodelo    000018
__Lintentry                            intentry     000000
__Lintret                              intret       000000
__Lintsave_regs                        intsave_regs 000000
__Lirdata                              irdata       000000
__Lmediumconst                         mediumconst  00ECC0
__LnvFARRAM                            nvFARRAM     000000
__Lnvbit                               nvbit        000000
__Lnvrram                              nvrram       000000
__Lparam                               param1       000000
__Lparam1                              param1       000000
__Lpowerup                             powerup      0004E8
__Lram                                 ram          000000
__Lramtop                              ramtop       000D00
__Lrbit                                rbit         000000
__Lrbss                                rbss         000000
__Lrdata                               rdata        000000
__Lreset_vec                           reset_vec    000000
__Lsfr                                 sfr          000000
__Lsmallconst                          smallconst   000000
__Lspace_0                             (abs)        000000
__Lspace_1                             (abs)        000000
__Lspace_2                             (abs)        000000
__Lstack                               stack        000000
__Lstruct                              struct       000000
__Ltemp                                temp         000000
__Ltext                                text         000000
__Ltext0                               text0        000000
__Ltext1                               text1        000000
__Ltext10                              text10       000000
__Ltext100                             text100      000000
__Ltext101                             text101      000000
__Ltext102                             text102      000000
__Ltext103                             text103      000000
__Ltext105                             text105      000000
__Ltext106                             text106      000000
__Ltext107                             text107      000000
__Ltext108                             text108      000000
__Ltext109                             text109      000000
__Ltext11                              text11       000000
__Ltext110                             text110      000000
__Ltext111                             text111      000000
__Ltext112                             text112      000000
__Ltext113                             text113      000000
__Ltext114                             text114      000000
__Ltext115                             text115      000000
__Ltext116                             text116      000000
__Ltext117                             text117      000000
__Ltext118                             text118      000000
__Ltext119                             text119      000000
__Ltext12                              text12       000000
__Ltext120                             text120      000000
__Ltext121                             text121      000000
__Ltext122                             text122      000000
__Ltext123                             text123      000000
__Ltext124                             text124      000000
__Ltext125                             text125      000000
__Ltext126                             text126      000000
__Ltext127                             text127      000000
__Ltext128                             text128      000000
__Ltext129                             text129      000000
[...]
      Locals:         8       0       0       0       0       0       0       0       0       0       0       0       0       0
      Temps:         20       0       0       0       0       0       0       0       0       0       0       0       0       0
      Totals:        32       0       0       0       0       0       0       0       0       0       0       0       0       0
Total ram usage:       32 bytes
 Hardware stack levels used:    1
 Hardware stack levels required when called:    2
 This function calls:
		i1_ReadEEPROM_1Byte
 This function is called by:
		i1_SetMemoryBaud
 This function uses a non-reentrant model


 *************** function i1_ReadEEPROM_1Byte *****************
 Defined at:
		line 54 in file "EEPROM.c"
 Parameters:    Size  Location     Type
  address         2    0[COMRAM] unsigned int 
 Auto vars:     Size  Location     Type
  ReadEEPROM_1    1    2[COMRAM] unsigned char 
 Return value:  Size  Location     Type
                  2    0[COMRAM] unsigned int 
 Registers used:
		wreg, status,2, status,0
 Tracked objects:
		On entry : 
		On exit  : 
		Unchanged: 
 Data sizes:     COMRAM   BANK0   BANK1   BANK2   BANK3   BANK4   BANK5   BANK6   BANK7   BANK8   BANK9  BANK10  BANK11  BANK12
      Params:         2       0       0       0       0       0       0       0       0       0       0       0       0       0
      Locals:         1       0       0       0       0       0       0       0       0       0       0       0       0       0
      Temps:          0       0       0       0       0       0       0       0       0       0       0       0       0       0
      Totals:         3       0       0       0       0       0       0       0       0       0       0       0       0       0
Total ram usage:        3 bytes
 Hardware stack levels used:    1
 Hardware stack levels required when called:    1
 This function calls:
		Nothing
 This function is called by:
		i1_GetMemoryBaud
		i1_GetMemoryParity
		i1_GetMemoryLong
 This function uses a non-reentrant model


 *************** function _ReadButton1 *****************
 Defined at:
		line 64 in file "Button.c"
 Parameters:    Size  Location     Type
		None
 Auto vars:     Size  Location     Type
		None
 Return value:  Size  Location     Type
                  1    wreg      unsigned char 
 Registers used:
		wreg
 Tracked objects:
		On entry : 
		On exit  : 
		Unchanged: 
 Data sizes:     COMRAM   BANK0   BANK1   BANK2   BANK3   BANK4   BANK5   BANK6   BANK7   BANK8   BANK9  BANK10  BANK11  BANK12
      Params:         0       0       0       0       0       0       0       0       0       0       0       0       0       0
      Locals:         0       0       0       0       0       0       0       0       0       0       0       0       0       0
      Temps:          0       0       0       0       0       0       0       0       0       0       0       0       0       0
      Totals:         0       0       0       0       0       0       0       0       0       0       0       0       0       0
Total ram usage:        0 bytes
 Hardware stack levels used:    1
 Hardware stack levels required when called:    1
 This function calls:
		Nothing
 This function is called by:
		_UseIRCode
 This function uses a non-reentrant model


 *************** function _Reset_Timer0 *****************
 Defined at:
		line 103 in file "Timer.c"
 Parameters:    Size  Location     Type
		None
 Auto vars:     Size  Location     Type
		None
 Return value:  Size  Location     Type
		None               void
 Registers used:
		wreg, status,2
 Tracked objects:
		On entry : 
		On exit  : 
		Unchanged: 
 Data sizes:     COMRAM   BANK0   BANK1   BANK2   BANK3   BANK4   BANK5   BANK6   BANK7   BANK8   BANK9  BANK10  BANK11  BANK12
      Params:         0       0       0       0       0       0       0       0       0       0       0       0       0       0
      Locals:         0       0       0       0       0       0       0       0       0       0       0       0       0       0
      Temps:          0       0       0       0       0       0       0       0       0       0       0       0       0       0
      Totals:         0       0       0       0       0       0       0       0       0       0       0       0       0       0
Total ram usage:        0 bytes
 Hardware stack levels used:    1
 Hardware stack levels required when called:    1
 This function calls:
		Nothing
 This function is called by:
		_low_isr
 This function uses a non-reentrant model


 *************** function _IsPrintableASCII *****************
 Defined at:
		line 413 in file "MISC.c"
 Parameters:    Size  Location     Type
  data            1    wreg     unsigned char 
 Auto vars:     Size  Location     Type
  data            1    0[COMRAM] unsigned char 
 Return value:  Size  Location     Type
                  1    wreg      unsigned char 
 Registers used:
		wreg, status,2, status,0
 Tracked objects:
		On entry : 
		On exit  : 
		Unchanged: 
 Data sizes:     COMRAM   BANK0   BANK1   BANK2   BANK3   BANK4   BANK5   BANK6   BANK7   BANK8   BANK9  BANK10  BANK11  BANK12
      Params:         0       0       0       0       0       0       0       0       0       0       0       0       0       0
      Locals:         1       0       0       0       0       0       0       0       0       0       0       0       0       0
      Temps:          0       0       0       0       0       0       0       0       0       0       0       0       0       0
      Totals:         1       0       0       0       0       0       0       0       0       0       0       0       0       0
Total ram usage:        1 bytes
 Hardware stack levels used:    1
 Hardware stack levels required when called:    1
 This function calls:
		Nothing
 This function is called by:
		_low_isr
 This function uses a non-reentrant model


 *************** function _IRrawToNEC *****************
 Defined at:
		line 113 in file "IR.c"
 Parameters:    Size  Location     Type
  Raw             2    0[COMRAM] PTR unsigned int 
		 -> IRRawCode(144), 
  NEC             2    2[COMRAM] PTR unsigned long 
		 -> IR_NEC(4), 
  Invert          1    4[COMRAM] unsigned char 
 Auto vars:     Size  Location     Type
  NECtemp         4    7[COMRAM] unsigned long 
  StartBit        1   14[COMRAM] unsigned char 
  i               1   13[COMRAM] unsigned char 
  first           1   12[COMRAM] unsigned char 
  Pause           1   11[COMRAM] unsigned char 
 Return value:  Size  Location     Type
                  1    wreg      unsigned char 
 Registers used:
		wreg, fsr2l, fsr2h, status,2, status,0, prodl, prodh
 Tracked objects:
		On entry : 
		On exit  : 
		Unchanged: 
 Data sizes:     COMRAM   BANK0   BANK1   BANK2   BANK3   BANK4   BANK5   BANK6   BANK7   BANK8   BANK9  BANK10  BANK11  BANK12
      Params:         5       0       0       0       0       0       0       0       0       0       0       0       0       0
      Locals:         8       0       0       0       0       0       0       0       0       0       0       0       0       0
      Temps:          2       0       0       0       0       0       0       0       0       0       0       0       0       0
      Totals:        15       0       0       0       0       0       0       0       0       0       0       0       0       0
Total ram usage:       15 bytes
 Hardware stack levels used:    1
 Hardware stack levels required when called:    1
 This function calls:
		Nothing
 This function is called by:
		_low_isr
 This function uses a non-reentrant model


 *************** function _high_isr *****************
 Defined at:
		line 62 in file "interrupts.c"
 Parameters:    Size  Location     Type
		None
 Auto vars:     Size  Location     Type
		None
 Return value:  Size  Location     Type
		None               void
 Registers used:
		None
 Tracked objects:
		On entry : 
		On exit  : 
		Unchanged: 
 Data sizes:     COMRAM   BANK0   BANK1   BANK2   BANK3   BANK4   BANK5   BANK6   BANK7   BANK8   BANK9  BANK10  BANK11  BANK12
      Params:         0       0       0       0       0       0       0       0       0       0       0       0       0       0
      Locals:         0       0       0       0       0       0       0       0       0       0       0       0       0       0
      Temps:          0       0      14       0       0       0       0       0       0       0       0       0       0       0
      Totals:         0       0      14       0       0       0       0       0       0       0       0       0       0       0
Total ram usage:       14 bytes
 Hardware stack levels used:    1
 This function calls:
		Nothing
 This function is called by:
		Interrupt level 2
 This function uses a non-reentrant model



MODULE INFORMATION

Module		Function		Class		Link	Load	Size
UART.c
		_OpenUSART     		CODE           	17D5A	0000	119
		_InitUART      		CODE           	156B6	0000	363
		_UARTstring    		CODE           	17448	0000	165
		_GetBaud       		CODE           	10BC	0000	19
		_UARTstringWAIT		CODE           	17DD0	0000	117
		_SetBaud       		CODE           	14BCC	0000	649
		_UARTchar      		CODE           	17874	0000	141
		_baudUSART     		CODE           	10FC	0000	15
		_ReadUSART     		CODE           	0CE8	0000	53

UART.c estimated size: 1641

Timer.c
		_Reset_Timer0  		CODE           	1146	0000	11
		_Reset_Timer1  		CODE           	1132	0000	11
		_Stop_Timer0   		CODE           	1166	0000	5
		_init_Timer0   		CODE           	1010	0000	23
		_init_Timer1   		CODE           	10CE	0000	17
		_Start_Timer0  		CODE           	116A	0000	5
		_Start_Timer1  		CODE           	17FF8	0000	9

Timer.c estimated size: 81

interrupts.c
		_high_isr      		CODE           	0008	0000	119
		_low_isr       		CODE           	0018	0000	1233

interrupts.c estimated size: 1352

C:\Program Files (x86)\Microchip\xc8\v1.34\sources\common\Umul32.c
		___lmul        		CODE           	17BF0	0000	123

C:\Program Files (x86)\Microchip\xc8\v1.34\sources\common\Umul32.c estimated size: 123

C:\Program Files (x86)\Microchip\xc8\v1.34\sources\common\float.c
		___ftpack      		CODE           	15F94	0000	289

C:\Program Files (x86)\Microchip\xc8\v1.34\sources\common\float.c estimated size: 289

I2C.c
		_Multiple_I2C_R		CODE           	068A	0000	99
		_readI2C       		CODE           	0F64	0000	35
		_Init_I2C_Maste		CODE           	08A0	0000	79
		_IdleI2C       		CODE           	10A8	0000	21
		_I2C_Read_At_Ad		CODE           	15C1A	0000	303
		_ResetI2C      		CODE           	0F1C	0000	37
		_I2C_Read_Seque		CODE           	160B4	0000	265
		_I2C_Write_At_A		CODE           	16AF2	0000	207
		_WriteI2C      		CODE           	17F20	0000	109
		_OpenI2C       		CODE           	0F40	0000	37

I2C.c estimated size: 1192

StringCommand.c
		_Command       		CODE           	10000	0000	9999

StringCommand.c estimated size: 9999

C:\Program Files (x86)\Microchip\xc8\v1.34\sources\common\lwmod.c
		___lwmod       		CODE           	17EB4	0000	109

C:\Program Files (x86)\Microchip\xc8\v1.34\sources\common\lwmod.c estimated size: 109

C:\Program Files (x86)\Microchip\xc8\v1.34\sources\common\awmod.c
		___awmod       		CODE           	16F90	0000	181

C:\Program Files (x86)\Microchip\xc8\v1.34\sources\common\awmod.c estimated size: 181

RF.c
		_One_Config1   		CODE           	17B76	0000	123
		_One_Config2   		CODE           	0ADE	0000	65
		_Send_Config1  		CODE           	16948	0000	219
		_Send_Config2  		CODE           	17900	0000	133
		_Zero_Config1  		CODE           	17AFC	0000	123
		_Zero_Config2  		CODE           	0A9E	0000	65
		_f_Config1     		CODE           	17A82	0000	123

RF.c estimated size: 851

C:\Program Files (x86)\Microchip\xc8\v1.34\sources\common\llmod.c
		___llmod       		CODE           	173A4	0000	165

C:\Program Files (x86)\Microchip\xc8\v1.34\sources\common\llmod.c estimated size: 165

C:\Program Files (x86)\Microchip\xc8\v1.34\sources\common\lbtoft.c
		___lbtoft      		CODE           	0DE2	0000	49

C:\Program Files (x86)\Microchip\xc8\v1.34\sources\common\lbtoft.c estimated size: 49

Button.c
		_ReadButton1   		CODE           	1118	0000	15

Button.c estimated size: 15

C:\Program Files (x86)\Microchip\xc8\v1.34\sources\common\ftmul.c
		___ftmul       		CODE           	1554A	0000	365

C:\Program Files (x86)\Microchip\xc8\v1.34\sources\common\ftmul.c estimated size: 365

C:\Program Files (x86)\Microchip\xc8\v1.34\sources\common\isdigit.c
		_isdigit       		CODE           	0E12	0000	47

C:\Program Files (x86)\Microchip\xc8\v1.34\sources\common\isdigit.c estimated size: 47

EEPROM.c
		_SetMemoryBaud 		CODE           	16868	0000	225
		_SetMemoryLong 		CODE           	162BA	0000	251
		_EEPROM_UNLOCK 		CODE           	1026	0000	23
		_GetMemoryParit		CODE           	0F86	0000	31
		_SetMemoryParit		CODE           	0CB4	0000	53
		_ReadEEPROM_1By		CODE           	0B9A	0000	61
		_SyncEEPROMandG		CODE           	0BD6	0000	57
		_GetEEPROM     		CODE           	0852	0000	79
		_WriteEEPROM_1B		CODE           	0A5E	0000	65
		_SetEEPROM     		CODE           	171A8	0000	177
		_GetMemoryBaud 		CODE           	15820	0000	343
		_GetMemoryLong 		CODE           	153DA	0000	369
		_GetMemoryChar 		CODE           	0EC8	0000	43

EEPROM.c estimated size: 1777

PWM.c
		_ContrastPWM_in		CODE           	1126	0000	13
		_SetFreq       		CODE           	0800	0000	83
		_SetDuty       		CODE           	17044	0000	179
		_PWM_init      		CODE           	0DB2	0000	49
		_SetContrast   		CODE           	16BC0	0000	201

PWM.c estimated size: 525

C:\Program Files (x86)\Microchip\xc8\v1.34\sources\common\lwtoft.c
		___lwtoft      		CODE           	0E9C	0000	45

C:\Program Files (x86)\Microchip\xc8\v1.34\sources\common\lwtoft.c estimated size: 45

C:\Program Files (x86)\Microchip\xc8\v1.34\sources\common\ftdiv.c
		___ftdiv       		CODE           	15AC8	0000	339

C:\Program Files (x86)\Microchip\xc8\v1.34\sources\common\ftdiv.c estimated size: 339

shared
		i1_ClearLCD    		CODE           	1052	0000	23
		i1_UARTchar    		CODE           	17CE2	0000	121
		i1_UARTstring  		CODE           	176BE	0000	151
		i1_SetEEPROM   		CODE           	174EC	0000	159
		i1_CheckSum_byt		CODE           	0988	0000	77
		i1_Start_Timer1		CODE           	1158	0000	9
		i1_cleanBuffer1		CODE           	0A1C	0000	67
		_Aux2ON        		MEDIUMCONST    	EDA9	0000	17
		_BedOFF        		MEDIUMCONST    	EDD9	0000	17
		_fanON         		MEDIUMCONST    	EE29	0000	17
		i1_ReadIRpin   		CODE           	110A	0000	15
		_dpowers       		MEDIUMCONST    	ECF1	0000	41
		_SubLightON    		MEDIUMCONST    	EE09	0000	17
		_SubLightOFF   		MEDIUMCONST    	EDF9	0000	17
		_TXdataE       		MEDIUMCONST    	EE45	0000	13
		i1_EEPROM_UNLOC		CODE           	107E	0000	23
		_TXdataBedroomO		MEDIUMCONST    	ED5D	0000	13
		i1_LCDScreenUpd		CODE           	141E8	0000	995
		_AuxOFF        		MEDIUMCONST    	EDB9	0000	17
		i1_SetMemoryPar		CODE           	0EF2	0000	43
		_TXdataBedroomC		MEDIUMCONST    	ED51	0000	13
		i1_SetMemoryBau		CODE           	170F6	0000	179
		i1_SetMemoryLon		CODE           	16E16	0000	191
		_TXToiletMyBath		MEDIUMCONST    	ED45	0000	13
		i1_SetLCDcursor		CODE           	0E40	0000	47
		i1_Reset_Timer1		CODE           	113C	0000	11
		_BedON         		MEDIUMCONST    	EDE9	0000	17
		_TXdataLabOPENE		MEDIUMCONST    	ED8D	0000	13
		i1_ReadUSART   		CODE           	0D4E	0000	51
		_TXdataLabCLOSE		MEDIUMCONST    	ED81	0000	13
		__initializatio		CODE           	1758A	0000	149
		i1_LCDPrintStri		CODE           	17E44	0000	113
		_TXdataFrontOPE		MEDIUMCONST    	ED75	0000	13
		_TXdataFrontCLO		MEDIUMCONST    	ED69	0000	13
		_octpowers     		MEDIUMCONST    	ECC1	0000	49
		i1_WriteEEPROM_		CODE           	0C46	0000	57
		_Aux2OFF       		MEDIUMCONST    	ED99	0000	17
		_TXToiletAlexBa		MEDIUMCONST    	ED39	0000	13
		_TXdataD       		MEDIUMCONST    	EE39	0000	13
		i1_LCDPrintChar		CODE           	103C	0000	23
		_AuxON         		MEDIUMCONST    	EDC9	0000	17
		_hexpowers     		MEDIUMCONST    	ED19	0000	33
		i1_SendLCDbyte 		CODE           	16C88	0000	201
		i1_BufferCopy  		CODE           	172FE	0000	167
		i1_cleanBuffer 		CODE           	0B5C	0000	63
		i1_GetMemoryPar		CODE           	1068	0000	23
		i1_delayUS     		CODE           	08EE	0000	79
		i1_ReadEEPROM_1		CODE           	0D80	0000	51
		_fanOFF        		MEDIUMCONST    	EE19	0000	17
		i1_GetMemoryBau		CODE           	16690	0000	239
		i1_GetMemoryLon		CODE           	163B4	0000	251
		i1_PulseEnableP		CODE           	0E6E	0000	47
		_TXdataF       		MEDIUMCONST    	EE51	0000	13

shared estimated size: 4061

ADC.c
		_InternalADC_Re		CODE           	0556	0000	107
		_EnableInternal		CODE           	17258	0000	167

ADC.c estimated size: 274

C:\Program Files (x86)\Microchip\xc8\v1.34\sources\common\awdiv.c
		___awdiv       		CODE           	16A22	0000	209

C:\Program Files (x86)\Microchip\xc8\v1.34\sources\common\awdiv.c estimated size: 209

MISC.c
		_IsPrintableASC		CODE           	0FF8	0000	25
		_StringContains		CODE           	17984	0000	129
		_BufferCopy    		CODE           	16ED4	0000	189
		_cleanBuffer   		CODE           	07A6	0000	91
		_cleanBuffer16b		CODE           	06EC	0000	95
		_GetEnteredNumb		CODE           	15052	0000	471
		_delayUS       		CODE           	17F8C	0000	109
		_CheckSum_byte 		CODE           	0626	0000	101
		_RemoveSpaces  		CODE           	17624	0000	155
		_ISNUMBER      		CODE           	0FA4	0000	31
		_StringAddEqual		CODE           	15228	0000	435
		_StringMatch   		CODE           	17A04	0000	127
		_StartsWith    		CODE           	17754	0000	149
		_lowercase     		CODE           	177E8	0000	141

MISC.c estimated size: 2248

IR.c
		_UseIRCode     		CODE           	161BC	0000	255
		_IRrawToNEC    		CODE           	145CA	0000	863
		_ReadIRpin     		CODE           	10EE	0000	15
		_init_IR       		CODE           	09D4	0000	73

IR.c estimated size: 1206

C:\Program Files (x86)\Microchip\xc8\v1.34\sources\common\lldiv.c
		___lldiv       		CODE           	16D50	0000	199

C:\Program Files (x86)\Microchip\xc8\v1.34\sources\common\lldiv.c estimated size: 199

C:\Program Files (x86)\Microchip\xc8\v1.34\sources\common\aldiv.c
		___aldiv       		CODE           	15D48	0000	301

C:\Program Files (x86)\Microchip\xc8\v1.34\sources\common\aldiv.c estimated size: 301

user.c
		_InitApp       		CODE           	074A	0000	93

user.c estimated size: 93

C:\Program Files (x86)\Microchip\xc8\v1.34\sources\common\doprnt.c
		_sprintf       		CODE           	1270E	0000	3231

C:\Program Files (x86)\Microchip\xc8\v1.34\sources\common\doprnt.c estimated size: 3231

C:\Program Files (x86)\Microchip\xc8\v1.34\sources\common\fttol.c
		___fttol       		CODE           	15976	0000	339

C:\Program Files (x86)\Microchip\xc8\v1.34\sources\common\fttol.c estimated size: 339

main.c
		_main          		CODE           	133AC	0000	1235

main.c estimated size: 1235

RTC.c
		_RTC_TIME_NONMi		CODE           	04EC	0000	107
		_SET_RTC_TIME  		CODE           	14928	0000	677
		_RTC_INIT      		CODE           	10DE	0000	17
		_READ_RTC_TIME 		CODE           	1677E	0000	235
		_Parse_Time    		CODE           	1387E	0000	1235
		_SprintDate    		CODE           	164AE	0000	243
		_RTC_Clock_Enab		CODE           	093C	0000	77

RTC.c estimated size: 2591

C:\Program Files (x86)\Microchip\xc8\v1.34\sources\common\Umul16.c
		___wmul        		CODE           	0C0E	0000	57

C:\Program Files (x86)\Microchip\xc8\v1.34\sources\common\Umul16.c estimated size: 57

system.c
		_ConfigureOscil		CODE           	1150	0000	9

system.c estimated size: 9

LCD.c
		_PulseEnablePin		CODE           	0D1C	0000	51
		_LCD_Scroll    		CODE           	14E54	0000	511
		_SendLCDbyte   		CODE           	165A0	0000	241
		_LCDPrintChar  		CODE           	0FC2	0000	29
		_init_LCD      		CODE           	15E74	0000	289
		_ClearLCD      		CODE           	0FDE	0000	27
		_LCDScreenUpdat		CODE           	13D50	0000	1177
		_SetLCDcursor  		CODE           	0B1E	0000	63
		_LCDPrintString		CODE           	17C6A	0000	121
		_LCDdisplayFeed		CODE           	0C7E	0000	55

LCD.c estimated size: 2564

