Microchip MPLAB XC8 Compiler V1.34 ()

Linker command line:

--edf=C:\Program Files (x86)\Microchip\xc8\v1.34\dat\en_msgs.txt -cs \
  -h+dist/xc8_pic18f4685/production\Smart_Rf_PIC.production.sym \
  --cmf=dist/xc8_pic18f4685/production\Smart_Rf_PIC.production.cmf -z \
  -Q18F4685 -oC:\Users\DWHITF~1.TDY\AppData\Local\Temp\s8q4.6 \
  -Mdist/xc8_pic18f4685/production/Smart_Rf_PIC.production.map -E1 -ver=XC8 \
  -ASTACK=05E2h-0cffh -pstack=STACK -ACODE=00h-017FFFh -ACONST=00h-017FFFh \
  -ASMALLCONST=0D00h-0DFFhx371 -AMEDIUMCONST=0D00h-0FFFFh,010D00h-017FFFh \
  -ACOMRAM=01h-05Fh -AABS1=00h-0CFFh -ABIGRAM=01h-0CFFh \
  -ARAM=060h-0FFh,0100h-01FFhx12 -ABANK0=060h-0FFh -ABANK1=0100h-01FFh \
  -ABANK2=0200h-02FFh -ABANK3=0300h-03FFh -ABANK4=0400h-04FFh \
  -ABANK5=0500h-05FFh -ABANK6=0600h-06FFh -ABANK7=0700h-07FFh \
  -ABANK8=0800h-08FFh -ABANK9=0900h-09FFh -ABANK10=0A00h-0AFFh \
  -ABANK11=0B00h-0BFFh -ABANK12=0C00h-0CFFh \
  -ASFR=0D00h-0DFFhx2,0F00h-0F5Fh,0F60h-0FFFh \
  -preset_vec=00h,intcode=08h,intcodelo=018h,powerup,init,end_init \
  -pramtop=0D00h -psmallconst=SMALLCONST -pmediumconst=MEDIUMCONST \
  -pconst=CONST -AFARRAM=00h-00h -ACONFIG=0300000h-030000Dh -pconfig=CONFIG \
  -AIDLOC=0200000h-0200007h -pidloc=IDLOC -AEEDATA=0F00000h-0F003FFh \
  -peeprom_data=EEDATA \
  -prdata=COMRAM,nvrram=COMRAM,nvbit=COMRAM,rbss=COMRAM,rbit=COMRAM \
  -pfarbss=FARRAM,fardata=FARRAM,nvFARRAM=FARRAM \
  -pintsave_regs=BIGRAM,bigbss=BIGRAM,bigdata=BIGRAM -pbss=RAM \
  -pidata=CODE,irdata=CODE,ibigdata=CODE,ifardata=CODE -pparam1=BANK1 \
  C:\Users\DWHITF~1.TDY\AppData\Local\Temp\s8q4.obj \
  dist/xc8_pic18f4685/production\Smart_Rf_PIC.production.obj 

Object code version is 3.11

Machine type is 18F4685

Call graph: (short form)




                Name                               Link     Load   Length Selector   Space Scale
C:\Users\DWHITF~1.TDY\AppData\Local\Temp\s8q4.obj
                end_init                            4BC      4BC        4        C       0
                reset_vec                             0        0        4        0       0
                idloc                            200000   200000        8   200000       0
                config                           300000   300000        E   300000       0
dist/xc8_pic18f4685/production\Smart_Rf_PIC.production.obj
                intcodelo                            18       18      4A4        C       0
                intcode                               8        8       10        4       0
                mediumconst                        ECEC     ECEC     1314     7676       0
                intcode_body                      175B0    175B0       66     8000       0
                text115                           14200    14200      35E     8000       0
                text114                           17E88    17E88       18     8000       0
                text113                           17F9C    17F9C        A     8000       0
                text112                           17F78    17F78        E     8000       0
                text111                           17890    17890       4E     8000       0
                text110                           165CA    165CA       B6     8000       0
                text109                           17AFE    17AFE       3E     8000       0
                text108                           1688C    1688C       A6     8000       0
                text107                           17D6E    17D6E       2E     8000       0
                text106                           16380    16380       C8     8000       0
                text105                           17ECC    17ECC       16     8000       0
                text104                           17F6A    17F6A        E     8000       0
                text103                           17328    17328       70     8000       0
                text102                           17F5C    17F5C        E     8000       0
                text101                           17C80    17C80       32     8000       0
                text100                           17D40    17D40       2E     8000       0
                text99                            1792A    1792A       4C     8000       0
                text98                            171C6    171C6       78     8000       0
                text97                            16B14    16B14       96     8000       0
                text96                            179BE    179BE       42     8000       0
                text94                            17F1E    17F1E       12     8000       0
                text93                            170D4    170D4       7A     8000       0
                text92                            14C88    14C88      1D6     8000       0
                text91                            17E50    17E50       1E     8000       0
                text90                            17616    17616       64     8000       0
                text89                            16D58    16D58       8C     8000       0
                text88                            169D6    169D6       A4     8000       0
                text87                            17546    17546       6A     8000       0
                text86                            17796    17796       5A     8000       0
                text85                            1650E    1650E       BC     8000       0
                text84                            14A8A    14A8A      1FE     8000       0
                text83                            17470    17470       6C     8000       0
                text82                            17C4E    17C4E       32     8000       0
                text81                            15D86    15D86       F0     8000       0
                text80                            17E6E    17E6E       1A     8000       0
                text79                            1714E    1714E       78     8000       0
                text78                            17AC0    17AC0       3E     8000       0
                text77                            17BB0    17BB0       36     8000       0
                text76                            13880    13880      4D2     8000       0
                text75                            17E10    17E10       22     8000       0
                text74                            1767A    1767A       62     8000       0
                text73                            17F0A    17F0A       14     8000       0
                text72                            17404    17404       6C     8000       0
                text71                            15B8C    15B8C      108     8000       0
                text70                            17DEC    17DEC       24     8000       0
                text69                            17842    17842       4E     8000       0
                text68                            17DC8    17DC8       24     8000       0
                text67                            15E76    15E76       EA     8000       0
                text66                            16A7A    16A7A       9A     8000       0
                text65                            161EA    161EA       CE     8000       0
                text64                            1611A    1611A       D0     8000       0
                text63                            16680    16680       B4     8000       0
                text62                            1455E    1455E      2A4     8000       0
                text61                            1705A    1705A       7A     8000       0
                text60                            16FE0    16FE0       7A     8000       0
                text59                            16F66    16F66       7A     8000       0
                text58                            16040    16040       DA     8000       0
                text57                            17A80    17A80       40     8000       0
                text56                            17A40    17A40       40     8000       0
                text55                            16DE4    16DE4       84     8000       0
                text54                            1723E    1723E       76     8000       0
                text53                            17C1A    17C1A       34     8000       0
                text52                            16448    16448       C6     8000       0
                text51                            17F4E    17F4E        E     8000       0
                text50                            15010    15010      17E     8000       0
                text49                            17B3C    17B3C       3C     8000       0
                text48                            152FA    152FA      158     8000       0
                text47                            17EB6    17EB6       16     8000       0
                text46                            17A00    17A00       40     8000       0
                text45                            15F60    15F60       E0     8000       0
                text44                            17E32    17E32       1E     8000       0
                text43                            17BE6    17BE6       34     8000       0
                text42                            172B4    172B4       74     8000       0
                text41                            16932    16932       A4     8000       0
                text40                            17B78    17B78       38     8000       0
                text39                            17D12    17D12       2E     8000       0
                text38                            1270E    1270E      C9E     8000       0
                text37                            14802    14802      288     8000       0
                text36                            15950    15950      120     8000       0
                text35                            155A4    155A4      152     8000       0
                text34                            1518E    1518E      16C     8000       0
                text33                            15452    15452      152     8000       0
                text32                            17CE2    17CE2       30     8000       0
                text31                            162B8    162B8       C8     8000       0
                text30                            16734    16734       B2     8000       0
                text29                            15C94    15C94       F2     8000       0
                text28                            16BAA    16BAA       94     8000       0
                text27                            14E5E    14E5E      1B2     8000       0
                text26                            16E68    16E68       80     8000       0
                text25                            16EE8    16EE8       7E     8000       0
                text24                            17398    17398       6C     8000       0
                text23                            17D9C    17D9C       2C     8000       0
                text22                            16CCC    16CCC       8C     8000       0
                text21                            10000    10000     270E     8000       0
                text20                            17FA6    17FA6        8     8000       0
                text19                            17F86    17F86        C     8000       0
                text18                            167E6    167E6       A6     8000       0
                text17                            1773A    1773A       5C     8000       0
                text16                            17EF6    17EF6       14     8000       0
                text15                            13D52    13D52      4AE     8000       0
                text14                            15824    15824      12C     8000       0
                text13                            177F0    177F0       52     8000       0
                text12                            17CB2    17CB2       30     8000       0
                text11                            156F6    156F6      12E     8000       0
                text10                            178DE    178DE       4C     8000       0
                text9                             174DC    174DC       6A     8000       0
                text8                             17F30    17F30       10     8000       0
                text7                             17F40    17F40        E     8000       0
                text6                             17FB2    17FB2        4     8000       0
                text5                             176DC    176DC       5E     8000       0
                text4                             17FAE    17FAE        4     8000       0
                text3                             17EA0    17EA0       16     8000       0
                text2                             17976    17976       48     8000       0
                text1                             15A70    15A70      11C     8000       0
                text0                             133AC    133AC      4D4     8000       0
                cstackCOMRAM                          1        1       27        1       1
                cstackBANK0                          60       60       79       60       1
                cstackBANK1                         16E      16E       65      100       1
                cstackBANK2                         200      200       67      200       1
                cstackBANK5                         500      500       E2      500       1
                bssBANK4                            400      400       F4      400       1
                dataBANK3                           3C8      3C8       14      300       1
                bssBANK3                            300      300       C8      300       1
                bssBANK2                            267      267       10      200       1
                dataBANK1                           1D3      1D3        A      100       1
                bssBANK1                            100      100       6E      100       1
                bssBANK0                             D9       D9       1B       60       1
                bssCOMRAM                            28       28       25        1       1
                cinit                             16C3E    16C3E       8E     8000       0
                idataBANK3                        17EE2    17EE2       14     8000       0
                idataBANK1                        17F92    17F92        A     8000       0

TOTAL           Name                               Link     Load   Length     Space
        CLASS   STACK          

        CLASS   CODE           
                end_init                            4BC      4BC        4         0
                intcodelo                            18       18      4A4         0
                intcode                               8        8       10         0
                reset_vec                             0        0        4         0
                intcode_body                      175B0    175B0       66         0
                text115                           14200    14200      35E         0
                text114                           17E88    17E88       18         0
                text113                           17F9C    17F9C        A         0
                text112                           17F78    17F78        E         0
                text111                           17890    17890       4E         0
                text110                           165CA    165CA       B6         0
                text109                           17AFE    17AFE       3E         0
                text108                           1688C    1688C       A6         0
                text107                           17D6E    17D6E       2E         0
                text106                           16380    16380       C8         0
                text105                           17ECC    17ECC       16         0
                text104                           17F6A    17F6A        E         0
                text103                           17328    17328       70         0
                text102                           17F5C    17F5C        E         0
                text101                           17C80    17C80       32         0
                text100                           17D40    17D40       2E         0
                text99                            1792A    1792A       4C         0
                text98                            171C6    171C6       78         0
                text97                            16B14    16B14       96         0
                text96                            179BE    179BE       42         0
                text94                            17F1E    17F1E       12         0
                text93                            170D4    170D4       7A         0
                text92                            14C88    14C88      1D6         0
                text91                            17E50    17E50       1E         0
                text90                            17616    17616       64         0
                text89                            16D58    16D58       8C         0
                text88                            169D6    169D6       A4         0
                text87                            17546    17546       6A         0
                text86                            17796    17796       5A         0
                text85                            1650E    1650E       BC         0
                text84                            14A8A    14A8A      1FE         0
                text83                            17470    17470       6C         0
                text82                            17C4E    17C4E       32         0
                text81                            15D86    15D86       F0         0
                text80                            17E6E    17E6E       1A         0
                text79                            1714E    1714E       78         0
                text78                            17AC0    17AC0       3E         0
                text77                            17BB0    17BB0       36         0
                text76                            13880    13880      4D2         0
                text75                            17E10    17E10       22         0
                text74                            1767A    1767A       62         0
                text73                            17F0A    17F0A       14         0
                text72                            17404    17404       6C         0
                text71                            15B8C    15B8C      108         0
                text70                            17DEC    17DEC       24         0
                text69                            17842    17842       4E         0
                text68                            17DC8    17DC8       24         0
                text67                            15E76    15E76       EA         0
                text66                            16A7A    16A7A       9A         0
                text65                            161EA    161EA       CE         0
                text64                            1611A    1611A       D0         0
                text63                            16680    16680       B4         0
                text62                            1455E    1455E      2A4         0
                text61                            1705A    1705A       7A         0
                text60                            16FE0    16FE0       7A         0
                text59                            16F66    16F66       7A         0
                text58                            16040    16040       DA         0
                text57                            17A80    17A80       40         0
                text56                            17A40    17A40       40         0
                text55                            16DE4    16DE4       84         0
                text54                            1723E    1723E       76         0
                text53                            17C1A    17C1A       34         0
                text52                            16448    16448       C6         0
                text51                            17F4E    17F4E        E         0
                text50                            15010    15010      17E         0
                text49                            17B3C    17B3C       3C         0
                text48                            152FA    152FA      158         0
                text47                            17EB6    17EB6       16         0
                text46                            17A00    17A00       40         0
                text45                            15F60    15F60       E0         0
                text44                            17E32    17E32       1E         0
                text43                            17BE6    17BE6       34         0
                text42                            172B4    172B4       74         0
                text41                            16932    16932       A4         0
                text40                            17B78    17B78       38         0
                text39                            17D12    17D12       2E         0
                text38                            1270E    1270E      C9E         0
                text37                            14802    14802      288         0
                text36                            15950    15950      120         0
                text35                            155A4    155A4      152         0
                text34                            1518E    1518E      16C         0
                text33                            15452    15452      152         0
                text32                            17CE2    17CE2       30         0
                text31                            162B8    162B8       C8         0
                text30                            16734    16734       B2         0
                text29                            15C94    15C94       F2         0
                text28                            16BAA    16BAA       94         0
                text27                            14E5E    14E5E      1B2         0
                text26                            16E68    16E68       80         0
                text25                            16EE8    16EE8       7E         0
                text24                            17398    17398       6C         0
                text23                            17D9C    17D9C       2C         0
                text22                            16CCC    16CCC       8C         0
                text21                            10000    10000     270E         0
                text20                            17FA6    17FA6        8         0
                text19                            17F86    17F86        C         0
                text18                            167E6    167E6       A6         0
                text17                            1773A    1773A       5C         0
                text16                            17EF6    17EF6       14         0
                text15                            13D52    13D52      4AE         0
                text14                            15824    15824      12C         0
                text13                            177F0    177F0       52         0
                text12                            17CB2    17CB2       30         0
                text11                            156F6    156F6      12E         0
                text10                            178DE    178DE       4C         0
                text9                             174DC    174DC       6A         0
                text8                             17F30    17F30       10         0
                text7                             17F40    17F40        E         0
                text6                             17FB2    17FB2        4         0
                text5                             176DC    176DC       5E         0
                text4                             17FAE    17FAE        4         0
                text3                             17EA0    17EA0       16         0
                text2                             17976    17976       48         0
                text1                             15A70    15A70      11C         0
                text0                             133AC    133AC      4D4         0
                cinit                             16C3E    16C3E       8E         0
                idataBANK3                        17EE2    17EE2       14         0
                idataBANK1                        17F92    17F92        A         0

        CLASS   CONST          

        CLASS   SMALLCONST     

        CLASS   MEDIUMCONST    
                mediumconst                        ECEC     ECEC     1314         0

        CLASS   COMRAM         
                cstackCOMRAM                          1        1       27         1
                bssCOMRAM                            28       28       25         1

        CLASS   ABS1           

        CLASS   BIGRAM         

        CLASS   RAM            

        CLASS   BANK0          
                cstackBANK0                          60       60       79         1
                bssBANK0                             D9       D9       1B         1

        CLASS   BANK1          
                cstackBANK1                         16E      16E       65         1
                dataBANK1                           1D3      1D3        A         1
                bssBANK1                            100      100       6E         1

        CLASS   BANK2          
                cstackBANK2                         200      200       67         1
                bssBANK2                            267      267       10         1

        CLASS   BANK3          
                dataBANK3                           3C8      3C8       14         1
                bssBANK3                            300      300       C8         1

        CLASS   BANK4          
                bssBANK4                            400      400       F4         1

        CLASS   BANK5          
                cstackBANK5                         500      500       E2         1

        CLASS   BANK6          

        CLASS   BANK7          

        CLASS   BANK8          

        CLASS   BANK9          

        CLASS   BANK10         

        CLASS   BANK11         

        CLASS   BANK12         

        CLASS   SFR            

        CLASS   FARRAM         

        CLASS   CONFIG         
                config                           300000   300000        E         0

        CLASS   IDLOC          
                idloc                            200000   200000        8         0

        CLASS   EEDATA         



SEGMENTS        Name                           Load    Length   Top    Selector   Space  Class

                reset_vec                      000000  000004  000004         0       0  CODE    
                cstackCOMRAM                   000001  00004C  00004D         1       1  COMRAM  
                intcode                        000008  000010  000018         4       0  CODE    
                intcodelo                      000018  0004A8  0004C0         C       0  CODE    
                cstackBANK0                    000060  000094  0000F4        60       1  BANK0   
                bssBANK1                       000100  0000DD  0001DD       100       1  BANK1   
                cstackBANK2                    000200  000077  000277       200       1  BANK2   
                bssBANK3                       000300  0000DC  0003DC       300       1  BANK3   
                bssBANK4                       000400  0000F4  0004F4       400       1  BANK4   
                cstackBANK5                    000500  0000E2  0005E2       500       1  BANK5   
                mediumconst                    00ECEC  001314  010000      7676       0  MEDIUMCO
                text21                         010000  007FB6  017FB6      8000       0  CODE    
                idloc                          200000  000008  200008    200000       0  IDLOC   
                config                         300000  00000E  30000E    300000       0  CONFIG  


UNUSED ADDRESS RANGES

        Name                Unused          Largest block    Delta
        BANK0            0000F4-0000FF                C
        BANK1            0001DD-0001FF               23
        BANK10           000A00-000AFF              100
        BANK11           000B00-000BFF              100
        BANK12           000C00-000CFF              100
        BANK2            000277-0002FF               89
        BANK3            0003DC-0003FF               24
        BANK4            0004F4-0004FF                C
        BANK5            0005E2-0005FF               1E
        BANK6            000600-0006FF              100
        BANK7            000700-0007FF              100
        BANK8            000800-0008FF              100
        BANK9            000900-0009FF              100
        BIGRAM           00004D-00005F               13
                         0000F4-0000FF                C
                         0001DD-0001FF               23
                         000277-0002FF               89
                         0003DC-0003FF               24
                         0004F4-0004FF                C
                         0005E2-000CFF              71E
        CODE             000004-000007                4
                         0004C0-00ECEB             E82C
                         017FB6-017FFF               4A
        COMRAM           00004D-00005F               13
        CONST            000004-000007                4
                         0004C0-00ECEB             E82C
                         017FB6-017FFF               4A
        EEDATA           F00000-F003FF              400
        MEDIUMCONST      000D00-00ECEB             DFEC
                         017FB6-017FFF               4A
        RAM              0000F4-0000FF                C
                         0001DD-0001FF               23
                         000277-0002FF               89
                         0003DC-0003FF               24
                         0004F4-0004FF                C
                         0005E2-000CFF              100
        SFR              000D00-000FFF              100
        SMALLCONST       000D00-00ECEB              100
                         017FB6-017FFF               4A
        STACK            0005E2-000CFF              71E

                                  Symbol Table

?_GetBaud                              cstackBANK1  00017C
?_GetEnteredNumber                     cstackBANK1  000188
?_GetMemoryBaud                        cstackBANK1  00017F
?_I2C_Read_At_Address                  cstackBANK1  00017E
?_InternalADC_Read                     cstackBANK1  00018B
?_ReadEEPROM_1Byte                     cstackBANK1  00017C
?___aldiv                              cstackBANK1  000182
?___awdiv                              cstackBANK1  00017C
?___awmod                              cstackBANK1  00017C
?___ftdiv                              cstackBANK1  000188
?___ftmul                              cstackBANK1  000197
?___ftpack                             cstackBANK1  00017C
?___fttol                              cstackBANK1  0001A6
?___lbtoft                             cstackBANK1  000184
?___lldiv                              cstackBANK1  00017C
?___llmod                              cstackBANK1  000189
?___lmul                               cstackBANK1  00017C
?___lwmod                              cstackBANK1  00017C
?___lwtoft                             cstackBANK1  000184
?___wmul                               cstackBANK1  00017C
?_sprintf                              cstackBANK1  000192
BufferCopy@count                       cstackBANK1  000188
BufferCopy@from                        cstackBANK1  000184
BufferCopy@i                           cstackBANK1  00018A
BufferCopy@shift                       cstackBANK1  000189
BufferCopy@to                          cstackBANK1  000186
CheckSum_byte@Odd_Even                 cstackBANK1  00017E
CheckSum_byte@Parity                   cstackBANK1  000181
CheckSum_byte@This                     cstackBANK1  00017C
CheckSum_byte@ThisTemp                 cstackBANK1  00017F
CheckSum_byte@i                        cstackBANK1  000182
Command@ADC_Value                      cstackBANK5  0005C8
Command@BAUDtemp                       cstackBANK5  0005CE
Command@Input                          cstackBANK1  0001CA
Command@PARITYtemp                     cstackBANK5  0005D4
Command@RTC_Battery_Value              cstackBANK5  0005CA
Command@RTC_Battery_Value_HIGH_decimal cstackBANK5  0005CC
Command@RTC_Battery_Value_LOW_decimal  cstackBANK5  0005D2
Command@buf                            cstackBANK5  000500
Command@channel                        cstackBANK5  0005DA
Command@contrast                       cstackBANK5  0005D8
Command@duty                           cstackBANK5  0005DC
Command@tempLONG                       cstackBANK5  0005DE
EnableInternalADC@channels             cstackBANK1  00017D
EnableInternalADC@config               cstackBANK1  00017C
GetEnteredNumber@This                  cstackBANK1  000188
GetEnteredNumber@i                     cstackBANK1  000191
GetEnteredNumber@negative              cstackBANK1  000192
GetEnteredNumber@temp                  cstackBANK1  000193
GetMemoryBaud@BaudTempH                cstackBANK1  00019B
GetMemoryBaud@BaudTempL                cstackBANK1  00019E
GetMemoryBaud@BaudTempMH               cstackBANK1  00019C
GetMemoryBaud@BaudTempML               cstackBANK1  00019D
GetMemoryBaud@baud                     cstackBANK1  000197
GetMemoryParity@Parity                 cstackBANK1  00017F
I2C_Read_At_Address@I2Caddress         cstackBANK1  000180
I2C_Read_At_Address@Register           cstackBANK1  00017E
I2C_Read_Sequential@I2Caddress         cstackBANK1  000183
I2C_Read_Sequential@Register           cstackBANK1  00017F
I2C_Read_Sequential@length             cstackBANK1  000182
I2C_Read_Sequential@rdptr              cstackBANK1  000180
I2C_Write_At_Address@I2Caddress        cstackBANK1  000182
I2C_Write_At_Address@Register          cstackBANK1  00017E
I2C_Write_At_Address@data              cstackBANK1  00017F
IRrawToNEC@Invert                      cstackCOMRAM 000005
IRrawToNEC@NEC                         cstackCOMRAM 000003
IRrawToNEC@NECtemp                     cstackCOMRAM 000008
IRrawToNEC@Pause                       cstackCOMRAM 00000C
IRrawToNEC@Raw                         cstackCOMRAM 000001
IRrawToNEC@StartBit                    cstackCOMRAM 00000F
IRrawToNEC@first                       cstackCOMRAM 00000D
IRrawToNEC@i                           cstackCOMRAM 00000E
ISNUMBER@ascii                         cstackBANK1  00017C
InitUART@Baud                          cstackBANK1  000189
InitUART@baudconfig                    cstackBANK1  000194
InitUART@config                        cstackBANK1  000195
InitUART@parity                        cstackBANK1  00018D
InitUART@spbrg                         cstackBANK1  000192
InitUART@temp                          cstackBANK1  000196
Init_I2C_Master@baud                   cstackBANK1  00017E
InternalADC_Read@channel               cstackBANK1  00018F
IsPrintableASCII@data                  cstackCOMRAM 000001
LCDPrintChar@character                 cstackBANK1  00018A
LCDPrintString@Text                    cstackBANK1  00018A
LCDPrintString@c                       cstackBANK1  00018C
LCD_Scroll@This                        cstackBANK1  00018B
LCDdisplayFeedback@Text                cstackBANK1  00018E
Multiple_I2C_Read@length               cstackBANK1  00017E
Multiple_I2C_Read@rdptr                cstackBANK1  00017C
One_Config1@pin                        cstackBANK1  000186
One_Config2@pin                        cstackBANK1  000186
OpenI2C@slew                           cstackBANK1  00017C
OpenI2C@sync_mode                      cstackBANK1  00017D
OpenUSART@config                       cstackBANK1  00017E
OpenUSART@spbrg                        cstackBANK1  00017C
Parse_Time@TempTime                    cstackBANK1  000180
Parse_Time@This                        cstackBANK1  00017C
Parse_Time@temp                        cstackBANK1  00017F
READ_RTC_TIME@Error                    cstackBANK1  00018D
READ_RTC_TIME@temp                     cstackBANK1  000186
RTC_Clock_Enable@Error                 cstackBANK1  000188
RTC_Clock_Enable@tempSeconds           cstackBANK1  000186
RTC_TIME_NONMilitary@Error             cstackBANK1  000187
RTC_TIME_NONMilitary@temphours         cstackBANK1  000189
ReadEEPROM_1Byte@GIEstatus             cstackBANK1  00017E
ReadEEPROM_1Byte@address               cstackBANK1  00017C
ReadUSART@data                         cstackBANK1  00017C
RemoveSpaces@That                      cstackBANK2  000200
RemoveSpaces@This                      cstackBANK1  00018B
RemoveSpaces@address                   cstackBANK2  000264
RemoveSpaces@i                         cstackBANK2  000266
SET_RTC_TIME@Error                     cstackBANK1  000198
SET_RTC_TIME@SetTime                   cstackBANK1  000184
SET_RTC_TIME@temp                      cstackBANK1  000191
SendLCDbyte@LSB_nibble                 cstackBANK1  000189
SendLCDbyte@MSB_nibble                 cstackBANK1  000188
SendLCDbyte@data                       cstackBANK1  000187
SendLCDbyte@isCommand                  cstackBANK1  000186
Send_Config1@data                      cstackBANK1  000187
Send_Config1@i                         cstackBANK1  00018B
Send_Config1@pin                       cstackBANK1  00018C
Send_Config2@data                      cstackBANK1  000187
Send_Config2@i                         cstackBANK1  00018C
Send_Config2@pin                       cstackBANK1  00018B
SetBaud@Baud                           cstackBANK1  0001BE
SetBaud@Parity                         cstackBANK1  0001C2
SetBaud@buf                            cstackBANK2  000200
SetBaud@status                         cstackBANK2  000232
SetContrast@Duty                       cstackBANK1  0001BC
SetContrast@LSB                        cstackBANK1  0001B9
SetContrast@MSB                        cstackBANK1  0001B8
SetContrast@temp                       cstackBANK1  0001BA
SetContrast@tempPR2                    cstackBANK1  0001B5
SetDuty@Duty                           cstackBANK1  0001B5
SetDuty@LSB                            cstackBANK1  0001BA
SetDuty@MSB                            cstackBANK1  0001B9
SetDuty@temp                           cstackBANK1  0001BB
SetDuty@tempPR2                        cstackBANK1  0001B6
SetFreq@freq                           cstackBANK1  000190
SetFreq@temp                           cstackBANK1  000192
SetLCDcursor@Col                       cstackBANK1  00018A
SetLCDcursor@Row                       cstackBANK1  00018B
SetLCDcursor@address                   cstackBANK1  00018C
SetMemoryBaud@Baud                     cstackBANK1  00019F
SetMemoryBaud@BaudTempH                cstackBANK1  0001AB
SetMemoryBaud@BaudTempL                cstackBANK1  0001AE
SetMemoryBaud@BaudTempMH               cstackBANK1  0001AC
SetMemoryBaud@BaudTempML               cstackBANK1  0001AD
SetMemoryBaud@Test                     cstackBANK1  0001A7
SetMemoryParity@Parity                 cstackBANK1  000181
SetMemoryParity@Test                   cstackBANK1  000180
SprintDate@DisplayTime                 cstackBANK1  0001C0
SprintDate@Military                    cstackBANK1  0001C9
SprintDate@ReturnBuf                   cstackBANK1  0001BE
StartsWith@That                        cstackBANK1  00017E
StartsWith@This                        cstackBANK1  00017C
StringAddEqual@Input                   cstackBANK1  00018B
StringAddEqual@firstnumber             cstackBANK2  000264
StringAddEqual@i                       cstackBANK2  000265
StringAddEqual@j                       cstackBANK2  000266
StringAddEqual@temp                    cstackBANK2  000200
StringContains@That                    cstackBANK1  00017E
StringContains@This                    cstackBANK1  00017C
StringMatch@That                       cstackBANK1  00017E
StringMatch@This                       cstackBANK1  00017C
UARTchar@NinethBit_override            cstackBANK1  000183
UARTchar@NinethBit_override_data       cstackBANK1  000184
UARTchar@data                          cstackBANK1  000186
UARTstring@data                        cstackBANK1  000187
UARTstringWAIT@data                    cstackBANK1  000187
UseIRCode@Code                         cstackCOMRAM 00000B
UseIRCode@NEC                          cstackCOMRAM 00000D
UseIRCode@i                            cstackCOMRAM 000012
WriteEEPROM_1Byte@GIEstatus            cstackBANK1  00017F
WriteEEPROM_1Byte@address              cstackBANK1  00017C
WriteEEPROM_1Byte@data                 cstackBANK1  00017E
WriteI2C@data_out                      cstackBANK1  00017D
Zero_Config1@pin                       cstackBANK1  000186
Zero_Config2@pin                       cstackBANK1  000186
_ADCON0                                (abs)        000FC2
_ADCON1                                (abs)        000FC1
_ADCON2                                (abs)        000FC0
_ADRESH                                (abs)        000FC4
_ADRESL                                (abs)        000FC3
_Aux2OFF                               mediumconst  00EDC5
_Aux2ON                                mediumconst  00EDD5
_AuxOFF                                mediumconst  00EDE5
_AuxON                                 mediumconst  00EDF5
_BAUD                                  dataBANK1    0001D3
_BAUDCON                               (abs)        000FB8
_BedOFF                                mediumconst  00EE05
_BedON                                 mediumconst  00EE15
_BlueLEDcount                          dataBANK1    0001DB
_BufferCopy                            text85       01650E
_CCP1CON                               (abs)        000FBD
_CCPR1L                                (abs)        000FBE
_CheckSum_byte                         text90       017616
_ClearLCD                              text80       017E6E
_Command                               text21       010000
_ConfigureOscillator                   text20       017FA6
_ContrastPWM_init                      text19       017F86
_ECCP1CON                              (abs)        000FBA
_ECCPR1L                               (abs)        000FBB
_EEADR                                 (abs)        000FA9
_EEADRH                                (abs)        000FAA
_EECON1bits                            (abs)        000FA6
_EECON2                                (abs)        000FA7
_EEDATA                                (abs)        000FA8
_EEPROM_UNLOCK                         text47       017EB6
_EnableInternalADC                     text18       0167E6
_GetBaud                               text94       017F1E
_GetEnteredNumber                      text92       014C88
_GetMemoryBaud                         text48       0152FA
_GetMemoryParity                       text44       017E32
_I2C_Read_At_Address                   text11       0156F6
_I2C_Read_Sequential                   text71       015B8C
_I2C_Write_At_Address                  text65       0161EA
_INTCON2bits                           (abs)        000FF1
_INTCONbits                            (abs)        000FF2
_IPR1bits                              (abs)        000F9F
_IRRawCode                             bssBANK4     000464
_IR_NEC                                bssBANK0     0000EF
_IR_New_Code                           bssBANK0     0000F3
_IRfault                               bssCOMRAM    00002C
_IRpinOLD                              bssBANK0     0000DB
_IRrawCodeNum                          bssBANK0     0000DC
_IRrawCount                            bssBANK0     0000D9
_IRrawToNEC                            text115      014200
_ISNUMBER                              text91       017E50
_IdleI2C                               text73       017F0A
_InitApp                               text17       01773A
_InitUART                              text50       015010
_Init_I2C_Master                       text69       017842
_InternalADC_Read                      text87       017546
_IsPrintableASCII                      text114      017E88
_LATA                                  (abs)        000F89
_LATC                                  (abs)        000F8B
_LATD                                  (abs)        000F8C
_LATE                                  (abs)        000F8D
_LCDPrintChar                          text16       017EF6
_LCDPrintString                        text79       01714E
_LCDScreenUpdate                       text15       013D52
_LCD_Scroll                            text84       014A8A
_LCDclearCount                         dataBANK1    0001D7
_LCDdisplayFeedback                    text77       017BB0
_LCDwait                               bssBANK1     000109
_Multiple_I2C_Read                     text74       01767A
_NEC_Stored1                           bssCOMRAM    000028
_NowTime                               bssBANK1     000100
_OSCCON                                (abs)        000FD3
_One_Config1                           text61       01705A
_One_Config2                           text57       017A80
_OpenI2C                               text70       017DEC
_OpenUSART                             text54       01723E
_PARITY                                bssBANK1     00010A
_PIE1                                  (abs)        000F9D
_PIE1bits                              (abs)        000F9D
_PIR1bits                              (abs)        000F9E
_PIR2bits                              (abs)        000FA1
_PORTB                                 (abs)        000F81
_PR2                                   (abs)        000FCB
_PWM_init                              text12       017CB2
_Parse_Time                            text76       013880
_PulseEnablePin                        text82       017C4E
_RCONbits                              (abs)        000FD0
_RCREG                                 (abs)        000FAE
_RCSTA                                 (abs)        000FAB
_RCSTAbits                             (abs)        000FAB
_READ_RTC_TIME                         text67       015E76
_RTC_Clock_Enable                      text10       0178DE
_RTC_INIT                              text8        017F30
_RTC_TIME_NONMilitary                  text9        0174DC
_ReadButton1                           text112      017F78
_ReadEEPROM_1Byte                      text49       017B3C
_ReadIRpin                             text7        017F40
_ReadUSART                             text53       017C1A
_RemoveSpaces                          text66       016A7A
_ResetI2C                              text68       017DC8
_Reset_Timer0                          text113      017F9C
_Rxdata                                bssBANK3     000364
_SET_RTC_TIME                          text62       01455E
_SPBRG                                 (abs)        000FAF
_SPBRGH                                (abs)        000FB0
_SSPADD                                (abs)        000FC8
_SSPBUF                                (abs)        000FC9
_SSPCON1                               (abs)        000FC6
_SSPCON1bits                           (abs)        000FC6
_SSPCON2                               (abs)        000FC5
_SSPCON2bits                           (abs)        000FC5
_SSPSTAT                               (abs)        000FC7
_SSPSTATbits                           (abs)        000FC7
_ScrollDisplayPosition                 bssBANK1     00010B
_ScrollFIFOCount                       bssBANK1     00010C
_Scroll_1                              bssBANK1     00010E
_Scroll_10                             bssBANK2     000267
_Scroll_2                              bssBANK1     00011E
_Scroll_3                              bssBANK1     00012E
_Scroll_4                              bssBANK1     00013E
_Scroll_5                              bssBANK1     00014E
_Scroll_6                              bssBANK1     00015E
_Scroll_7                              bssCOMRAM    00002D
_Scroll_8                              bssCOMRAM    00003D
_Scroll_9                              bssBANK0     0000DF
_SendLCDbyte                           text81       015D86
_Send_Config1                          text58       016040
_Send_Config2                          text55       016DE4
_SetBaud                               text37       014802
_SetContrast                           text31       0162B8
_SetDuty                               text30       016734
_SetFreq                               text13       0177F0
_SetLCDcursor                          text78       017AC0
_SetMemoryBaud                         text45       015F60
_SetMemoryParity                       text43       017BE6
_SprintDate                            text29       015C94
_Start_Timer0                          text6        017FB2
_StartsWith                            text28       016BAA
_Stop_Timer0                           text4        017FAE
_StringAddEqual                        text27       014E5E
_StringContains                        text26       016E68
_StringMatch                           text25       016EE8
_SubLightOFF                           mediumconst  00EE25
_SubLightON                            mediumconst  00EE35
_T0CONbits                             (abs)        000FD5
_T2CON                                 (abs)        000FCA
_TMR0H                                 (abs)        000FD7
_TMR0L                                 (abs)        000FD6
_TRISAbits                             (abs)        000F92
_TRISBbits                             (abs)        000F93
_TRISCbits                             (abs)        000F94
_TRISDbits                             (abs)        000F95
_TRISEbits                             (abs)        000F96
_TXREG                                 (abs)        000FAD
_TXSTA                                 (abs)        000FAC
_TXSTAbits                             (abs)        000FAC
_TXToiletAlexBathroom                  mediumconst  00ED65
_TXToiletMyBathroom                    mediumconst  00ED71
_TX_OLD                                bssBANK0     0000DD
_TXdataBedroomCLOSED                   mediumconst  00ED7D
_TXdataBedroomOPENED                   mediumconst  00ED89
_TXdataD                               mediumconst  00EE65
_TXdataE                               mediumconst  00EE71
_TXdataF                               mediumconst  00EE7D
_TXdataFrontCLOSED                     mediumconst  00ED95
_TXdataFrontOPENED                     mediumconst  00EDA1
_TXdataLabCLOSED                       mediumconst  00EDAD
_TXdataLabOPENED                       mediumconst  00EDB9
_Txdata                                bssBANK4     000400
_UARTchar                              text89       016D58
_UARTstring                            text88       0169D6
_UARTstringWAIT                        text42       0172B4
_USART_Status                          bssBANK1     00010D
_UseIRCode                             text110      0165CA
_Version                               dataBANK3    0003C8
_WriteEEPROM_1Byte                     text46       017A00
_WriteI2C                              text72       017404
_Zero_Config1                          text60       016FE0
_Zero_Config2                          text56       017A40
__CFG_BBSIZ$1024                       (abs)        000000
__CFG_BOREN$BOHW                       (abs)        000000
__CFG_BORV$3                           (abs)        000000
__CFG_CP0$OFF                          (abs)        000000
__CFG_CP1$OFF                          (abs)        000000
__CFG_CP2$OFF                          (abs)        000000
__CFG_CP3$OFF                          (abs)        000000
__CFG_CP4$OFF                          (abs)        000000
__CFG_CP5$OFF                          (abs)        000000
__CFG_CPB$OFF                          (abs)        000000
__CFG_CPD$OFF                          (abs)        000000
__CFG_EBTR0$OFF                        (abs)        000000
__CFG_EBTR1$OFF                        (abs)        000000
__CFG_EBTR2$OFF                        (abs)        000000
__CFG_EBTR3$OFF                        (abs)        000000
__CFG_EBTR4$OFF                        (abs)        000000
__CFG_EBTR5$OFF                        (abs)        000000
__CFG_EBTRB$OFF                        (abs)        000000
__CFG_FCMEN$OFF                        (abs)        000000
__CFG_IESO$OFF                         (abs)        000000
__CFG_LPT1OSC$OFF                      (abs)        000000
__CFG_LVP$OFF                          (abs)        000000
__CFG_MCLRE$ON                         (abs)        000000
__CFG_OSC$HSPLL                        (abs)        000000
__CFG_PBADEN$ON                        (abs)        000000
__CFG_PWRT$ON                          (abs)        000000
__CFG_STVREN$ON                        (abs)        000000
__CFG_WDT$OFF                          (abs)        000000
__CFG_WDTPS$32768                      (abs)        000000
__CFG_WRT0$OFF                         (abs)        000000
__CFG_WRT1$OFF                         (abs)        000000
__CFG_WRT2$OFF                         (abs)        000000
__CFG_WRT3$OFF                         (abs)        000000
__CFG_WRT4$OFF                         (abs)        000000
__CFG_WRT5$OFF                         (abs)        000000
__CFG_WRTB$OFF                         (abs)        000000
__CFG_WRTC$OFF                         (abs)        000000
__CFG_WRTD$OFF                         (abs)        000000
__CFG_XINST$OFF                        (abs)        000000
__HRAM                                 (abs)        000000
__Habs1                                abs1         000000
__Hbank0                               bank0        000000
__Hbank1                               bank1        000000
__Hbank10                              bank10       000000
__Hbank11                              bank11       000000
__Hbank12                              bank12       000000
__Hbank2                               bank2        000000
__Hbank3                               bank3        000000
__Hbank4                               bank4        000000
__Hbank5                               bank5        000000
__Hbank6                               bank6        000000
__Hbank7                               bank7        000000
__Hbank8                               bank8        000000
__Hbank9                               bank9        000000
__Hbigbss                              bigbss       000000
__Hbigdata                             bigdata      000000
__Hbigram                              bigram       000000
__Hbss                                 bss          000000
__HbssBANK0                            bssBANK0     000000
__HbssBANK1                            bssBANK1     000000
__HbssBANK2                            bssBANK2     000000
__HbssBANK3                            bssBANK3     000000
__HbssBANK4                            bssBANK4     000000
__HbssCOMRAM                           bssCOMRAM    000000
__Hcinit                               cinit        000000
__Hclrtext                             clrtext      000000
__Hcomram                              comram       000000
__Hconfig                              config       30000E
__Hconst                               const        000000
__HcstackBANK0                         cstackBANK0  000000
__HcstackBANK1                         cstackBANK1  000000
__HcstackBANK2                         cstackBANK2  000000
__HcstackBANK5                         cstackBANK5  000000
__HcstackCOMRAM                        cstackCOMRAM 000000
__Hdata                                data         000000
__HdataBANK1                           dataBANK1    000000
__HdataBANK3                           dataBANK3    000000
__Heeprom_data                         eeprom_data  000000
__Hend_init                            end_init     0004C0
__Hfarbss                              farbss       000000
__Hfardata                             fardata      000000
__Hibigdata                            ibigdata     000000
__Hidata                               idata        000000
__HidataBANK1                          idataBANK1   000000
__HidataBANK3                          idataBANK3   000000
__Hidloc                               idloc        200008
__Hifardata                            ifardata     000000
__Hinit                                init         0004BC
__Hintcode                             intcode      000018
__Hintcode_body                        intcode_body 000000
__Hintcodelo                           intcodelo    0004BC
__Hintentry                            intentry     000000
__Hintret                              intret       000000
__Hintsave_regs                        intsave_regs 000000
__Hirdata                              irdata       000000
__Hmediumconst                         mediumconst  010000
__HnvFARRAM                            nvFARRAM     000000
__Hnvbit                               nvbit        000000
__Hnvrram                              nvrram       000000
__Hparam                               param1       000000
__Hparam1                              param1       000000
__Hpowerup                             powerup      0004BC
__Hram                                 ram          000000
__Hramtop                              ramtop       000D00
__Hrbit                                rbit         000000
__Hrbss                                rbss         000000
__Hrdata                               rdata        000000
__Hreset_vec                           reset_vec    000004
__Hsfr                                 sfr          000000
__Hsmallconst                          smallconst   000000
__Hspace_0                             (abs)        30000E
__Hspace_1                             (abs)        0005E2
__Hspace_2                             (abs)        000000
__Hstack                               stack        000000
__Hstruct                              struct       000000
__Htemp                                temp         000000
__Htext                                text         000000
__Htext0                               text0        000000
__Htext1                               text1        000000
__Htext10                              text10       000000
__Htext100                             text100      000000
__Htext101                             text101      000000
__Htext102                             text102      000000
__Htext103                             text103      000000
__Htext104                             text104      000000
__Htext105                             text105      000000
__Htext106                             text106      000000
__Htext107                             text107      000000
__Htext108                             text108      000000
__Htext109                             text109      000000
__Htext11                              text11       000000
__Htext110                             text110      000000
__Htext111                             text111      000000
__Htext112                             text112      000000
__Htext113                             text113      000000
__Htext114                             text114      000000
__Htext115                             text115      000000
__Htext12                              text12       000000
__Htext13                              text13       000000
__Htext14                              text14       000000
__Htext15                              text15       000000
__Htext16                              text16       000000
__Htext17                              text17       000000
__Htext18                              text18       000000
__Htext19                              text19       000000
__Htext2                               text2        000000
__Htext20                              text20       000000
__Htext21                              text21       000000
__Htext22                              text22       000000
__Htext23                              text23       000000
__Htext24                              text24       000000
__Htext25                              text25       000000
__Htext26                              text26       000000
__Htext27                              text27       000000
__Htext28                              text28       000000
__Htext29                              text29       000000
__Htext3                               text3        000000
__Htext30                              text30       000000
__Htext31                              text31       000000
__Htext32                              text32       000000
__Htext33                              text33       000000
__Htext34                              text34       000000
__Htext35                              text35       000000
__Htext36                              text36       000000
__Htext37                              text37       000000
__Htext38                              text38       000000
__Htext39                              text39       000000
__Htext4                               text4        000000
__Htext40                              text40       000000
__Htext41                              text41       000000
__Htext42                              text42       000000
__Htext43                              text43       000000
__Htext44                              text44       000000
__Htext45                              text45       000000
__Htext46                              text46       000000
__Htext47                              text47       000000
__Htext48                              text48       000000
__Htext49                              text49       000000
__Htext5                               text5        000000
__Htext50                              text50       000000
__Htext51                              text51       000000
__Htext52                              text52       000000
__Htext53                              text53       000000
__Htext54                              text54       000000
__Htext55                              text55       000000
__Htext56                              text56       000000
__Htext57                              text57       000000
__Htext58                              text58       000000
__Htext59                              text59       000000
__Htext6                               text6        000000
__Htext60                              text60       000000
__Htext61                              text61       000000
__Htext62                              text62       000000
__Htext63                              text63       000000
__Htext64                              text64       000000
__Htext65                              text65       000000
__Htext66                              text66       000000
__Htext67                              text67       000000
__Htext68                              text68       000000
__Htext69                              text69       000000
__Htext7                               text7        000000
__Htext70                              text70       000000
__Htext71                              text71       000000
__Htext72                              text72       000000
__Htext73                              text73       000000
__Htext74                              text74       000000
__Htext75                              text75       000000
__Htext76                              text76       000000
__Htext77                              text77       000000
__Htext78                              text78       000000
__Htext79                              text79       000000
__Htext8                               text8        000000
__Htext80                              text80       000000
__Htext81                              text81       000000
__Htext82                              text82       000000
__Htext83                              text83       000000
__Htext84                              text84       000000
__Htext85                              text85       000000
__Htext86                              text86       000000
__Htext87                              text87       000000
__Htext88                              text88       000000
__Htext89                              text89       000000
__Htext9                               text9        000000
__Htext90                              text90       000000
__Htext91                              text91       000000
__Htext92                              text92       000000
__Htext93                              text93       000000
__Htext94                              text94       000000
__Htext96                              text96       000000
__Htext97                              text97       000000
__Htext98                              text98       000000
__Htext99                              text99       000000
__LRAM                                 (abs)        000001
__Labs1                                abs1         000000
__Lbank0                               bank0        000000
__Lbank1                               bank1        000000
__Lbank10                              bank10       000000
__Lbank11                              bank11       000000
__Lbank12                              bank12       000000
__Lbank2                               bank2        000000
__Lbank3                               bank3        000000
__Lbank4                               bank4        000000
__Lbank5                               bank5        000000
__Lbank6                               bank6        000000
__Lbank7                               bank7        000000
__Lbank8                               bank8        000000
__Lbank9                               bank9        000000
__Lbigbss                              bigbss       000000
__Lbigdata                             bigdata      000000
__Lbigram                              bigram       000000
__Lbss                                 bss          000000
__LbssBANK0                            bssBANK0     000000
__LbssBANK1                            bssBANK1     000000
__LbssBANK2                            bssBANK2     000000
__LbssBANK3                            bssBANK3     000000
__LbssBANK4                            bssBANK4     000000
__LbssCOMRAM                           bssCOMRAM    000000
__Lcinit                               cinit        000000
__Lclrtext                             clrtext      000000
__Lcomram                              comram       000000
__Lconfig                              config       300000
__Lconst                               const        000000
__LcstackBANK0                         cstackBANK0  000000
__LcstackBANK1                         cstackBANK1  000000
__LcstackBANK2                         cstackBANK2  000000
__LcstackBANK5                         cstackBANK5  000000
__LcstackCOMRAM                        cstackCOMRAM 000000
__Ldata                                data         000000
__LdataBANK1                           dataBANK1    000000
__LdataBANK3                           dataBANK3    000000
__Leeprom_data                         eeprom_data  000000
__Lend_init                            end_init     0004BC
__Lfarbss                              farbss       000000
__Lfardata                             fardata      000000
__Libigdata                            ibigdata     000000
__Lidata                               idata        000000
__LidataBANK1                          idataBANK1   000000
__LidataBANK3                          idataBANK3   000000
__Lidloc                               idloc        200000
__Lifardata                            ifardata     000000
__Linit                                init         0004BC
__Lintcode                             intcode      000008
__Lintcode_body                        intcode_body 000000
__Lintcodelo                           intcodelo    000018
__Lintentry                            intentry     000000
__Lintret                              intret       000000
__Lintsave_regs                        intsave_regs 000000
__Lirdata                              irdata       000000
__Lmediumconst                         mediumconst  00ECEC
__LnvFARRAM                            nvFARRAM     000000
__Lnvbit                               nvbit        000000
__Lnvrram                              nvrram       000000
__Lparam                               param1       000000
__Lparam1                              param1       000000
__Lpowerup                             powerup      0004BC
__Lram                                 ram          000000
__Lramtop                              ramtop       000D00
__Lrbit                                rbit         000000
__Lrbss                                rbss         000000
__Lrdata                               rdata        000000
__Lreset_vec                           reset_vec    000000
__Lsfr                                 sfr          000000
__Lsmallconst                          smallconst   000000
__Lspace_0                             (abs)        000000
__Lspace_1                             (abs)        000000
__Lspace_2                             (abs)        000000
__Lstack                               stack        000000
__Lstruct                              struct       000000
__Ltemp                                temp         000000
__Ltext                                text         000000
__Ltext0                               text0        000000
__Ltext1                               text1        000000
__Ltext10                              text10       000000
__Ltext100                             text100      000000
__Ltext101                             text101      000000
__Ltext102                             text102      000000
__Ltext103                             text103      000000
__Ltext104                             text104      000000
__Ltext105                             text105      000000
__Ltext106                             text106      000000
__Ltext107                             text107      000000
__Ltext108                             text108      000000
__Ltext109                             text109      000000
__Ltext11                              text11       000000
__Ltext110                             text110      000000
__Ltext111                             text111      000000
__Ltext112                             text112      000000
__Ltext113                             text113      000000
__Ltext114                             text114      000000
__Ltext115                             text115      000000
__Ltext12                              text12       000000
__Ltext13                              text13       000000
__Ltext14                              text14       000000
__Ltext15                              text15       000000
__Ltext16                              text16       000000
__Ltext17                              text17       000000
__Ltext18                              text18       000000
__Ltext19                              text19       000000
__Ltext2                               text2        000000
__Ltext20                              text20       000000
__Ltext21                              text21       000000
__Ltext22                              text22       000000
__Ltext23                              text23       000000
__Ltext24                              text24       000000
__Ltext25                              text25       000000
__Ltext26                              text26       000000
__Ltext27                              text27       000000
__Ltext28                              text28       000000
__Ltext29                              text29       000000
__Ltext3                               text3        000000
__Ltext30                              text30       000000
__Ltext31                              text31       000000
__Ltext32                              text32       000000
__Ltext33                              text33       000000
__Ltext34                              text34       000000
__Ltext35                              text35       000000
__Ltext36                              text36       000000
__Ltext37                              text37       000000
__Ltext38                              text38       000000
__Ltext39                              text39       000000
__Ltext4                               text4        000000
__Ltext40                              text40       000000
__Ltext41                              text41       000000
__Ltext42                              text42       000000
__Ltext43                              text43       000000
__Ltext44                              text44       000000
__Ltext45                              text45       000000
__Ltext46                              text46       000000
__Ltext47                              text47       000000
__Ltext48                              text48       000000
__Ltext49                              text49       000000
__Ltext5                               text5        000000
__Ltext50                              text50       000000
__Ltext51                              text51       000000
__Ltext52                              text52       000000
__Ltext53                              text53       000000
__Ltext54                              text54       000000
__Ltext55                              text55       000000
__Ltext56                              text56       000000
__Ltext57                              text57       000000
__Ltext58                              text58       000000
__Ltext59                              text59       000000
__Ltext6                               text6        000000
__Ltext60                              text60       000000
__Ltext61                              text61       000000
__Ltext62                              text62       000000
__Ltext63                              text63       000000
__Ltext64                              text64       000000
__Ltext65                              text65       000000
__Ltext66                              text66       000000
__Ltext67                              text67       000000
__Ltext68                              text68       000000
__Ltext69                              text69       000000
__Ltext7                               text7        000000
__Ltext70                              text70       000000
__Ltext71                              text71       000000
__Ltext72                              text72       000000
__Ltext73                              text73       000000
__Ltext74                              text74       000000
__Ltext75                              text75       000000
__Ltext76                              text76       000000
__Ltext77                              text77       000000
__Ltext78                              text78       000000
__Ltext79                              text79       000000
__Ltext8                               text8        000000
__Ltext80                              text80       000000
__Ltext81                              text81       000000
__Ltext82                              text82       000000
__Ltext83                              text83       000000
__Ltext84                              text84       000000
__Ltext85                              text85       000000
__Ltext86                              text86       000000
__Ltext87                              text87       000000
__Ltext88                              text88       000000
__Ltext89                              text89       000000
__Ltext9                               text9        000000
__Ltext90                              text90       000000
__Ltext91                              text91       000000
__Ltext92                              text92       000000
__Ltext93                              text93       000000
__Ltext94                              text94       000000
__Ltext96                              text96       000000
__Ltext97                              text97       000000
__Ltext98                              text98       000000
__Ltext99                              text99       000000
__S0                                   (abs)        30000E
__S1                                   (abs)        0005E2
__S2                                   (abs)        000000
___aldiv                               text14       015824
___aldiv@counter                       cstackBANK1  00018A
___aldiv@dividend                      cstackBANK1  000182
___aldiv@divisor                       cstackBANK1  000186
___aldiv@quotient                      cstackBANK1  00018C
___aldiv@sign                          cstackBANK1  00018B
___awdiv                               text64       01611A
___awdiv@counter                       cstackBANK1  000180
___awdiv@dividend                      cstackBANK1  00017C
___awdiv@divisor                       cstackBANK1  00017E
___awdiv@quotient                      cstackBANK1  000182
___awdiv@sign                          cstackBANK1  000181
___awmod                               text63       016680
___awmod@counter                       cstackBANK1  000180
___awmod@dividend                      cstackBANK1  00017C
___awmod@divisor                       cstackBANK1  00017E
___awmod@sign                          cstackBANK1  000181
___ftdiv                               text35       0155A4
___ftdiv@cntr                          cstackBANK1  000191
___ftdiv@exp                           cstackBANK1  000195
___ftdiv@f1                            cstackBANK1  000188
___ftdiv@f2                            cstackBANK1  00018B
___ftdiv@f3                            cstackBANK1  000192
___ftdiv@sign                          cstackBANK1  000196
___ftmul                               text34       01518E
___ftmul@cntr                          cstackBANK1  0001A4
___ftmul@exp                           cstackBANK1  0001A0
___ftmul@f1                            cstackBANK1  000197
___ftmul@f2                            cstackBANK1  00019A
___ftmul@f3_as_product                 cstackBANK1  0001A1
___ftmul@sign                          cstackBANK1  0001A5
___ftpack                              text36       015950
___ftpack@arg                          cstackBANK1  00017C
___ftpack@exp                          cstackBANK1  00017F
___ftpack@sign                         cstackBANK1  000180
___fttol                               text33       015452
___fttol@exp1                          cstackBANK1  0001B4
___fttol@f1                            cstackBANK1  0001A6
___fttol@lval                          cstackBANK1  0001B0
___fttol@sign1                         cstackBANK1  0001AF
___inthi_sp                            stack        000000
___intlo_sp                            stack        000000
___lbtoft                              text32       017CE2
[...]
 Hardware stack levels used:    1
 Hardware stack levels required when called:    1
 This function calls:
		Nothing
 This function is called by:
		_low_isr
		i1_BufferCopy
 This function uses a non-reentrant model


 *************** function _UseIRCode *****************
 Defined at:
		line 264 in file "IR.c"
 Parameters:    Size  Location     Type
  Code            2   10[COMRAM] PTR unsigned char 
		 -> IR_New_Code(1), 
  NEC             4   12[COMRAM] unsigned long 
 Auto vars:     Size  Location     Type
  buf           100    0        unsigned char [100]
  i               1   17[COMRAM] unsigned char 
 Return value:  Size  Location     Type
		None               void
 Registers used:
		wreg, fsr2l, fsr2h, status,2, status,0, cstack
 Tracked objects:
		On entry : 
		On exit  : 
		Unchanged: 
 Data sizes:     COMRAM   BANK0   BANK1   BANK2   BANK3   BANK4   BANK5   BANK6   BANK7   BANK8   BANK9  BANK10  BANK11  BANK12
      Params:         6       0       0       0       0       0       0       0       0       0       0       0       0       0
      Locals:         1       0       0       0       0       0       0       0       0       0       0       0       0       0
      Temps:          1       0       0       0       0       0       0       0       0       0       0       0       0       0
      Totals:         8       0       0       0       0       0       0       0       0       0       0       0       0       0
Total ram usage:        8 bytes
 Hardware stack levels used:    1
 Hardware stack levels required when called:    2
 This function calls:
		_ReadButton1
		i1_delayUS
 This function is called by:
		_low_isr
 This function uses a non-reentrant model


 *************** function i1_delayUS *****************
 Defined at:
		line 57 in file "MISC.c"
 Parameters:    Size  Location     Type
  US              4    0[COMRAM] long 
 Auto vars:     Size  Location     Type
  delayUS         4    5[COMRAM] long 
  delayUS         1    9[COMRAM] unsigned char 
 Return value:  Size  Location     Type
		None               void
 Registers used:
		wreg, status,2, status,0
 Tracked objects:
		On entry : 
		On exit  : 
		Unchanged: 
 Data sizes:     COMRAM   BANK0   BANK1   BANK2   BANK3   BANK4   BANK5   BANK6   BANK7   BANK8   BANK9  BANK10  BANK11  BANK12
      Params:         4       0       0       0       0       0       0       0       0       0       0       0       0       0
      Locals:         5       0       0       0       0       0       0       0       0       0       0       0       0       0
      Temps:          1       0       0       0       0       0       0       0       0       0       0       0       0       0
      Totals:        10       0       0       0       0       0       0       0       0       0       0       0       0       0
Total ram usage:       10 bytes
 Hardware stack levels used:    1
 Hardware stack levels required when called:    1
 This function calls:
		Nothing
 This function is called by:
		_UseIRCode
		i1_SendLCDbyte
		i1_PulseEnablePin
 This function uses a non-reentrant model


 *************** function _ReadButton1 *****************
 Defined at:
		line 60 in file "Button.c"
 Parameters:    Size  Location     Type
		None
 Auto vars:     Size  Location     Type
		None
 Return value:  Size  Location     Type
                  1    wreg      unsigned char 
 Registers used:
		wreg
 Tracked objects:
		On entry : 
		On exit  : 
		Unchanged: 
 Data sizes:     COMRAM   BANK0   BANK1   BANK2   BANK3   BANK4   BANK5   BANK6   BANK7   BANK8   BANK9  BANK10  BANK11  BANK12
      Params:         0       0       0       0       0       0       0       0       0       0       0       0       0       0
      Locals:         0       0       0       0       0       0       0       0       0       0       0       0       0       0
      Temps:          0       0       0       0       0       0       0       0       0       0       0       0       0       0
      Totals:         0       0       0       0       0       0       0       0       0       0       0       0       0       0
Total ram usage:        0 bytes
 Hardware stack levels used:    1
 Hardware stack levels required when called:    1
 This function calls:
		Nothing
 This function is called by:
		_UseIRCode
 This function uses a non-reentrant model


 *************** function _Reset_Timer0 *****************
 Defined at:
		line 101 in file "Timer.c"
 Parameters:    Size  Location     Type
		None
 Auto vars:     Size  Location     Type
		None
 Return value:  Size  Location     Type
		None               void
 Registers used:
		wreg, status,2
 Tracked objects:
		On entry : 
		On exit  : 
		Unchanged: 
 Data sizes:     COMRAM   BANK0   BANK1   BANK2   BANK3   BANK4   BANK5   BANK6   BANK7   BANK8   BANK9  BANK10  BANK11  BANK12
      Params:         0       0       0       0       0       0       0       0       0       0       0       0       0       0
      Locals:         0       0       0       0       0       0       0       0       0       0       0       0       0       0
      Temps:          0       0       0       0       0       0       0       0       0       0       0       0       0       0
      Totals:         0       0       0       0       0       0       0       0       0       0       0       0       0       0
Total ram usage:        0 bytes
 Hardware stack levels used:    1
 Hardware stack levels required when called:    1
 This function calls:
		Nothing
 This function is called by:
		_low_isr
 This function uses a non-reentrant model


 *************** function _IsPrintableASCII *****************
 Defined at:
		line 413 in file "MISC.c"
 Parameters:    Size  Location     Type
  data            1    wreg     unsigned char 
 Auto vars:     Size  Location     Type
  data            1    0[COMRAM] unsigned char 
 Return value:  Size  Location     Type
                  1    wreg      unsigned char 
 Registers used:
		wreg, status,2, status,0
 Tracked objects:
		On entry : 
		On exit  : 
		Unchanged: 
 Data sizes:     COMRAM   BANK0   BANK1   BANK2   BANK3   BANK4   BANK5   BANK6   BANK7   BANK8   BANK9  BANK10  BANK11  BANK12
      Params:         0       0       0       0       0       0       0       0       0       0       0       0       0       0
      Locals:         1       0       0       0       0       0       0       0       0       0       0       0       0       0
      Temps:          0       0       0       0       0       0       0       0       0       0       0       0       0       0
      Totals:         1       0       0       0       0       0       0       0       0       0       0       0       0       0
Total ram usage:        1 bytes
 Hardware stack levels used:    1
 Hardware stack levels required when called:    1
 This function calls:
		Nothing
 This function is called by:
		_low_isr
 This function uses a non-reentrant model


 *************** function _IRrawToNEC *****************
 Defined at:
		line 106 in file "IR.c"
 Parameters:    Size  Location     Type
  Raw             2    0[COMRAM] PTR unsigned int 
		 -> IRRawCode(144), 
  NEC             2    2[COMRAM] PTR unsigned long 
		 -> IR_NEC(4), 
  Invert          1    4[COMRAM] unsigned char 
 Auto vars:     Size  Location     Type
  NECtemp         4    7[COMRAM] unsigned long 
  StartBit        1   14[COMRAM] unsigned char 
  i               1   13[COMRAM] unsigned char 
  first           1   12[COMRAM] unsigned char 
  Pause           1   11[COMRAM] unsigned char 
 Return value:  Size  Location     Type
                  1    wreg      unsigned char 
 Registers used:
		wreg, fsr2l, fsr2h, status,2, status,0, prodl, prodh
 Tracked objects:
		On entry : 
		On exit  : 
		Unchanged: 
 Data sizes:     COMRAM   BANK0   BANK1   BANK2   BANK3   BANK4   BANK5   BANK6   BANK7   BANK8   BANK9  BANK10  BANK11  BANK12
      Params:         5       0       0       0       0       0       0       0       0       0       0       0       0       0
      Locals:         8       0       0       0       0       0       0       0       0       0       0       0       0       0
      Temps:          2       0       0       0       0       0       0       0       0       0       0       0       0       0
      Totals:        15       0       0       0       0       0       0       0       0       0       0       0       0       0
Total ram usage:       15 bytes
 Hardware stack levels used:    1
 Hardware stack levels required when called:    1
 This function calls:
		Nothing
 This function is called by:
		_low_isr
 This function uses a non-reentrant model


 *************** function _high_isr *****************
 Defined at:
		line 62 in file "interrupts.c"
 Parameters:    Size  Location     Type
		None
 Auto vars:     Size  Location     Type
		None
 Return value:  Size  Location     Type
		None               void
 Registers used:
		None
 Tracked objects:
		On entry : 
		On exit  : 
		Unchanged: 
 Data sizes:     COMRAM   BANK0   BANK1   BANK2   BANK3   BANK4   BANK5   BANK6   BANK7   BANK8   BANK9  BANK10  BANK11  BANK12
      Params:         0       0       0       0       0       0       0       0       0       0       0       0       0       0
      Locals:         0       0       0       0       0       0       0       0       0       0       0       0       0       0
      Temps:          0       0      14       0       0       0       0       0       0       0       0       0       0       0
      Totals:         0       0      14       0       0       0       0       0       0       0       0       0       0       0
Total ram usage:       14 bytes
 Hardware stack levels used:    1
 This function calls:
		Nothing
 This function is called by:
		Interrupt level 2
 This function uses a non-reentrant model



MODULE INFORMATION

Module		Function		Class		Link	Load	Size
UART.c
		_OpenUSART     		CODE           	1723E	0000	119
		_InitUART      		CODE           	15010	0000	383
		_UARTstring    		CODE           	169D6	0000	165
		_GetBaud       		CODE           	17F1E	0000	19
		_UARTstringWAIT		CODE           	172B4	0000	117
		_SetBaud       		CODE           	14802	0000	649
		_UARTchar      		CODE           	16D58	0000	141
		_baudUSART     		CODE           	17F4E	0000	15
		_ReadUSART     		CODE           	17C1A	0000	53

UART.c estimated size: 1661

Timer.c
		_Reset_Timer0  		CODE           	17F9C	0000	11
		_Stop_Timer0   		CODE           	17FAE	0000	5
		_init_Timer0   		CODE           	17EA0	0000	23
		_Start_Timer0  		CODE           	17FB2	0000	5

Timer.c estimated size: 44

interrupts.c
		_high_isr      		CODE           	0008	0000	119
		_low_isr       		CODE           	0018	0000	1189

interrupts.c estimated size: 1308

C:\Program Files (x86)\Microchip\xc8\v1.34\sources\common\Umul32.c
		___lmul        		CODE           	170D4	0000	123

C:\Program Files (x86)\Microchip\xc8\v1.34\sources\common\Umul32.c estimated size: 123

C:\Program Files (x86)\Microchip\xc8\v1.34\sources\common\float.c
		___ftpack      		CODE           	15950	0000	289

C:\Program Files (x86)\Microchip\xc8\v1.34\sources\common\float.c estimated size: 289

I2C.c
		_Multiple_I2C_R		CODE           	1767A	0000	99
		_readI2C       		CODE           	17E10	0000	35
		_Init_I2C_Maste		CODE           	17842	0000	79
		_IdleI2C       		CODE           	17F0A	0000	21
		_I2C_Read_At_Ad		CODE           	156F6	0000	303
		_ResetI2C      		CODE           	17DC8	0000	37
		_I2C_Read_Seque		CODE           	15B8C	0000	265
		_I2C_Write_At_A		CODE           	161EA	0000	207
		_WriteI2C      		CODE           	17404	0000	109
		_OpenI2C       		CODE           	17DEC	0000	37

I2C.c estimated size: 1192

StringCommand.c
		_Command       		CODE           	10000	0000	9999

StringCommand.c estimated size: 9999

C:\Program Files (x86)\Microchip\xc8\v1.34\sources\common\lwmod.c
		___lwmod       		CODE           	17398	0000	109

C:\Program Files (x86)\Microchip\xc8\v1.34\sources\common\lwmod.c estimated size: 109

C:\Program Files (x86)\Microchip\xc8\v1.34\sources\common\awmod.c
		___awmod       		CODE           	16680	0000	181

C:\Program Files (x86)\Microchip\xc8\v1.34\sources\common\awmod.c estimated size: 181

RF.c
		_One_Config1   		CODE           	1705A	0000	123
		_One_Config2   		CODE           	17A80	0000	65
		_Send_Config1  		CODE           	16040	0000	219
		_Send_Config2  		CODE           	16DE4	0000	133
		_Zero_Config1  		CODE           	16FE0	0000	123
		_Zero_Config2  		CODE           	17A40	0000	65
		_f_Config1     		CODE           	16F66	0000	123

RF.c estimated size: 851

C:\Program Files (x86)\Microchip\xc8\v1.34\sources\common\llmod.c
		___llmod       		CODE           	16932	0000	165

C:\Program Files (x86)\Microchip\xc8\v1.34\sources\common\llmod.c estimated size: 165

C:\Program Files (x86)\Microchip\xc8\v1.34\sources\common\lbtoft.c
		___lbtoft      		CODE           	17CE2	0000	49

C:\Program Files (x86)\Microchip\xc8\v1.34\sources\common\lbtoft.c estimated size: 49

Button.c
		_ReadButton1   		CODE           	17F78	0000	15

Button.c estimated size: 15

C:\Program Files (x86)\Microchip\xc8\v1.34\sources\common\ftmul.c
		___ftmul       		CODE           	1518E	0000	365

C:\Program Files (x86)\Microchip\xc8\v1.34\sources\common\ftmul.c estimated size: 365

C:\Program Files (x86)\Microchip\xc8\v1.34\sources\common\isdigit.c
		_isdigit       		CODE           	17D12	0000	47

C:\Program Files (x86)\Microchip\xc8\v1.34\sources\common\isdigit.c estimated size: 47

EEPROM.c
		_SetMemoryBaud 		CODE           	15F60	0000	225
		_EEPROM_UNLOCK 		CODE           	17EB6	0000	23
		_GetMemoryParit		CODE           	17E32	0000	31
		_SetMemoryParit		CODE           	17BE6	0000	53
		_ReadEEPROM_1By		CODE           	17B3C	0000	61
		_WriteEEPROM_1B		CODE           	17A00	0000	65
		_GetMemoryBaud 		CODE           	152FA	0000	345

EEPROM.c estimated size: 803

PWM.c
		_ContrastPWM_in		CODE           	17F86	0000	13
		_SetFreq       		CODE           	177F0	0000	83
		_SetDuty       		CODE           	16734	0000	179
		_PWM_init      		CODE           	17CB2	0000	49
		_SetContrast   		CODE           	162B8	0000	201

PWM.c estimated size: 525

C:\Program Files (x86)\Microchip\xc8\v1.34\sources\common\lwtoft.c
		___lwtoft      		CODE           	17D9C	0000	45

C:\Program Files (x86)\Microchip\xc8\v1.34\sources\common\lwtoft.c estimated size: 45

C:\Program Files (x86)\Microchip\xc8\v1.34\sources\common\ftdiv.c
		___ftdiv       		CODE           	155A4	0000	339

C:\Program Files (x86)\Microchip\xc8\v1.34\sources\common\ftdiv.c estimated size: 339

shared
		i1_ClearLCD    		CODE           	17ECC	0000	23
		i1_UARTchar    		CODE           	171C6	0000	121
		i1_UARTstring  		CODE           	16B14	0000	151
		i1_CheckSum_byt		CODE           	1792A	0000	77
		i1_cleanBuffer1		CODE           	179BE	0000	67
		_Aux2ON        		MEDIUMCONST    	EDD5	0000	17
		_BedOFF        		MEDIUMCONST    	EE05	0000	17
		_fanON         		MEDIUMCONST    	EE55	0000	17
		i1_ReadIRpin   		CODE           	17F5C	0000	15
		_dpowers       		MEDIUMCONST    	ED1D	0000	41
		_SubLightON    		MEDIUMCONST    	EE35	0000	17
		_SubLightOFF   		MEDIUMCONST    	EE25	0000	17
		_TXdataE       		MEDIUMCONST    	EE71	0000	13
		_TXdataBedroomO		MEDIUMCONST    	ED89	0000	13
		_AuxOFF        		MEDIUMCONST    	EDE5	0000	17
		_TXdataBedroomC		MEDIUMCONST    	ED7D	0000	13
		_TXToiletMyBath		MEDIUMCONST    	ED71	0000	13
		i1_SetLCDcursor		CODE           	17D40	0000	47
		_BedON         		MEDIUMCONST    	EE15	0000	17
		_TXdataLabOPENE		MEDIUMCONST    	EDB9	0000	13
		i1_ReadUSART   		CODE           	17C80	0000	51
		_TXdataLabCLOSE		MEDIUMCONST    	EDAD	0000	13
		__initializatio		CODE           	16C3E	0000	137
		i1_LCDPrintStri		CODE           	17328	0000	113
		_TXdataFrontOPE		MEDIUMCONST    	EDA1	0000	13
		_TXdataFrontCLO		MEDIUMCONST    	ED95	0000	13
		_octpowers     		MEDIUMCONST    	ECED	0000	49
		_Aux2OFF       		MEDIUMCONST    	EDC5	0000	17
		_TXToiletAlexBa		MEDIUMCONST    	ED65	0000	13
		_TXdataD       		MEDIUMCONST    	EE65	0000	13
		i1_LCDPrintChar		CODE           	17F6A	0000	15
		_AuxON         		MEDIUMCONST    	EDF5	0000	17
		_hexpowers     		MEDIUMCONST    	ED45	0000	33
		i1_SendLCDbyte 		CODE           	16380	0000	201
		i1_BufferCopy  		CODE           	1688C	0000	167
		i1_cleanBuffer 		CODE           	17AFE	0000	63
		i1_delayUS     		CODE           	17890	0000	79
		_fanOFF        		MEDIUMCONST    	EE45	0000	17
		i1_PulseEnableP		CODE           	17D6E	0000	47
		_TXdataF       		MEDIUMCONST    	EE7D	0000	13

shared estimated size: 1810

ADC.c
		_InternalADC_Re		CODE           	17546	0000	107
		_EnableInternal		CODE           	167E6	0000	167

ADC.c estimated size: 274

C:\Program Files (x86)\Microchip\xc8\v1.34\sources\common\awdiv.c
		___awdiv       		CODE           	1611A	0000	209

C:\Program Files (x86)\Microchip\xc8\v1.34\sources\common\awdiv.c estimated size: 209

MISC.c
		_IsPrintableASC		CODE           	17E88	0000	25
		_StringContains		CODE           	16E68	0000	129
		_BufferCopy    		CODE           	1650E	0000	189
		_cleanBuffer   		CODE           	17796	0000	91
		_cleanBuffer16b		CODE           	176DC	0000	95
		_GetEnteredNumb		CODE           	14C88	0000	471
		_delayUS       		CODE           	17470	0000	109
		_CheckSum_byte 		CODE           	17616	0000	101
		_RemoveSpaces  		CODE           	16A7A	0000	155
		_ISNUMBER      		CODE           	17E50	0000	31
		_StringAddEqual		CODE           	14E5E	0000	435
		_StringMatch   		CODE           	16EE8	0000	127
		_StartsWith    		CODE           	16BAA	0000	149
		_lowercase     		CODE           	16CCC	0000	141

MISC.c estimated size: 2248

IR.c
		_UseIRCode     		CODE           	165CA	0000	183
		_IRrawToNEC    		CODE           	14200	0000	863
		_ReadIRpin     		CODE           	17F40	0000	15
		_init_IR       		CODE           	17976	0000	73

IR.c estimated size: 1134

C:\Program Files (x86)\Microchip\xc8\v1.34\sources\common\lldiv.c
		___lldiv       		CODE           	16448	0000	199

C:\Program Files (x86)\Microchip\xc8\v1.34\sources\common\lldiv.c estimated size: 199

C:\Program Files (x86)\Microchip\xc8\v1.34\sources\common\aldiv.c
		___aldiv       		CODE           	15824	0000	301

C:\Program Files (x86)\Microchip\xc8\v1.34\sources\common\aldiv.c estimated size: 301

user.c
		_InitApp       		CODE           	1773A	0000	93

user.c estimated size: 93

C:\Program Files (x86)\Microchip\xc8\v1.34\sources\common\doprnt.c
		_sprintf       		CODE           	1270E	0000	3231

C:\Program Files (x86)\Microchip\xc8\v1.34\sources\common\doprnt.c estimated size: 3231

C:\Program Files (x86)\Microchip\xc8\v1.34\sources\common\fttol.c
		___fttol       		CODE           	15452	0000	339

C:\Program Files (x86)\Microchip\xc8\v1.34\sources\common\fttol.c estimated size: 339

main.c
		_main          		CODE           	133AC	0000	1237

main.c estimated size: 1237

RTC.c
		_RTC_TIME_NONMi		CODE           	174DC	0000	107
		_SET_RTC_TIME  		CODE           	1455E	0000	677
		_RTC_INIT      		CODE           	17F30	0000	17
		_READ_RTC_TIME 		CODE           	15E76	0000	235
		_Parse_Time    		CODE           	13880	0000	1235
		_SprintDate    		CODE           	15C94	0000	243
		_RTC_Clock_Enab		CODE           	178DE	0000	77

RTC.c estimated size: 2591

C:\Program Files (x86)\Microchip\xc8\v1.34\sources\common\Umul16.c
		___wmul        		CODE           	17B78	0000	57

C:\Program Files (x86)\Microchip\xc8\v1.34\sources\common\Umul16.c estimated size: 57

system.c
		_ConfigureOscil		CODE           	17FA6	0000	9

system.c estimated size: 9

LCD.c
		_PulseEnablePin		CODE           	17C4E	0000	51
		_LCD_Scroll    		CODE           	14A8A	0000	511
		_SendLCDbyte   		CODE           	15D86	0000	241
		_LCDPrintChar  		CODE           	17EF6	0000	21
		_init_LCD      		CODE           	15A70	0000	285
		_ClearLCD      		CODE           	17E6E	0000	27
		_LCDScreenUpdat		CODE           	13D52	0000	1199
		_SetLCDcursor  		CODE           	17AC0	0000	63
		_LCDPrintString		CODE           	1714E	0000	121
		_LCDdisplayFeed		CODE           	17BB0	0000	55

LCD.c estimated size: 2574

